[2024-03-06T12:26:35.651+0900][gc] Using G1
[2024-03-06T12:26:35.652+0900][gc,init] Version: 17.0.8+7-LTS (release)
[2024-03-06T12:26:35.652+0900][gc,init] CPUs: 8 total, 8 available
[2024-03-06T12:26:35.652+0900][gc,init] Memory: 8192M
[2024-03-06T12:26:35.652+0900][gc,init] Large Page Support: Disabled
[2024-03-06T12:26:35.652+0900][gc,init] NUMA Support: Disabled
[2024-03-06T12:26:35.652+0900][gc,init] Compressed Oops: Enabled (Zero based)
[2024-03-06T12:26:35.652+0900][gc,init] Heap Region Size: 1M
[2024-03-06T12:26:35.652+0900][gc,init] Heap Min Capacity: 1G
[2024-03-06T12:26:35.652+0900][gc,init] Heap Initial Capacity: 1G
[2024-03-06T12:26:35.652+0900][gc,init] Heap Max Capacity: 1G
[2024-03-06T12:26:35.652+0900][gc,init] Pre-touch: Disabled
[2024-03-06T12:26:35.652+0900][gc,init] Parallel Workers: 8
[2024-03-06T12:26:35.652+0900][gc,init] Concurrent Workers: 2
[2024-03-06T12:26:35.652+0900][gc,init] Concurrent Refinement Workers: 8
[2024-03-06T12:26:35.652+0900][gc,init] Periodic GC: Disabled
[2024-03-06T12:26:35.655+0900][gc,metaspace] CDS archive(s) mapped at: [0x0000007000000000-0x0000007000be0000-0x0000007000be0000), size 12451840, SharedBaseAddress: 0x0000007000000000, ArchiveRelocationMode: 1.
[2024-03-06T12:26:35.655+0900][gc,metaspace] Compressed class space mapped at: 0x0000007001000000-0x0000007041000000, reserved size: 1073741824
[2024-03-06T12:26:35.655+0900][gc,metaspace] Narrow klass base: 0x0000007000000000, Narrow klass shift: 0, Narrow klass range: 0x100000000
[2024-03-06T12:26:36.227+0900][gc,start    ] GC(0) Pause Young (Normal) (G1 Evacuation Pause)
[2024-03-06T12:26:36.227+0900][gc,task     ] GC(0) Using 8 workers of 8 for evacuation
[2024-03-06T12:26:36.231+0900][gc,phases   ] GC(0)   Pre Evacuate Collection Set: 0.1ms
[2024-03-06T12:26:36.231+0900][gc,phases   ] GC(0)   Merge Heap Roots: 0.0ms
[2024-03-06T12:26:36.231+0900][gc,phases   ] GC(0)   Evacuate Collection Set: 2.8ms
[2024-03-06T12:26:36.231+0900][gc,phases   ] GC(0)   Post Evacuate Collection Set: 0.2ms
[2024-03-06T12:26:36.231+0900][gc,phases   ] GC(0)   Other: 0.2ms
[2024-03-06T12:26:36.231+0900][gc,heap     ] GC(0) Eden regions: 51->0(44)
[2024-03-06T12:26:36.231+0900][gc,heap     ] GC(0) Survivor regions: 0->7(7)
[2024-03-06T12:26:36.231+0900][gc,heap     ] GC(0) Old regions: 0->1
[2024-03-06T12:26:36.231+0900][gc,heap     ] GC(0) Archive regions: 2->2
[2024-03-06T12:26:36.231+0900][gc,heap     ] GC(0) Humongous regions: 0->0
[2024-03-06T12:26:36.231+0900][gc,metaspace] GC(0) Metaspace: 18186K(18368K)->18186K(18368K) NonClass: 16015K(16128K)->16015K(16128K) Class: 2171K(2240K)->2171K(2240K)
[2024-03-06T12:26:36.231+0900][gc          ] GC(0) Pause Young (Normal) (G1 Evacuation Pause) 51M->8M(1024M) 3.537ms
[2024-03-06T12:26:36.231+0900][gc,cpu      ] GC(0) User=0.01s Sys=0.00s Real=0.01s
[2024-03-06T12:26:36.335+0900][gc,start    ] GC(1) Pause Young (Concurrent Start) (Metadata GC Threshold)
[2024-03-06T12:26:36.335+0900][gc,task     ] GC(1) Using 8 workers of 8 for evacuation
[2024-03-06T12:26:36.337+0900][gc,phases   ] GC(1)   Pre Evacuate Collection Set: 0.1ms
[2024-03-06T12:26:36.337+0900][gc,phases   ] GC(1)   Merge Heap Roots: 0.0ms
[2024-03-06T12:26:36.337+0900][gc,phases   ] GC(1)   Evacuate Collection Set: 1.7ms
[2024-03-06T12:26:36.337+0900][gc,phases   ] GC(1)   Post Evacuate Collection Set: 0.2ms
[2024-03-06T12:26:36.337+0900][gc,phases   ] GC(1)   Other: 0.1ms
[2024-03-06T12:26:36.337+0900][gc,heap     ] GC(1) Eden regions: 13->0(50)
[2024-03-06T12:26:36.337+0900][gc,heap     ] GC(1) Survivor regions: 7->1(7)
[2024-03-06T12:26:36.337+0900][gc,heap     ] GC(1) Old regions: 1->8
[2024-03-06T12:26:36.337+0900][gc,heap     ] GC(1) Archive regions: 2->2
[2024-03-06T12:26:36.337+0900][gc,heap     ] GC(1) Humongous regions: 0->0
[2024-03-06T12:26:36.337+0900][gc,metaspace] GC(1) Metaspace: 21310K(21504K)->21310K(21504K) NonClass: 18716K(18816K)->18716K(18816K) Class: 2593K(2688K)->2593K(2688K)
[2024-03-06T12:26:36.337+0900][gc          ] GC(1) Pause Young (Concurrent Start) (Metadata GC Threshold) 20M->9M(1024M) 2.178ms
[2024-03-06T12:26:36.337+0900][gc,cpu      ] GC(1) User=0.01s Sys=0.00s Real=0.00s
[2024-03-06T12:26:36.337+0900][gc          ] GC(2) Concurrent Mark Cycle
[2024-03-06T12:26:36.337+0900][gc,marking  ] GC(2) Concurrent Clear Claimed Marks
[2024-03-06T12:26:36.337+0900][gc,marking  ] GC(2) Concurrent Clear Claimed Marks 0.011ms
[2024-03-06T12:26:36.337+0900][gc,marking  ] GC(2) Concurrent Scan Root Regions
[2024-03-06T12:26:36.338+0900][gc,marking  ] GC(2) Concurrent Scan Root Regions 1.075ms
[2024-03-06T12:26:36.338+0900][gc,marking  ] GC(2) Concurrent Mark
[2024-03-06T12:26:36.338+0900][gc,marking  ] GC(2) Concurrent Mark From Roots
[2024-03-06T12:26:36.338+0900][gc,task     ] GC(2) Using 2 workers of 2 for marking
[2024-03-06T12:26:36.339+0900][gc,marking  ] GC(2) Concurrent Mark From Roots 0.755ms
[2024-03-06T12:26:36.339+0900][gc,marking  ] GC(2) Concurrent Preclean
[2024-03-06T12:26:36.339+0900][gc,marking  ] GC(2) Concurrent Preclean 0.014ms
[2024-03-06T12:26:36.339+0900][gc,start    ] GC(2) Pause Remark
[2024-03-06T12:26:36.340+0900][gc          ] GC(2) Pause Remark 10M->10M(1024M) 0.847ms
[2024-03-06T12:26:36.340+0900][gc,cpu      ] GC(2) User=0.00s Sys=0.00s Real=0.01s
[2024-03-06T12:26:36.340+0900][gc,marking  ] GC(2) Concurrent Mark 1.738ms
[2024-03-06T12:26:36.340+0900][gc,marking  ] GC(2) Concurrent Rebuild Remembered Sets
[2024-03-06T12:26:36.340+0900][gc,marking  ] GC(2) Concurrent Rebuild Remembered Sets 0.004ms
[2024-03-06T12:26:36.340+0900][gc,start    ] GC(2) Pause Cleanup
[2024-03-06T12:26:36.340+0900][gc          ] GC(2) Pause Cleanup 10M->10M(1024M) 0.005ms
[2024-03-06T12:26:36.340+0900][gc,cpu      ] GC(2) User=0.00s Sys=0.00s Real=0.00s
[2024-03-06T12:26:36.340+0900][gc,marking  ] GC(2) Concurrent Cleanup for Next Mark
[2024-03-06T12:26:36.341+0900][gc,marking  ] GC(2) Concurrent Cleanup for Next Mark 1.253ms
[2024-03-06T12:26:36.341+0900][gc          ] GC(2) Concurrent Mark Cycle 4.209ms
[2024-03-06T12:26:36.725+0900][gc,start    ] GC(3) Pause Young (Normal) (G1 Evacuation Pause)
[2024-03-06T12:26:36.725+0900][gc,task     ] GC(3) Using 8 workers of 8 for evacuation
[2024-03-06T12:26:36.727+0900][gc,phases   ] GC(3)   Pre Evacuate Collection Set: 0.1ms
[2024-03-06T12:26:36.727+0900][gc,phases   ] GC(3)   Merge Heap Roots: 0.0ms
[2024-03-06T12:26:36.727+0900][gc,phases   ] GC(3)   Evacuate Collection Set: 2.3ms
[2024-03-06T12:26:36.727+0900][gc,phases   ] GC(3)   Post Evacuate Collection Set: 0.3ms
[2024-03-06T12:26:36.727+0900][gc,phases   ] GC(3)   Other: 0.1ms
[2024-03-06T12:26:36.727+0900][gc,heap     ] GC(3) Eden regions: 50->0(45)
[2024-03-06T12:26:36.727+0900][gc,heap     ] GC(3) Survivor regions: 1->6(7)
[2024-03-06T12:26:36.727+0900][gc,heap     ] GC(3) Old regions: 8->8
[2024-03-06T12:26:36.727+0900][gc,heap     ] GC(3) Archive regions: 2->2
[2024-03-06T12:26:36.727+0900][gc,heap     ] GC(3) Humongous regions: 129->129
[2024-03-06T12:26:36.727+0900][gc,metaspace] GC(3) Metaspace: 29592K(29824K)->29592K(29824K) NonClass: 26207K(26368K)->26207K(26368K) Class: 3385K(3456K)->3385K(3456K)
[2024-03-06T12:26:36.727+0900][gc          ] GC(3) Pause Young (Normal) (G1 Evacuation Pause) 188M->143M(1024M) 2.861ms
[2024-03-06T12:26:36.727+0900][gc,cpu      ] GC(3) User=0.02s Sys=0.00s Real=0.00s
[2024-03-06T12:26:36.881+0900][gc,start    ] GC(4) Pause Young (Concurrent Start) (Metadata GC Threshold)
[2024-03-06T12:26:36.881+0900][gc,task     ] GC(4) Using 8 workers of 8 for evacuation
[2024-03-06T12:26:36.885+0900][gc,phases   ] GC(4)   Pre Evacuate Collection Set: 0.1ms
[2024-03-06T12:26:36.885+0900][gc,phases   ] GC(4)   Merge Heap Roots: 0.0ms
[2024-03-06T12:26:36.885+0900][gc,phases   ] GC(4)   Evacuate Collection Set: 3.1ms
[2024-03-06T12:26:36.885+0900][gc,phases   ] GC(4)   Post Evacuate Collection Set: 0.3ms
[2024-03-06T12:26:36.885+0900][gc,phases   ] GC(4)   Other: 0.1ms
[2024-03-06T12:26:36.885+0900][gc,heap     ] GC(4) Eden regions: 27->0(48)
[2024-03-06T12:26:36.885+0900][gc,heap     ] GC(4) Survivor regions: 6->3(7)
[2024-03-06T12:26:36.885+0900][gc,heap     ] GC(4) Old regions: 8->13
[2024-03-06T12:26:36.885+0900][gc,heap     ] GC(4) Archive regions: 2->2
[2024-03-06T12:26:36.885+0900][gc,heap     ] GC(4) Humongous regions: 129->129
[2024-03-06T12:26:36.885+0900][gc,metaspace] GC(4) Metaspace: 35680K(35968K)->35680K(35968K) NonClass: 31661K(31808K)->31661K(31808K) Class: 4019K(4160K)->4019K(4160K)
[2024-03-06T12:26:36.885+0900][gc          ] GC(4) Pause Young (Concurrent Start) (Metadata GC Threshold) 169M->145M(1024M) 3.698ms
[2024-03-06T12:26:36.885+0900][gc,cpu      ] GC(4) User=0.01s Sys=0.00s Real=0.00s
[2024-03-06T12:26:36.885+0900][gc          ] GC(5) Concurrent Mark Cycle
[2024-03-06T12:26:36.885+0900][gc,marking  ] GC(5) Concurrent Clear Claimed Marks
[2024-03-06T12:26:36.885+0900][gc,marking  ] GC(5) Concurrent Clear Claimed Marks 0.019ms
[2024-03-06T12:26:36.885+0900][gc,marking  ] GC(5) Concurrent Scan Root Regions
[2024-03-06T12:26:36.887+0900][gc,marking  ] GC(5) Concurrent Scan Root Regions 1.880ms
[2024-03-06T12:26:36.887+0900][gc,marking  ] GC(5) Concurrent Mark
[2024-03-06T12:26:36.887+0900][gc,marking  ] GC(5) Concurrent Mark From Roots
[2024-03-06T12:26:36.887+0900][gc,task     ] GC(5) Using 2 workers of 2 for marking
[2024-03-06T12:26:36.892+0900][gc,marking  ] GC(5) Concurrent Mark From Roots 5.440ms
[2024-03-06T12:26:36.892+0900][gc,marking  ] GC(5) Concurrent Preclean
[2024-03-06T12:26:36.892+0900][gc,marking  ] GC(5) Concurrent Preclean 0.047ms
[2024-03-06T12:26:36.893+0900][gc,start    ] GC(5) Pause Remark
[2024-03-06T12:26:36.894+0900][gc          ] GC(5) Pause Remark 146M->146M(1024M) 1.179ms
[2024-03-06T12:26:36.894+0900][gc,cpu      ] GC(5) User=0.00s Sys=0.00s Real=0.00s
[2024-03-06T12:26:36.894+0900][gc,marking  ] GC(5) Concurrent Mark 6.863ms
[2024-03-06T12:26:36.894+0900][gc,marking  ] GC(5) Concurrent Rebuild Remembered Sets
[2024-03-06T12:26:36.894+0900][gc,marking  ] GC(5) Concurrent Rebuild Remembered Sets 0.004ms
[2024-03-06T12:26:36.894+0900][gc,start    ] GC(5) Pause Cleanup
[2024-03-06T12:26:36.894+0900][gc          ] GC(5) Pause Cleanup 146M->146M(1024M) 0.009ms
[2024-03-06T12:26:36.894+0900][gc,cpu      ] GC(5) User=0.00s Sys=0.00s Real=0.00s
[2024-03-06T12:26:36.894+0900][gc,marking  ] GC(5) Concurrent Cleanup for Next Mark
[2024-03-06T12:26:36.895+0900][gc,marking  ] GC(5) Concurrent Cleanup for Next Mark 1.457ms
[2024-03-06T12:26:36.895+0900][gc          ] GC(5) Concurrent Mark Cycle 10.410ms
[2024-03-06T12:29:07.369+0900][gc,start    ] GC(6) Pause Young (Normal) (G1 Evacuation Pause)
[2024-03-06T12:29:07.370+0900][gc,task     ] GC(6) Using 8 workers of 8 for evacuation
[2024-03-06T12:29:07.396+0900][gc,mmu      ] GC(6) MMU target violated: 21.0ms (20.0ms/21.0ms)
[2024-03-06T12:29:07.396+0900][gc,phases   ] GC(6)   Pre Evacuate Collection Set: 0.6ms
[2024-03-06T12:29:07.396+0900][gc,phases   ] GC(6)   Merge Heap Roots: 0.1ms
[2024-03-06T12:29:07.396+0900][gc,phases   ] GC(6)   Evacuate Collection Set: 24.1ms
[2024-03-06T12:29:07.396+0900][gc,phases   ] GC(6)   Post Evacuate Collection Set: 0.5ms
[2024-03-06T12:29:07.396+0900][gc,phases   ] GC(6)   Other: 1.4ms
[2024-03-06T12:29:07.396+0900][gc,heap     ] GC(6) Eden regions: 48->0(45)
[2024-03-06T12:29:07.396+0900][gc,heap     ] GC(6) Survivor regions: 3->6(7)
[2024-03-06T12:29:07.396+0900][gc,heap     ] GC(6) Old regions: 13->13
[2024-03-06T12:29:07.396+0900][gc,heap     ] GC(6) Archive regions: 2->2
[2024-03-06T12:29:07.396+0900][gc,heap     ] GC(6) Humongous regions: 135->129
[2024-03-06T12:29:07.396+0900][gc,metaspace] GC(6) Metaspace: 40952K(41536K)->40952K(41536K) NonClass: 36051K(36416K)->36051K(36416K) Class: 4901K(5120K)->4901K(5120K)
[2024-03-06T12:29:07.396+0900][gc          ] GC(6) Pause Young (Normal) (G1 Evacuation Pause) 199M->148M(1024M) 26.596ms
[2024-03-06T12:29:07.396+0900][gc,cpu      ] GC(6) User=0.03s Sys=0.05s Real=0.03s
[2024-03-06T12:32:36.741+0900][gc,start    ] GC(7) Pause Young (Normal) (G1 Evacuation Pause)
[2024-03-06T12:32:36.743+0900][gc,task     ] GC(7) Using 8 workers of 8 for evacuation
[2024-03-06T12:32:36.754+0900][gc,phases   ] GC(7)   Pre Evacuate Collection Set: 0.5ms
[2024-03-06T12:32:36.754+0900][gc,phases   ] GC(7)   Merge Heap Roots: 0.2ms
[2024-03-06T12:32:36.754+0900][gc,phases   ] GC(7)   Evacuate Collection Set: 10.1ms
[2024-03-06T12:32:36.754+0900][gc,phases   ] GC(7)   Post Evacuate Collection Set: 0.6ms
[2024-03-06T12:32:36.754+0900][gc,phases   ] GC(7)   Other: 1.4ms
[2024-03-06T12:32:36.754+0900][gc,heap     ] GC(7) Eden regions: 45->0(46)
[2024-03-06T12:32:36.754+0900][gc,heap     ] GC(7) Survivor regions: 6->5(7)
[2024-03-06T12:32:36.754+0900][gc,heap     ] GC(7) Old regions: 13->16
[2024-03-06T12:32:36.754+0900][gc,heap     ] GC(7) Archive regions: 2->2
[2024-03-06T12:32:36.754+0900][gc,heap     ] GC(7) Humongous regions: 129->129
[2024-03-06T12:32:36.754+0900][gc,metaspace] GC(7) Metaspace: 41452K(42048K)->41452K(42048K) NonClass: 36528K(36864K)->36528K(36864K) Class: 4923K(5184K)->4923K(5184K)
[2024-03-06T12:32:36.754+0900][gc          ] GC(7) Pause Young (Normal) (G1 Evacuation Pause) 193M->149M(1024M) 12.828ms
[2024-03-06T12:32:36.754+0900][gc,cpu      ] GC(7) User=0.03s Sys=0.03s Real=0.01s
[2024-03-06T12:37:28.368+0900][gc,start    ] GC(8) Pause Young (Normal) (G1 Evacuation Pause)
[2024-03-06T12:37:28.371+0900][gc,task     ] GC(8) Using 8 workers of 8 for evacuation
[2024-03-06T12:37:28.385+0900][gc,phases   ] GC(8)   Pre Evacuate Collection Set: 0.5ms
[2024-03-06T12:37:28.385+0900][gc,phases   ] GC(8)   Merge Heap Roots: 0.1ms
[2024-03-06T12:37:28.385+0900][gc,phases   ] GC(8)   Evacuate Collection Set: 11.8ms
[2024-03-06T12:37:28.385+0900][gc,phases   ] GC(8)   Post Evacuate Collection Set: 0.7ms
[2024-03-06T12:37:28.385+0900][gc,phases   ] GC(8)   Other: 4.0ms
[2024-03-06T12:37:28.385+0900][gc,heap     ] GC(8) Eden regions: 46->0(48)
[2024-03-06T12:37:28.385+0900][gc,heap     ] GC(8) Survivor regions: 5->3(7)
[2024-03-06T12:37:28.385+0900][gc,heap     ] GC(8) Old regions: 16->18
[2024-03-06T12:37:28.385+0900][gc,heap     ] GC(8) Archive regions: 2->2
[2024-03-06T12:37:28.385+0900][gc,heap     ] GC(8) Humongous regions: 129->129
[2024-03-06T12:37:28.385+0900][gc,metaspace] GC(8) Metaspace: 41728K(42304K)->41728K(42304K) NonClass: 36790K(37120K)->36790K(37120K) Class: 4937K(5184K)->4937K(5184K)
[2024-03-06T12:37:28.385+0900][gc          ] GC(8) Pause Young (Normal) (G1 Evacuation Pause) 195M->149M(1024M) 17.429ms
[2024-03-06T12:37:28.385+0900][gc,cpu      ] GC(8) User=0.02s Sys=0.01s Real=0.02s
[2024-03-06T12:40:56.264+0900][gc,start    ] GC(9) Pause Young (Normal) (G1 Evacuation Pause)
[2024-03-06T12:40:56.265+0900][gc,task     ] GC(9) Using 8 workers of 8 for evacuation
[2024-03-06T12:40:56.275+0900][gc,phases   ] GC(9)   Pre Evacuate Collection Set: 0.4ms
[2024-03-06T12:40:56.275+0900][gc,phases   ] GC(9)   Merge Heap Roots: 0.1ms
[2024-03-06T12:40:56.275+0900][gc,phases   ] GC(9)   Evacuate Collection Set: 9.3ms
[2024-03-06T12:40:56.275+0900][gc,phases   ] GC(9)   Post Evacuate Collection Set: 0.6ms
[2024-03-06T12:40:56.275+0900][gc,phases   ] GC(9)   Other: 0.6ms
[2024-03-06T12:40:56.275+0900][gc,heap     ] GC(9) Eden regions: 48->0(46)
[2024-03-06T12:40:56.275+0900][gc,heap     ] GC(9) Survivor regions: 3->5(7)
[2024-03-06T12:40:56.275+0900][gc,heap     ] GC(9) Old regions: 18->18
[2024-03-06T12:40:56.275+0900][gc,heap     ] GC(9) Archive regions: 2->2
[2024-03-06T12:40:56.275+0900][gc,heap     ] GC(9) Humongous regions: 129->129
[2024-03-06T12:40:56.275+0900][gc,metaspace] GC(9) Metaspace: 41746K(42304K)->41746K(42304K) NonClass: 36808K(37120K)->36808K(37120K) Class: 4937K(5184K)->4937K(5184K)
[2024-03-06T12:40:56.275+0900][gc          ] GC(9) Pause Young (Normal) (G1 Evacuation Pause) 197M->151M(1024M) 11.247ms
[2024-03-06T12:40:56.275+0900][gc,cpu      ] GC(9) User=0.02s Sys=0.00s Real=0.01s
[2024-03-06T12:44:15.575+0900][gc,start    ] GC(10) Pause Young (Normal) (G1 Evacuation Pause)
[2024-03-06T12:44:15.576+0900][gc,task     ] GC(10) Using 8 workers of 8 for evacuation
[2024-03-06T12:44:15.597+0900][gc,mmu      ] GC(10) MMU target violated: 21.0ms (20.0ms/21.0ms)
[2024-03-06T12:44:15.598+0900][gc,phases   ] GC(10)   Pre Evacuate Collection Set: 0.6ms
[2024-03-06T12:44:15.598+0900][gc,phases   ] GC(10)   Merge Heap Roots: 0.4ms
[2024-03-06T12:44:15.598+0900][gc,phases   ] GC(10)   Evacuate Collection Set: 18.1ms
[2024-03-06T12:44:15.598+0900][gc,phases   ] GC(10)   Post Evacuate Collection Set: 2.3ms
[2024-03-06T12:44:15.598+0900][gc,phases   ] GC(10)   Other: 2.3ms
[2024-03-06T12:44:15.598+0900][gc,heap     ] GC(10) Eden regions: 46->0(45)
[2024-03-06T12:44:15.598+0900][gc,heap     ] GC(10) Survivor regions: 5->6(7)
[2024-03-06T12:44:15.598+0900][gc,heap     ] GC(10) Old regions: 18->19
[2024-03-06T12:44:15.598+0900][gc,heap     ] GC(10) Archive regions: 2->2
[2024-03-06T12:44:15.598+0900][gc,heap     ] GC(10) Humongous regions: 129->129
[2024-03-06T12:44:15.598+0900][gc,metaspace] GC(10) Metaspace: 41783K(42304K)->41783K(42304K) NonClass: 36845K(37120K)->36845K(37120K) Class: 4937K(5184K)->4937K(5184K)
[2024-03-06T12:44:15.599+0900][gc          ] GC(10) Pause Young (Normal) (G1 Evacuation Pause) 197M->153M(1024M) 23.940ms
[2024-03-06T12:44:15.599+0900][gc,cpu      ] GC(10) User=0.02s Sys=0.02s Real=0.02s
[2024-03-06T12:47:19.815+0900][gc,start    ] GC(11) Pause Young (Normal) (G1 Evacuation Pause)
[2024-03-06T12:47:19.816+0900][gc,task     ] GC(11) Using 8 workers of 8 for evacuation
[2024-03-06T12:47:19.837+0900][gc,mmu      ] GC(11) MMU target violated: 20.1ms (20.0ms/21.0ms)
[2024-03-06T12:47:19.837+0900][gc,phases   ] GC(11)   Pre Evacuate Collection Set: 0.5ms
[2024-03-06T12:47:19.837+0900][gc,phases   ] GC(11)   Merge Heap Roots: 0.4ms
[2024-03-06T12:47:19.837+0900][gc,phases   ] GC(11)   Evacuate Collection Set: 18.7ms
[2024-03-06T12:47:19.837+0900][gc,phases   ] GC(11)   Post Evacuate Collection Set: 0.5ms
[2024-03-06T12:47:19.837+0900][gc,phases   ] GC(11)   Other: 1.5ms
[2024-03-06T12:47:19.837+0900][gc,heap     ] GC(11) Eden regions: 45->0(45)
[2024-03-06T12:47:19.837+0900][gc,heap     ] GC(11) Survivor regions: 6->6(7)
[2024-03-06T12:47:19.837+0900][gc,heap     ] GC(11) Old regions: 19->21
[2024-03-06T12:47:19.837+0900][gc,heap     ] GC(11) Archive regions: 2->2
[2024-03-06T12:47:19.837+0900][gc,heap     ] GC(11) Humongous regions: 129->129
[2024-03-06T12:47:19.837+0900][gc,metaspace] GC(11) Metaspace: 42106K(42688K)->42106K(42688K) NonClass: 37093K(37440K)->37093K(37440K) Class: 5013K(5248K)->5013K(5248K)
[2024-03-06T12:47:19.837+0900][gc          ] GC(11) Pause Young (Normal) (G1 Evacuation Pause) 198M->156M(1024M) 21.846ms
[2024-03-06T12:47:19.837+0900][gc,cpu      ] GC(11) User=0.03s Sys=0.02s Real=0.02s
[2024-03-06T12:50:25.678+0900][gc,start    ] GC(12) Pause Young (Normal) (G1 Evacuation Pause)
[2024-03-06T12:50:25.679+0900][gc,task     ] GC(12) Using 8 workers of 8 for evacuation
[2024-03-06T12:50:25.717+0900][gc,mmu      ] GC(12) MMU target violated: 21.0ms (20.0ms/21.0ms)
[2024-03-06T12:50:25.717+0900][gc,phases   ] GC(12)   Pre Evacuate Collection Set: 0.9ms
[2024-03-06T12:50:25.717+0900][gc,phases   ] GC(12)   Merge Heap Roots: 0.4ms
[2024-03-06T12:50:25.717+0900][gc,phases   ] GC(12)   Evacuate Collection Set: 32.9ms
[2024-03-06T12:50:25.717+0900][gc,phases   ] GC(12)   Post Evacuate Collection Set: 2.7ms
[2024-03-06T12:50:25.717+0900][gc,phases   ] GC(12)   Other: 2.0ms
[2024-03-06T12:50:25.717+0900][gc,heap     ] GC(12) Eden regions: 45->0(46)
[2024-03-06T12:50:25.717+0900][gc,heap     ] GC(12) Survivor regions: 6->5(7)
[2024-03-06T12:50:25.717+0900][gc,heap     ] GC(12) Old regions: 21->24
[2024-03-06T12:50:25.717+0900][gc,heap     ] GC(12) Archive regions: 2->2
[2024-03-06T12:50:25.717+0900][gc,heap     ] GC(12) Humongous regions: 129->129
[2024-03-06T12:50:25.717+0900][gc,metaspace] GC(12) Metaspace: 42284K(42880K)->42284K(42880K) NonClass: 37244K(37568K)->37244K(37568K) Class: 5040K(5312K)->5040K(5312K)
[2024-03-06T12:50:25.718+0900][gc          ] GC(12) Pause Young (Normal) (G1 Evacuation Pause) 201M->158M(1024M) 39.056ms
[2024-03-06T12:50:25.718+0900][gc,cpu      ] GC(12) User=0.05s Sys=0.04s Real=0.04s
[2024-03-06T12:53:09.529+0900][gc,start    ] GC(13) Pause Young (Normal) (G1 Evacuation Pause)
[2024-03-06T12:53:09.530+0900][gc,task     ] GC(13) Using 8 workers of 8 for evacuation
[2024-03-06T12:53:09.546+0900][gc,phases   ] GC(13)   Pre Evacuate Collection Set: 0.9ms
[2024-03-06T12:53:09.546+0900][gc,phases   ] GC(13)   Merge Heap Roots: 0.4ms
[2024-03-06T12:53:09.546+0900][gc,phases   ] GC(13)   Evacuate Collection Set: 13.3ms
[2024-03-06T12:53:09.546+0900][gc,phases   ] GC(13)   Post Evacuate Collection Set: 1.1ms
[2024-03-06T12:53:09.546+0900][gc,phases   ] GC(13)   Other: 1.5ms
[2024-03-06T12:53:09.546+0900][gc,heap     ] GC(13) Eden regions: 46->0(48)
[2024-03-06T12:53:09.546+0900][gc,heap     ] GC(13) Survivor regions: 5->3(7)
[2024-03-06T12:53:09.546+0900][gc,heap     ] GC(13) Old regions: 24->26
[2024-03-06T12:53:09.546+0900][gc,heap     ] GC(13) Archive regions: 2->2
[2024-03-06T12:53:09.546+0900][gc,heap     ] GC(13) Humongous regions: 129->129
[2024-03-06T12:53:09.546+0900][gc,metaspace] GC(13) Metaspace: 42292K(42880K)->42292K(42880K) NonClass: 37251K(37568K)->37251K(37568K) Class: 5040K(5312K)->5040K(5312K)
[2024-03-06T12:53:09.546+0900][gc          ] GC(13) Pause Young (Normal) (G1 Evacuation Pause) 204M->158M(1024M) 17.475ms
[2024-03-06T12:53:09.546+0900][gc,cpu      ] GC(13) User=0.03s Sys=0.01s Real=0.02s
[2024-03-06T12:56:04.733+0900][gc,start    ] GC(14) Pause Young (Normal) (G1 Evacuation Pause)
[2024-03-06T12:56:04.734+0900][gc,task     ] GC(14) Using 8 workers of 8 for evacuation
[2024-03-06T12:56:04.752+0900][gc,phases   ] GC(14)   Pre Evacuate Collection Set: 0.5ms
[2024-03-06T12:56:04.752+0900][gc,phases   ] GC(14)   Merge Heap Roots: 0.2ms
[2024-03-06T12:56:04.752+0900][gc,phases   ] GC(14)   Evacuate Collection Set: 16.3ms
[2024-03-06T12:56:04.752+0900][gc,phases   ] GC(14)   Post Evacuate Collection Set: 0.5ms
[2024-03-06T12:56:04.752+0900][gc,phases   ] GC(14)   Other: 1.3ms
[2024-03-06T12:56:04.752+0900][gc,heap     ] GC(14) Eden regions: 48->0(45)
[2024-03-06T12:56:04.752+0900][gc,heap     ] GC(14) Survivor regions: 3->6(7)
[2024-03-06T12:56:04.752+0900][gc,heap     ] GC(14) Old regions: 26->26
[2024-03-06T12:56:04.752+0900][gc,heap     ] GC(14) Archive regions: 2->2
[2024-03-06T12:56:04.752+0900][gc,heap     ] GC(14) Humongous regions: 129->129
[2024-03-06T12:56:04.752+0900][gc,metaspace] GC(14) Metaspace: 42322K(42944K)->42322K(42944K) NonClass: 37281K(37632K)->37281K(37632K) Class: 5040K(5312K)->5040K(5312K)
[2024-03-06T12:56:04.752+0900][gc          ] GC(14) Pause Young (Normal) (G1 Evacuation Pause) 206M->161M(1024M) 18.944ms
[2024-03-06T12:56:04.752+0900][gc,cpu      ] GC(14) User=0.03s Sys=0.01s Real=0.02s
[2024-03-06T12:58:47.116+0900][gc,start    ] GC(15) Pause Young (Normal) (G1 Evacuation Pause)
[2024-03-06T12:58:47.118+0900][gc,task     ] GC(15) Using 8 workers of 8 for evacuation
[2024-03-06T12:58:47.139+0900][gc,mmu      ] GC(15) MMU target violated: 20.9ms (20.0ms/21.0ms)
[2024-03-06T12:58:47.139+0900][gc,phases   ] GC(15)   Pre Evacuate Collection Set: 0.5ms
[2024-03-06T12:58:47.139+0900][gc,phases   ] GC(15)   Merge Heap Roots: 0.2ms
[2024-03-06T12:58:47.139+0900][gc,phases   ] GC(15)   Evacuate Collection Set: 20.0ms
[2024-03-06T12:58:47.139+0900][gc,phases   ] GC(15)   Post Evacuate Collection Set: 0.4ms
[2024-03-06T12:58:47.139+0900][gc,phases   ] GC(15)   Other: 1.7ms
[2024-03-06T12:58:47.139+0900][gc,heap     ] GC(15) Eden regions: 45->0(46)
[2024-03-06T12:58:47.139+0900][gc,heap     ] GC(15) Survivor regions: 6->5(7)
[2024-03-06T12:58:47.139+0900][gc,heap     ] GC(15) Old regions: 26->30
[2024-03-06T12:58:47.139+0900][gc,heap     ] GC(15) Archive regions: 2->2
[2024-03-06T12:58:47.139+0900][gc,heap     ] GC(15) Humongous regions: 129->129
[2024-03-06T12:58:47.139+0900][gc,metaspace] GC(15) Metaspace: 42356K(42944K)->42356K(42944K) NonClass: 37310K(37632K)->37310K(37632K) Class: 5045K(5312K)->5045K(5312K)
[2024-03-06T12:58:47.139+0900][gc          ] GC(15) Pause Young (Normal) (G1 Evacuation Pause) 206M->164M(1024M) 22.828ms
[2024-03-06T12:58:47.139+0900][gc,cpu      ] GC(15) User=0.04s Sys=0.02s Real=0.02s
[2024-03-06T13:01:33.535+0900][gc,start    ] GC(16) Pause Young (Normal) (G1 Evacuation Pause)
[2024-03-06T13:01:33.536+0900][gc,task     ] GC(16) Using 8 workers of 8 for evacuation
[2024-03-06T13:01:33.552+0900][gc,phases   ] GC(16)   Pre Evacuate Collection Set: 0.4ms
[2024-03-06T13:01:33.552+0900][gc,phases   ] GC(16)   Merge Heap Roots: 0.1ms
[2024-03-06T13:01:33.552+0900][gc,phases   ] GC(16)   Evacuate Collection Set: 13.2ms
[2024-03-06T13:01:33.552+0900][gc,phases   ] GC(16)   Post Evacuate Collection Set: 2.3ms
[2024-03-06T13:01:33.552+0900][gc,phases   ] GC(16)   Other: 1.4ms
[2024-03-06T13:01:33.552+0900][gc,heap     ] GC(16) Eden regions: 46->0(72)
[2024-03-06T13:01:33.552+0900][gc,heap     ] GC(16) Survivor regions: 5->3(7)
[2024-03-06T13:01:33.552+0900][gc,heap     ] GC(16) Old regions: 30->32
[2024-03-06T13:01:33.552+0900][gc,heap     ] GC(16) Archive regions: 2->2
[2024-03-06T13:01:33.552+0900][gc,heap     ] GC(16) Humongous regions: 129->129
[2024-03-06T13:01:33.552+0900][gc,metaspace] GC(16) Metaspace: 42359K(42944K)->42359K(42944K) NonClass: 37313K(37632K)->37313K(37632K) Class: 5045K(5312K)->5045K(5312K)
[2024-03-06T13:01:33.553+0900][gc          ] GC(16) Pause Young (Normal) (G1 Evacuation Pause) 210M->164M(1024M) 17.883ms
[2024-03-06T13:01:33.553+0900][gc,cpu      ] GC(16) User=0.03s Sys=0.01s Real=0.02s
[2024-03-06T13:05:40.326+0900][gc,start    ] GC(17) Pause Young (Normal) (G1 Evacuation Pause)
[2024-03-06T13:05:40.327+0900][gc,task     ] GC(17) Using 8 workers of 8 for evacuation
[2024-03-06T13:05:40.342+0900][gc,phases   ] GC(17)   Pre Evacuate Collection Set: 0.5ms
[2024-03-06T13:05:40.342+0900][gc,phases   ] GC(17)   Merge Heap Roots: 0.2ms
[2024-03-06T13:05:40.342+0900][gc,phases   ] GC(17)   Evacuate Collection Set: 13.0ms
[2024-03-06T13:05:40.342+0900][gc,phases   ] GC(17)   Post Evacuate Collection Set: 0.6ms
[2024-03-06T13:05:40.342+0900][gc,phases   ] GC(17)   Other: 1.3ms
[2024-03-06T13:05:40.342+0900][gc,heap     ] GC(17) Eden regions: 68->0(45)
[2024-03-06T13:05:40.342+0900][gc,heap     ] GC(17) Survivor regions: 3->6(9)
[2024-03-06T13:05:40.342+0900][gc,heap     ] GC(17) Old regions: 32->32
[2024-03-06T13:05:40.342+0900][gc,heap     ] GC(17) Archive regions: 2->2
[2024-03-06T13:05:40.342+0900][gc,heap     ] GC(17) Humongous regions: 129->129
[2024-03-06T13:05:40.342+0900][gc,metaspace] GC(17) Metaspace: 42374K(42944K)->42374K(42944K) NonClass: 37329K(37632K)->37329K(37632K) Class: 5045K(5312K)->5045K(5312K)
[2024-03-06T13:05:40.342+0900][gc          ] GC(17) Pause Young (Normal) (G1 Evacuation Pause) 232M->167M(1024M) 15.693ms
[2024-03-06T13:05:40.342+0900][gc,cpu      ] GC(17) User=0.03s Sys=0.01s Real=0.02s
[2024-03-06T13:08:07.466+0900][gc,start    ] GC(18) Pause Young (Normal) (G1 Evacuation Pause)
[2024-03-06T13:08:07.466+0900][gc,task     ] GC(18) Using 8 workers of 8 for evacuation
[2024-03-06T13:08:07.497+0900][gc,mmu      ] GC(18) MMU target violated: 21.0ms (20.0ms/21.0ms)
[2024-03-06T13:08:07.497+0900][gc,phases   ] GC(18)   Pre Evacuate Collection Set: 0.6ms
[2024-03-06T13:08:07.497+0900][gc,phases   ] GC(18)   Merge Heap Roots: 0.3ms
[2024-03-06T13:08:07.497+0900][gc,phases   ] GC(18)   Evacuate Collection Set: 27.0ms
[2024-03-06T13:08:07.497+0900][gc,phases   ] GC(18)   Post Evacuate Collection Set: 2.7ms
[2024-03-06T13:08:07.497+0900][gc,phases   ] GC(18)   Other: 0.8ms
[2024-03-06T13:08:07.497+0900][gc,heap     ] GC(18) Eden regions: 45->0(44)
[2024-03-06T13:08:07.497+0900][gc,heap     ] GC(18) Survivor regions: 6->7(7)
[2024-03-06T13:08:07.497+0900][gc,heap     ] GC(18) Old regions: 32->34
[2024-03-06T13:08:07.497+0900][gc,heap     ] GC(18) Archive regions: 2->2
[2024-03-06T13:08:07.497+0900][gc,heap     ] GC(18) Humongous regions: 129->129
[2024-03-06T13:08:07.497+0900][gc,metaspace] GC(18) Metaspace: 42605K(43200K)->42605K(43200K) NonClass: 37519K(37888K)->37519K(37888K) Class: 5085K(5312K)->5085K(5312K)
[2024-03-06T13:08:07.497+0900][gc          ] GC(18) Pause Young (Normal) (G1 Evacuation Pause) 212M->170M(1024M) 31.348ms
[2024-03-06T13:08:07.497+0900][gc,cpu      ] GC(18) User=0.04s Sys=0.03s Real=0.03s
[2024-03-06T13:10:30.383+0900][gc,start    ] GC(19) Pause Young (Normal) (G1 Evacuation Pause)
[2024-03-06T13:10:30.385+0900][gc,task     ] GC(19) Using 8 workers of 8 for evacuation
[2024-03-06T13:10:30.410+0900][gc,mmu      ] GC(19) MMU target violated: 21.0ms (20.0ms/21.0ms)
[2024-03-06T13:10:30.410+0900][gc,phases   ] GC(19)   Pre Evacuate Collection Set: 0.6ms
[2024-03-06T13:10:30.410+0900][gc,phases   ] GC(19)   Merge Heap Roots: 2.0ms
[2024-03-06T13:10:30.410+0900][gc,phases   ] GC(19)   Evacuate Collection Set: 22.1ms
[2024-03-06T13:10:30.410+0900][gc,phases   ] GC(19)   Post Evacuate Collection Set: 0.3ms
[2024-03-06T13:10:30.410+0900][gc,phases   ] GC(19)   Other: 1.6ms
[2024-03-06T13:10:30.410+0900][gc,heap     ] GC(19) Eden regions: 44->0(44)
[2024-03-06T13:10:30.410+0900][gc,heap     ] GC(19) Survivor regions: 7->7(7)
[2024-03-06T13:10:30.410+0900][gc,heap     ] GC(19) Old regions: 34->37
[2024-03-06T13:10:30.410+0900][gc,heap     ] GC(19) Archive regions: 2->2
[2024-03-06T13:10:30.410+0900][gc,heap     ] GC(19) Humongous regions: 129->129
[2024-03-06T13:10:30.410+0900][gc,metaspace] GC(19) Metaspace: 42617K(43200K)->42617K(43200K) NonClass: 37531K(37888K)->37531K(37888K) Class: 5085K(5312K)->5085K(5312K)
[2024-03-06T13:10:30.410+0900][gc          ] GC(19) Pause Young (Normal) (G1 Evacuation Pause) 214M->173M(1024M) 26.697ms
[2024-03-06T13:10:30.410+0900][gc,cpu      ] GC(19) User=0.04s Sys=0.03s Real=0.03s
[2024-03-06T13:12:52.135+0900][gc,start    ] GC(20) Pause Young (Normal) (G1 Evacuation Pause)
[2024-03-06T13:12:52.136+0900][gc,task     ] GC(20) Using 8 workers of 8 for evacuation
[2024-03-06T13:12:52.151+0900][gc,phases   ] GC(20)   Pre Evacuate Collection Set: 0.5ms
[2024-03-06T13:12:52.151+0900][gc,phases   ] GC(20)   Merge Heap Roots: 0.2ms
[2024-03-06T13:12:52.151+0900][gc,phases   ] GC(20)   Evacuate Collection Set: 13.6ms
[2024-03-06T13:12:52.151+0900][gc,phases   ] GC(20)   Post Evacuate Collection Set: 0.6ms
[2024-03-06T13:12:52.151+0900][gc,phases   ] GC(20)   Other: 1.4ms
[2024-03-06T13:12:52.151+0900][gc,heap     ] GC(20) Eden regions: 44->0(64)
[2024-03-06T13:12:52.151+0900][gc,heap     ] GC(20) Survivor regions: 7->4(7)
[2024-03-06T13:12:52.151+0900][gc,heap     ] GC(20) Old regions: 37->42
[2024-03-06T13:12:52.151+0900][gc,heap     ] GC(20) Archive regions: 2->2
[2024-03-06T13:12:52.151+0900][gc,heap     ] GC(20) Humongous regions: 129->129
[2024-03-06T13:12:52.151+0900][gc,metaspace] GC(20) Metaspace: 42637K(43200K)->42637K(43200K) NonClass: 37551K(37888K)->37551K(37888K) Class: 5085K(5312K)->5085K(5312K)
[2024-03-06T13:12:52.151+0900][gc          ] GC(20) Pause Young (Normal) (G1 Evacuation Pause) 217M->174M(1024M) 16.511ms
[2024-03-06T13:12:52.151+0900][gc,cpu      ] GC(20) User=0.04s Sys=0.02s Real=0.02s
[2024-03-06T13:16:18.412+0900][gc,start    ] GC(21) Pause Young (Normal) (G1 Evacuation Pause)
[2024-03-06T13:16:18.413+0900][gc,task     ] GC(21) Using 8 workers of 8 for evacuation
[2024-03-06T13:16:18.433+0900][gc,phases   ] GC(21)   Pre Evacuate Collection Set: 0.6ms
[2024-03-06T13:16:18.433+0900][gc,phases   ] GC(21)   Merge Heap Roots: 0.2ms
[2024-03-06T13:16:18.433+0900][gc,phases   ] GC(21)   Evacuate Collection Set: 17.9ms
[2024-03-06T13:16:18.433+0900][gc,phases   ] GC(21)   Post Evacuate Collection Set: 0.6ms
[2024-03-06T13:16:18.433+0900][gc,phases   ] GC(21)   Other: 1.6ms
[2024-03-06T13:16:18.433+0900][gc,heap     ] GC(21) Eden regions: 64->0(44)
[2024-03-06T13:16:18.433+0900][gc,heap     ] GC(21) Survivor regions: 4->7(9)
[2024-03-06T13:16:18.433+0900][gc,heap     ] GC(21) Old regions: 42->42
[2024-03-06T13:16:18.433+0900][gc,heap     ] GC(21) Archive regions: 2->2
[2024-03-06T13:16:18.433+0900][gc,heap     ] GC(21) Humongous regions: 129->129
[2024-03-06T13:16:18.433+0900][gc,metaspace] GC(21) Metaspace: 42650K(43264K)->42650K(43264K) NonClass: 37564K(37952K)->37564K(37952K) Class: 5085K(5312K)->5085K(5312K)
[2024-03-06T13:16:18.433+0900][gc          ] GC(21) Pause Young (Normal) (G1 Evacuation Pause) 238M->178M(1024M) 21.220ms
[2024-03-06T13:16:18.433+0900][gc,cpu      ] GC(21) User=0.03s Sys=0.01s Real=0.02s
[2024-03-06T13:18:38.950+0900][gc,start    ] GC(22) Pause Young (Normal) (G1 Evacuation Pause)
[2024-03-06T13:18:38.951+0900][gc,task     ] GC(22) Using 8 workers of 8 for evacuation
[2024-03-06T13:18:38.969+0900][gc,phases   ] GC(22)   Pre Evacuate Collection Set: 0.6ms
[2024-03-06T13:18:38.969+0900][gc,phases   ] GC(22)   Merge Heap Roots: 0.3ms
[2024-03-06T13:18:38.969+0900][gc,phases   ] GC(22)   Evacuate Collection Set: 15.6ms
[2024-03-06T13:18:38.969+0900][gc,phases   ] GC(22)   Post Evacuate Collection Set: 0.7ms
[2024-03-06T13:18:38.969+0900][gc,phases   ] GC(22)   Other: 1.4ms
[2024-03-06T13:18:38.969+0900][gc,heap     ] GC(22) Eden regions: 44->0(67)
[2024-03-06T13:18:38.969+0900][gc,heap     ] GC(22) Survivor regions: 7->5(7)
[2024-03-06T13:18:38.969+0900][gc,heap     ] GC(22) Old regions: 42->47
[2024-03-06T13:18:38.969+0900][gc,heap     ] GC(22) Archive regions: 2->2
[2024-03-06T13:18:38.969+0900][gc,heap     ] GC(22) Humongous regions: 129->129
[2024-03-06T13:18:38.969+0900][gc,metaspace] GC(22) Metaspace: 42656K(43264K)->42656K(43264K) NonClass: 37569K(37952K)->37569K(37952K) Class: 5087K(5312K)->5087K(5312K)
[2024-03-06T13:18:38.969+0900][gc          ] GC(22) Pause Young (Normal) (G1 Evacuation Pause) 222M->180M(1024M) 18.687ms
[2024-03-06T13:18:38.969+0900][gc,cpu      ] GC(22) User=0.04s Sys=0.01s Real=0.01s
[2024-03-06T13:22:14.390+0900][gc,start    ] GC(23) Pause Young (Normal) (G1 Evacuation Pause)
[2024-03-06T13:22:14.391+0900][gc,task     ] GC(23) Using 8 workers of 8 for evacuation
[2024-03-06T13:22:14.410+0900][gc,phases   ] GC(23)   Pre Evacuate Collection Set: 0.5ms
[2024-03-06T13:22:14.410+0900][gc,phases   ] GC(23)   Merge Heap Roots: 0.2ms
[2024-03-06T13:22:14.410+0900][gc,phases   ] GC(23)   Evacuate Collection Set: 17.4ms
[2024-03-06T13:22:14.410+0900][gc,phases   ] GC(23)   Post Evacuate Collection Set: 0.6ms
[2024-03-06T13:22:14.410+0900][gc,phases   ] GC(23)   Other: 0.7ms
[2024-03-06T13:22:14.410+0900][gc,heap     ] GC(23) Eden regions: 67->0(43)
[2024-03-06T13:22:14.410+0900][gc,heap     ] GC(23) Survivor regions: 5->8(9)
[2024-03-06T13:22:14.410+0900][gc,heap     ] GC(23) Old regions: 47->47
[2024-03-06T13:22:14.410+0900][gc,heap     ] GC(23) Archive regions: 2->2
[2024-03-06T13:22:14.410+0900][gc,heap     ] GC(23) Humongous regions: 129->129
[2024-03-06T13:22:14.410+0900][gc,metaspace] GC(23) Metaspace: 42669K(43264K)->42669K(43264K) NonClass: 37582K(37952K)->37582K(37952K) Class: 5087K(5312K)->5087K(5312K)
[2024-03-06T13:22:14.410+0900][gc          ] GC(23) Pause Young (Normal) (G1 Evacuation Pause) 247M->184M(1024M) 19.602ms
[2024-03-06T13:22:14.410+0900][gc,cpu      ] GC(23) User=0.03s Sys=0.01s Real=0.02s
[2024-03-06T13:24:32.121+0900][gc,start    ] GC(24) Pause Young (Normal) (G1 Evacuation Pause)
[2024-03-06T13:24:32.122+0900][gc,task     ] GC(24) Using 8 workers of 8 for evacuation
[2024-03-06T13:24:32.139+0900][gc,phases   ] GC(24)   Pre Evacuate Collection Set: 0.5ms
[2024-03-06T13:24:32.139+0900][gc,phases   ] GC(24)   Merge Heap Roots: 0.2ms
[2024-03-06T13:24:32.139+0900][gc,phases   ] GC(24)   Evacuate Collection Set: 16.0ms
[2024-03-06T13:24:32.139+0900][gc,phases   ] GC(24)   Post Evacuate Collection Set: 0.6ms
[2024-03-06T13:24:32.139+0900][gc,phases   ] GC(24)   Other: 1.2ms
[2024-03-06T13:24:32.139+0900][gc,heap     ] GC(24) Eden regions: 43->0(103)
[2024-03-06T13:24:32.139+0900][gc,heap     ] GC(24) Survivor regions: 8->4(7)
[2024-03-06T13:24:32.139+0900][gc,heap     ] GC(24) Old regions: 47->53
[2024-03-06T13:24:32.139+0900][gc,heap     ] GC(24) Archive regions: 2->2
[2024-03-06T13:24:32.139+0900][gc,heap     ] GC(24) Humongous regions: 129->129
[2024-03-06T13:24:32.139+0900][gc,metaspace] GC(24) Metaspace: 42670K(43264K)->42670K(43264K) NonClass: 37582K(37952K)->37582K(37952K) Class: 5087K(5312K)->5087K(5312K)
[2024-03-06T13:24:32.139+0900][gc          ] GC(24) Pause Young (Normal) (G1 Evacuation Pause) 227M->185M(1024M) 18.756ms
[2024-03-06T13:24:32.139+0900][gc,cpu      ] GC(24) User=0.03s Sys=0.01s Real=0.01s
[2024-03-06T13:29:39.504+0900][gc,start    ] GC(25) Pause Young (Normal) (G1 Evacuation Pause)
[2024-03-06T13:29:39.505+0900][gc,task     ] GC(25) Using 8 workers of 8 for evacuation
[2024-03-06T13:29:39.531+0900][gc,mmu      ] GC(25) MMU target violated: 21.0ms (20.0ms/21.0ms)
[2024-03-06T13:29:39.531+0900][gc,phases   ] GC(25)   Pre Evacuate Collection Set: 0.6ms
[2024-03-06T13:29:39.532+0900][gc,phases   ] GC(25)   Merge Heap Roots: 0.3ms
[2024-03-06T13:29:39.532+0900][gc,phases   ] GC(25)   Evacuate Collection Set: 23.9ms
[2024-03-06T13:29:39.532+0900][gc,phases   ] GC(25)   Post Evacuate Collection Set: 1.0ms
[2024-03-06T13:29:39.532+0900][gc,phases   ] GC(25)   Other: 1.5ms
[2024-03-06T13:29:39.532+0900][gc,heap     ] GC(25) Eden regions: 97->0(43)
[2024-03-06T13:29:39.532+0900][gc,heap     ] GC(25) Survivor regions: 4->8(13)
[2024-03-06T13:29:39.532+0900][gc,heap     ] GC(25) Old regions: 53->53
[2024-03-06T13:29:39.532+0900][gc,heap     ] GC(25) Archive regions: 2->2
[2024-03-06T13:29:39.532+0900][gc,heap     ] GC(25) Humongous regions: 129->129
[2024-03-06T13:29:39.532+0900][gc,metaspace] GC(25) Metaspace: 42703K(43328K)->42703K(43328K) NonClass: 37612K(37952K)->37612K(37952K) Class: 5090K(5376K)->5090K(5376K)
[2024-03-06T13:29:39.532+0900][gc          ] GC(25) Pause Young (Normal) (G1 Evacuation Pause) 282M->189M(1024M) 27.302ms
[2024-03-06T13:29:39.532+0900][gc,cpu      ] GC(25) User=0.03s Sys=0.02s Real=0.03s
[2024-03-06T13:31:54.351+0900][gc,start    ] GC(26) Pause Young (Normal) (G1 Evacuation Pause)
[2024-03-06T13:31:54.352+0900][gc,task     ] GC(26) Using 8 workers of 8 for evacuation
[2024-03-06T13:31:54.383+0900][gc,mmu      ] GC(26) MMU target violated: 21.0ms (20.0ms/21.0ms)
[2024-03-06T13:31:54.383+0900][gc,phases   ] GC(26)   Pre Evacuate Collection Set: 0.8ms
[2024-03-06T13:31:54.383+0900][gc,phases   ] GC(26)   Merge Heap Roots: 0.3ms
[2024-03-06T13:31:54.383+0900][gc,phases   ] GC(26)   Evacuate Collection Set: 29.2ms
[2024-03-06T13:31:54.383+0900][gc,phases   ] GC(26)   Post Evacuate Collection Set: 0.8ms
[2024-03-06T13:31:54.383+0900][gc,phases   ] GC(26)   Other: 1.4ms
[2024-03-06T13:31:54.383+0900][gc,heap     ] GC(26) Eden regions: 43->0(56)
[2024-03-06T13:31:54.383+0900][gc,heap     ] GC(26) Survivor regions: 8->4(7)
[2024-03-06T13:31:54.383+0900][gc,heap     ] GC(26) Old regions: 53->58
[2024-03-06T13:31:54.383+0900][gc,heap     ] GC(26) Archive regions: 2->2
[2024-03-06T13:31:54.383+0900][gc,heap     ] GC(26) Humongous regions: 129->129
[2024-03-06T13:31:54.383+0900][gc,metaspace] GC(26) Metaspace: 42809K(43456K)->42809K(43456K) NonClass: 37702K(38080K)->37702K(38080K) Class: 5107K(5376K)->5107K(5376K)
[2024-03-06T13:31:54.383+0900][gc          ] GC(26) Pause Young (Normal) (G1 Evacuation Pause) 232M->191M(1024M) 32.502ms
[2024-03-06T13:31:54.383+0900][gc,cpu      ] GC(26) User=0.05s Sys=0.04s Real=0.03s
[2024-03-06T13:35:03.470+0900][gc,start    ] GC(27) Pause Young (Normal) (G1 Evacuation Pause)
[2024-03-06T13:35:03.471+0900][gc,task     ] GC(27) Using 8 workers of 8 for evacuation
[2024-03-06T13:35:03.484+0900][gc,phases   ] GC(27)   Pre Evacuate Collection Set: 0.7ms
[2024-03-06T13:35:03.484+0900][gc,phases   ] GC(27)   Merge Heap Roots: 0.2ms
[2024-03-06T13:35:03.484+0900][gc,phases   ] GC(27)   Evacuate Collection Set: 10.9ms
[2024-03-06T13:35:03.484+0900][gc,phases   ] GC(27)   Post Evacuate Collection Set: 0.7ms
[2024-03-06T13:35:03.484+0900][gc,phases   ] GC(27)   Other: 1.6ms
[2024-03-06T13:35:03.484+0900][gc,heap     ] GC(27) Eden regions: 56->0(50)
[2024-03-06T13:35:03.484+0900][gc,heap     ] GC(27) Survivor regions: 4->6(8)
[2024-03-06T13:35:03.484+0900][gc,heap     ] GC(27) Old regions: 58->58
[2024-03-06T13:35:03.484+0900][gc,heap     ] GC(27) Archive regions: 2->2
[2024-03-06T13:35:03.484+0900][gc,heap     ] GC(27) Humongous regions: 129->129
[2024-03-06T13:35:03.484+0900][gc,metaspace] GC(27) Metaspace: 42834K(43456K)->42834K(43456K) NonClass: 37723K(38080K)->37723K(38080K) Class: 5111K(5376K)->5111K(5376K)
[2024-03-06T13:35:03.484+0900][gc          ] GC(27) Pause Young (Normal) (G1 Evacuation Pause) 247M->192M(1024M) 14.084ms
[2024-03-06T13:35:03.484+0900][gc,cpu      ] GC(27) User=0.03s Sys=0.01s Real=0.01s
[2024-03-06T13:38:02.747+0900][gc,start    ] GC(28) Pause Young (Normal) (G1 Evacuation Pause)
[2024-03-06T13:38:02.748+0900][gc,task     ] GC(28) Using 8 workers of 8 for evacuation
[2024-03-06T13:38:02.773+0900][gc,mmu      ] GC(28) MMU target violated: 21.0ms (20.0ms/21.0ms)
[2024-03-06T13:38:02.774+0900][gc,phases   ] GC(28)   Pre Evacuate Collection Set: 0.6ms
[2024-03-06T13:38:02.774+0900][gc,phases   ] GC(28)   Merge Heap Roots: 0.3ms
[2024-03-06T13:38:02.774+0900][gc,phases   ] GC(28)   Evacuate Collection Set: 22.4ms
[2024-03-06T13:38:02.774+0900][gc,phases   ] GC(28)   Post Evacuate Collection Set: 1.6ms
[2024-03-06T13:38:02.774+0900][gc,phases   ] GC(28)   Other: 2.5ms
[2024-03-06T13:38:02.774+0900][gc,heap     ] GC(28) Eden regions: 50->0(54)
[2024-03-06T13:38:02.774+0900][gc,heap     ] GC(28) Survivor regions: 6->5(7)
[2024-03-06T13:38:02.774+0900][gc,heap     ] GC(28) Old regions: 58->62
[2024-03-06T13:38:02.774+0900][gc,heap     ] GC(28) Archive regions: 2->2
[2024-03-06T13:38:02.774+0900][gc,heap     ] GC(28) Humongous regions: 129->129
[2024-03-06T13:38:02.774+0900][gc,metaspace] GC(28) Metaspace: 42868K(43456K)->42868K(43456K) NonClass: 37751K(38080K)->37751K(38080K) Class: 5116K(5376K)->5116K(5376K)
[2024-03-06T13:38:02.774+0900][gc          ] GC(28) Pause Young (Normal) (G1 Evacuation Pause) 242M->196M(1024M) 27.232ms
[2024-03-06T13:38:02.774+0900][gc,cpu      ] GC(28) User=0.04s Sys=0.04s Real=0.03s
[2024-03-06T13:40:54.645+0900][gc,start    ] GC(29) Pause Young (Normal) (G1 Evacuation Pause)
[2024-03-06T13:40:54.646+0900][gc,task     ] GC(29) Using 8 workers of 8 for evacuation
[2024-03-06T13:40:54.663+0900][gc,phases   ] GC(29)   Pre Evacuate Collection Set: 0.5ms
[2024-03-06T13:40:54.663+0900][gc,phases   ] GC(29)   Merge Heap Roots: 0.2ms
[2024-03-06T13:40:54.663+0900][gc,phases   ] GC(29)   Evacuate Collection Set: 15.5ms
[2024-03-06T13:40:54.663+0900][gc,phases   ] GC(29)   Post Evacuate Collection Set: 0.7ms
[2024-03-06T13:40:54.663+0900][gc,phases   ] GC(29)   Other: 1.5ms
[2024-03-06T13:40:54.663+0900][gc,heap     ] GC(29) Eden regions: 48->0(68)
[2024-03-06T13:40:54.663+0900][gc,heap     ] GC(29) Survivor regions: 5->4(7)
[2024-03-06T13:40:54.663+0900][gc,heap     ] GC(29) Old regions: 62->64
[2024-03-06T13:40:54.663+0900][gc,heap     ] GC(29) Archive regions: 2->2
[2024-03-06T13:40:54.663+0900][gc,heap     ] GC(29) Humongous regions: 129->129
[2024-03-06T13:40:54.663+0900][gc,metaspace] GC(29) Metaspace: 42870K(43456K)->42870K(43456K) NonClass: 37753K(38080K)->37753K(38080K) Class: 5116K(5376K)->5116K(5376K)
[2024-03-06T13:40:54.663+0900][gc          ] GC(29) Pause Young (Normal) (G1 Evacuation Pause) 244M->197M(1024M) 18.587ms
[2024-03-06T13:40:54.663+0900][gc,cpu      ] GC(29) User=0.03s Sys=0.02s Real=0.02s
[2024-03-06T13:44:35.138+0900][gc,start    ] GC(30) Pause Young (Normal) (G1 Evacuation Pause)
[2024-03-06T13:44:35.139+0900][gc,task     ] GC(30) Using 8 workers of 8 for evacuation
[2024-03-06T13:44:35.158+0900][gc,phases   ] GC(30)   Pre Evacuate Collection Set: 0.5ms
[2024-03-06T13:44:35.158+0900][gc,phases   ] GC(30)   Merge Heap Roots: 0.2ms
[2024-03-06T13:44:35.158+0900][gc,phases   ] GC(30)   Evacuate Collection Set: 17.6ms
[2024-03-06T13:44:35.158+0900][gc,phases   ] GC(30)   Post Evacuate Collection Set: 0.7ms
[2024-03-06T13:44:35.158+0900][gc,phases   ] GC(30)   Other: 0.7ms
[2024-03-06T13:44:35.158+0900][gc,heap     ] GC(30) Eden regions: 61->0(43)
[2024-03-06T13:44:35.158+0900][gc,heap     ] GC(30) Survivor regions: 4->8(9)
[2024-03-06T13:44:35.158+0900][gc,heap     ] GC(30) Old regions: 64->64
[2024-03-06T13:44:35.158+0900][gc,heap     ] GC(30) Archive regions: 2->2
[2024-03-06T13:44:35.158+0900][gc,heap     ] GC(30) Humongous regions: 129->129
[2024-03-06T13:44:35.158+0900][gc,metaspace] GC(30) Metaspace: 42871K(43456K)->42871K(43456K) NonClass: 37755K(38080K)->37755K(38080K) Class: 5116K(5376K)->5116K(5376K)
[2024-03-06T13:44:35.158+0900][gc          ] GC(30) Pause Young (Normal) (G1 Evacuation Pause) 258M->201M(1024M) 20.022ms
[2024-03-06T13:44:35.158+0900][gc,cpu      ] GC(30) User=0.03s Sys=0.02s Real=0.02s
[2024-03-06T13:47:06.121+0900][gc,start    ] GC(31) Pause Young (Normal) (G1 Evacuation Pause)
[2024-03-06T13:47:06.122+0900][gc,task     ] GC(31) Using 8 workers of 8 for evacuation
[2024-03-06T13:47:06.142+0900][gc,phases   ] GC(31)   Pre Evacuate Collection Set: 0.5ms
[2024-03-06T13:47:06.142+0900][gc,phases   ] GC(31)   Merge Heap Roots: 0.3ms
[2024-03-06T13:47:06.142+0900][gc,phases   ] GC(31)   Evacuate Collection Set: 17.9ms
[2024-03-06T13:47:06.142+0900][gc,phases   ] GC(31)   Post Evacuate Collection Set: 1.3ms
[2024-03-06T13:47:06.142+0900][gc,phases   ] GC(31)   Other: 1.6ms
[2024-03-06T13:47:06.142+0900][gc,heap     ] GC(31) Eden regions: 43->0(89)
[2024-03-06T13:47:06.142+0900][gc,heap     ] GC(31) Survivor regions: 8->3(7)
[2024-03-06T13:47:06.142+0900][gc,heap     ] GC(31) Old regions: 64->69
[2024-03-06T13:47:06.142+0900][gc,heap     ] GC(31) Archive regions: 2->2
[2024-03-06T13:47:06.142+0900][gc,heap     ] GC(31) Humongous regions: 129->129
[2024-03-06T13:47:06.142+0900][gc,metaspace] GC(31) Metaspace: 42882K(43456K)->42882K(43456K) NonClass: 37765K(38080K)->37765K(38080K) Class: 5116K(5376K)->5116K(5376K)
[2024-03-06T13:47:06.143+0900][gc          ] GC(31) Pause Young (Normal) (G1 Evacuation Pause) 244M->201M(1024M) 21.875ms
[2024-03-06T13:47:06.143+0900][gc,cpu      ] GC(31) User=0.04s Sys=0.01s Real=0.02s
[2024-03-06T13:52:30.498+0900][gc,start    ] GC(32) Pause Young (Normal) (G1 Evacuation Pause)
[2024-03-06T13:52:30.500+0900][gc,task     ] GC(32) Using 8 workers of 8 for evacuation
[2024-03-06T13:52:30.529+0900][gc,mmu      ] GC(32) MMU target violated: 21.0ms (20.0ms/21.0ms)
[2024-03-06T13:52:30.529+0900][gc,phases   ] GC(32)   Pre Evacuate Collection Set: 0.9ms
[2024-03-06T13:52:30.529+0900][gc,phases   ] GC(32)   Merge Heap Roots: 0.5ms
[2024-03-06T13:52:30.529+0900][gc,phases   ] GC(32)   Evacuate Collection Set: 25.8ms
[2024-03-06T13:52:30.529+0900][gc,phases   ] GC(32)   Post Evacuate Collection Set: 1.2ms
[2024-03-06T13:52:30.529+0900][gc,phases   ] GC(32)   Other: 2.7ms
[2024-03-06T13:52:30.529+0900][gc,heap     ] GC(32) Eden regions: 89->0(43)
[2024-03-06T13:52:30.529+0900][gc,heap     ] GC(32) Survivor regions: 3->8(12)
[2024-03-06T13:52:30.529+0900][gc,heap     ] GC(32) Old regions: 69->69
[2024-03-06T13:52:30.529+0900][gc,heap     ] GC(32) Archive regions: 2->2
[2024-03-06T13:52:30.529+0900][gc,heap     ] GC(32) Humongous regions: 129->129
[2024-03-06T13:52:30.529+0900][gc,metaspace] GC(32) Metaspace: 42898K(43520K)->42898K(43520K) NonClass: 37782K(38144K)->37782K(38144K) Class: 5116K(5376K)->5116K(5376K)
[2024-03-06T13:52:30.529+0900][gc          ] GC(32) Pause Young (Normal) (G1 Evacuation Pause) 290M->206M(1024M) 31.126ms
[2024-03-06T13:52:30.529+0900][gc,cpu      ] GC(32) User=0.04s Sys=0.03s Real=0.03s
[2024-03-06T13:55:05.528+0900][gc,start    ] GC(33) Pause Young (Normal) (G1 Evacuation Pause)
[2024-03-06T13:55:05.530+0900][gc,task     ] GC(33) Using 8 workers of 8 for evacuation
[2024-03-06T13:55:05.575+0900][gc,mmu      ] GC(33) MMU target violated: 21.0ms (20.0ms/21.0ms)
[2024-03-06T13:55:05.575+0900][gc,phases   ] GC(33)   Pre Evacuate Collection Set: 0.5ms
[2024-03-06T13:55:05.575+0900][gc,phases   ] GC(33)   Merge Heap Roots: 0.4ms
[2024-03-06T13:55:05.575+0900][gc,phases   ] GC(33)   Evacuate Collection Set: 44.0ms
[2024-03-06T13:55:05.575+0900][gc,phases   ] GC(33)   Post Evacuate Collection Set: 0.3ms
[2024-03-06T13:55:05.575+0900][gc,phases   ] GC(33)   Other: 2.3ms
[2024-03-06T13:55:05.575+0900][gc,heap     ] GC(33) Eden regions: 43->0(46)
[2024-03-06T13:55:05.575+0900][gc,heap     ] GC(33) Survivor regions: 8->5(7)
[2024-03-06T13:55:05.575+0900][gc,heap     ] GC(33) Old regions: 69->75
[2024-03-06T13:55:05.575+0900][gc,heap     ] GC(33) Archive regions: 2->2
[2024-03-06T13:55:05.575+0900][gc,heap     ] GC(33) Humongous regions: 129->129
[2024-03-06T13:55:05.575+0900][gc,metaspace] GC(33) Metaspace: 42900K(43520K)->42900K(43520K) NonClass: 37783K(38144K)->37783K(38144K) Class: 5116K(5376K)->5116K(5376K)
[2024-03-06T13:55:05.575+0900][gc          ] GC(33) Pause Young (Normal) (G1 Evacuation Pause) 249M->209M(1024M) 47.412ms
[2024-03-06T13:55:05.575+0900][gc,cpu      ] GC(33) User=0.04s Sys=0.03s Real=0.05s
[2024-03-06T13:57:50.716+0900][gc,start    ] GC(34) Pause Young (Normal) (G1 Evacuation Pause)
[2024-03-06T13:57:50.717+0900][gc,task     ] GC(34) Using 8 workers of 8 for evacuation
[2024-03-06T13:57:50.730+0900][gc,phases   ] GC(34)   Pre Evacuate Collection Set: 0.5ms
[2024-03-06T13:57:50.730+0900][gc,phases   ] GC(34)   Merge Heap Roots: 0.2ms
[2024-03-06T13:57:50.730+0900][gc,phases   ] GC(34)   Evacuate Collection Set: 11.1ms
[2024-03-06T13:57:50.730+0900][gc,phases   ] GC(34)   Post Evacuate Collection Set: 0.7ms
[2024-03-06T13:57:50.730+0900][gc,phases   ] GC(34)   Other: 1.3ms
[2024-03-06T13:57:50.730+0900][gc,heap     ] GC(34) Eden regions: 46->0(62)
[2024-03-06T13:57:50.730+0900][gc,heap     ] GC(34) Survivor regions: 5->3(7)
[2024-03-06T13:57:50.730+0900][gc,heap     ] GC(34) Old regions: 75->77
[2024-03-06T13:57:50.730+0900][gc,heap     ] GC(34) Archive regions: 2->2
[2024-03-06T13:57:50.730+0900][gc,heap     ] GC(34) Humongous regions: 129->129
[2024-03-06T13:57:50.730+0900][gc,metaspace] GC(34) Metaspace: 42904K(43520K)->42904K(43520K) NonClass: 37787K(38144K)->37787K(38144K) Class: 5116K(5376K)->5116K(5376K)
[2024-03-06T13:57:50.730+0900][gc          ] GC(34) Pause Young (Normal) (G1 Evacuation Pause) 255M->209M(1024M) 14.152ms
[2024-03-06T13:57:50.730+0900][gc,cpu      ] GC(34) User=0.02s Sys=0.01s Real=0.02s
[2024-03-06T14:01:03.006+0900][gc,start    ] GC(35) Pause Young (Normal) (G1 Evacuation Pause)
[2024-03-06T14:01:03.007+0900][gc,task     ] GC(35) Using 8 workers of 8 for evacuation
[2024-03-06T14:01:03.026+0900][gc,phases   ] GC(35)   Pre Evacuate Collection Set: 0.5ms
[2024-03-06T14:01:03.026+0900][gc,phases   ] GC(35)   Merge Heap Roots: 0.2ms
[2024-03-06T14:01:03.026+0900][gc,phases   ] GC(35)   Evacuate Collection Set: 17.3ms
[2024-03-06T14:01:03.026+0900][gc,phases   ] GC(35)   Post Evacuate Collection Set: 1.0ms
[2024-03-06T14:01:03.026+0900][gc,phases   ] GC(35)   Other: 0.9ms
[2024-03-06T14:01:03.026+0900][gc,heap     ] GC(35) Eden regions: 53->0(44)
[2024-03-06T14:01:03.026+0900][gc,heap     ] GC(35) Survivor regions: 3->7(7)
[2024-03-06T14:01:03.026+0900][gc,heap     ] GC(35) Old regions: 77->77
[2024-03-06T14:01:03.026+0900][gc,heap     ] GC(35) Archive regions: 2->2
[2024-03-06T14:01:03.026+0900][gc,heap     ] GC(35) Humongous regions: 129->129
[2024-03-06T14:01:03.026+0900][gc,metaspace] GC(35) Metaspace: 42906K(43520K)->42906K(43520K) NonClass: 37789K(38144K)->37789K(38144K) Class: 5116K(5376K)->5116K(5376K)
[2024-03-06T14:01:03.026+0900][gc          ] GC(35) Pause Young (Normal) (G1 Evacuation Pause) 262M->213M(1024M) 20.110ms
[2024-03-06T14:01:03.026+0900][gc,cpu      ] GC(35) User=0.03s Sys=0.01s Real=0.02s
[2024-03-06T14:03:41.244+0900][gc,start    ] GC(36) Pause Young (Normal) (G1 Evacuation Pause)
[2024-03-06T14:03:41.244+0900][gc,task     ] GC(36) Using 8 workers of 8 for evacuation
[2024-03-06T14:03:41.268+0900][gc,mmu      ] GC(36) MMU target violated: 21.0ms (20.0ms/21.0ms)
[2024-03-06T14:03:41.268+0900][gc,phases   ] GC(36)   Pre Evacuate Collection Set: 0.5ms
[2024-03-06T14:03:41.268+0900][gc,phases   ] GC(36)   Merge Heap Roots: 0.2ms
[2024-03-06T14:03:41.268+0900][gc,phases   ] GC(36)   Evacuate Collection Set: 21.9ms
[2024-03-06T14:03:41.268+0900][gc,phases   ] GC(36)   Post Evacuate Collection Set: 0.3ms
[2024-03-06T14:03:41.268+0900][gc,phases   ] GC(36)   Other: 0.6ms
[2024-03-06T14:03:41.268+0900][gc,heap     ] GC(36) Eden regions: 44->0(80)
[2024-03-06T14:03:41.268+0900][gc,heap     ] GC(36) Survivor regions: 7->3(7)
[2024-03-06T14:03:41.268+0900][gc,heap     ] GC(36) Old regions: 77->82
[2024-03-06T14:03:41.268+0900][gc,heap     ] GC(36) Archive regions: 2->2
[2024-03-06T14:03:41.268+0900][gc,heap     ] GC(36) Humongous regions: 129->129
[2024-03-06T14:03:41.268+0900][gc,metaspace] GC(36) Metaspace: 42918K(43520K)->42918K(43520K) NonClass: 37801K(38144K)->37801K(38144K) Class: 5116K(5376K)->5116K(5376K)
[2024-03-06T14:03:41.268+0900][gc          ] GC(36) Pause Young (Normal) (G1 Evacuation Pause) 257M->214M(1024M) 23.664ms
[2024-03-06T14:03:41.268+0900][gc,cpu      ] GC(36) User=0.03s Sys=0.01s Real=0.02s
[2024-03-06T14:08:32.527+0900][gc,start    ] GC(37) Pause Young (Normal) (G1 Evacuation Pause)
[2024-03-06T14:08:32.528+0900][gc,task     ] GC(37) Using 8 workers of 8 for evacuation
[2024-03-06T14:08:32.563+0900][gc,mmu      ] GC(37) MMU target violated: 21.0ms (20.0ms/21.0ms)
[2024-03-06T14:08:32.563+0900][gc,phases   ] GC(37)   Pre Evacuate Collection Set: 0.7ms
[2024-03-06T14:08:32.563+0900][gc,phases   ] GC(37)   Merge Heap Roots: 0.3ms
[2024-03-06T14:08:32.564+0900][gc,phases   ] GC(37)   Evacuate Collection Set: 31.1ms
[2024-03-06T14:08:32.564+0900][gc,phases   ] GC(37)   Post Evacuate Collection Set: 3.0ms
[2024-03-06T14:08:32.564+0900][gc,phases   ] GC(37)   Other: 2.1ms
[2024-03-06T14:08:32.564+0900][gc,heap     ] GC(37) Eden regions: 80->0(44)
[2024-03-06T14:08:32.564+0900][gc,heap     ] GC(37) Survivor regions: 3->7(11)
[2024-03-06T14:08:32.564+0900][gc,heap     ] GC(37) Old regions: 82->82
[2024-03-06T14:08:32.564+0900][gc,heap     ] GC(37) Archive regions: 2->2
[2024-03-06T14:08:32.564+0900][gc,heap     ] GC(37) Humongous regions: 129->129
[2024-03-06T14:08:32.564+0900][gc,metaspace] GC(37) Metaspace: 42918K(43520K)->42918K(43520K) NonClass: 37801K(38144K)->37801K(38144K) Class: 5116K(5376K)->5116K(5376K)
[2024-03-06T14:08:32.564+0900][gc          ] GC(37) Pause Young (Normal) (G1 Evacuation Pause) 294M->217M(1024M) 36.979ms
[2024-03-06T14:08:32.564+0900][gc,cpu      ] GC(37) User=0.04s Sys=0.03s Real=0.04s
[2024-03-06T14:11:10.718+0900][gc,start    ] GC(38) Pause Young (Normal) (G1 Evacuation Pause)
[2024-03-06T14:11:10.719+0900][gc,task     ] GC(38) Using 8 workers of 8 for evacuation
[2024-03-06T14:11:10.777+0900][gc,mmu      ] GC(38) MMU target violated: 21.0ms (20.0ms/21.0ms)
[2024-03-06T14:11:10.778+0900][gc,phases   ] GC(38)   Pre Evacuate Collection Set: 0.7ms
[2024-03-06T14:11:10.778+0900][gc,phases   ] GC(38)   Merge Heap Roots: 1.4ms
[2024-03-06T14:11:10.778+0900][gc,phases   ] GC(38)   Evacuate Collection Set: 52.1ms
[2024-03-06T14:11:10.778+0900][gc,phases   ] GC(38)   Post Evacuate Collection Set: 2.3ms
[2024-03-06T14:11:10.778+0900][gc,phases   ] GC(38)   Other: 5.0ms
[2024-03-06T14:11:10.778+0900][gc,heap     ] GC(38) Eden regions: 44->0(47)
[2024-03-06T14:11:10.778+0900][gc,heap     ] GC(38) Survivor regions: 7->4(7)
[2024-03-06T14:11:10.778+0900][gc,heap     ] GC(38) Old regions: 82->87
[2024-03-06T14:11:10.778+0900][gc,heap     ] GC(38) Archive regions: 2->2
[2024-03-06T14:11:10.778+0900][gc,heap     ] GC(38) Humongous regions: 129->129
[2024-03-06T14:11:10.778+0900][gc,metaspace] GC(38) Metaspace: 42918K(43520K)->42918K(43520K) NonClass: 37802K(38144K)->37802K(38144K) Class: 5116K(5376K)->5116K(5376K)
[2024-03-06T14:11:10.778+0900][gc          ] GC(38) Pause Young (Normal) (G1 Evacuation Pause) 261M->220M(1024M) 60.764ms
[2024-03-06T14:11:10.778+0900][gc,cpu      ] GC(38) User=0.04s Sys=0.02s Real=0.06s
[2024-03-06T14:14:01.124+0900][gc,start    ] GC(39) Pause Young (Normal) (G1 Evacuation Pause)
[2024-03-06T14:14:01.125+0900][gc,task     ] GC(39) Using 8 workers of 8 for evacuation
[2024-03-06T14:14:01.148+0900][gc,mmu      ] GC(39) MMU target violated: 21.0ms (20.0ms/21.0ms)
[2024-03-06T14:14:01.148+0900][gc,phases   ] GC(39)   Pre Evacuate Collection Set: 0.6ms
[2024-03-06T14:14:01.148+0900][gc,phases   ] GC(39)   Merge Heap Roots: 0.2ms
[2024-03-06T14:14:01.148+0900][gc,phases   ] GC(39)   Evacuate Collection Set: 21.1ms
[2024-03-06T14:14:01.148+0900][gc,phases   ] GC(39)   Post Evacuate Collection Set: 0.7ms
[2024-03-06T14:14:01.148+0900][gc,phases   ] GC(39)   Other: 1.5ms
[2024-03-06T14:14:01.148+0900][gc,heap     ] GC(39) Eden regions: 47->0(44)
[2024-03-06T14:14:01.148+0900][gc,heap     ] GC(39) Survivor regions: 4->7(7)
[2024-03-06T14:14:01.148+0900][gc,heap     ] GC(39) Old regions: 87->87
[2024-03-06T14:14:01.148+0900][gc,heap     ] GC(39) Archive regions: 2->2
[2024-03-06T14:14:01.148+0900][gc,heap     ] GC(39) Humongous regions: 129->129
[2024-03-06T14:14:01.148+0900][gc,metaspace] GC(39) Metaspace: 42918K(43520K)->42918K(43520K) NonClass: 37802K(38144K)->37802K(38144K) Class: 5116K(5376K)->5116K(5376K)
[2024-03-06T14:14:01.148+0900][gc          ] GC(39) Pause Young (Normal) (G1 Evacuation Pause) 267M->223M(1024M) 24.312ms
[2024-03-06T14:14:01.148+0900][gc,cpu      ] GC(39) User=0.03s Sys=0.02s Real=0.02s
[2024-03-06T14:16:37.957+0900][gc,start    ] GC(40) Pause Young (Normal) (G1 Evacuation Pause)
[2024-03-06T14:16:37.959+0900][gc,task     ] GC(40) Using 8 workers of 8 for evacuation
[2024-03-06T14:16:37.980+0900][gc,mmu      ] GC(40) MMU target violated: 20.6ms (20.0ms/21.0ms)
[2024-03-06T14:16:37.980+0900][gc,phases   ] GC(40)   Pre Evacuate Collection Set: 1.0ms
[2024-03-06T14:16:37.980+0900][gc,phases   ] GC(40)   Merge Heap Roots: 3.9ms
[2024-03-06T14:16:37.980+0900][gc,phases   ] GC(40)   Evacuate Collection Set: 14.9ms
[2024-03-06T14:16:37.980+0900][gc,phases   ] GC(40)   Post Evacuate Collection Set: 0.8ms
[2024-03-06T14:16:37.980+0900][gc,phases   ] GC(40)   Other: 2.8ms
[2024-03-06T14:16:37.980+0900][gc,heap     ] GC(40) Eden regions: 44->0(48)
[2024-03-06T14:16:37.980+0900][gc,heap     ] GC(40) Survivor regions: 7->3(7)
[2024-03-06T14:16:37.980+0900][gc,heap     ] GC(40) Old regions: 87->91
[2024-03-06T14:16:37.980+0900][gc,heap     ] GC(40) Archive regions: 2->2
[2024-03-06T14:16:37.980+0900][gc,heap     ] GC(40) Humongous regions: 129->129
[2024-03-06T14:16:37.980+0900][gc,metaspace] GC(40) Metaspace: 42920K(43520K)->42920K(43520K) NonClass: 37803K(38144K)->37803K(38144K) Class: 5116K(5376K)->5116K(5376K)
[2024-03-06T14:16:37.981+0900][gc          ] GC(40) Pause Young (Normal) (G1 Evacuation Pause) 267M->223M(1024M) 23.386ms
[2024-03-06T14:16:37.981+0900][gc,cpu      ] GC(40) User=0.03s Sys=0.01s Real=0.03s
[2024-03-06T14:19:39.000+0900][gc,start    ] GC(41) Pause Young (Normal) (G1 Evacuation Pause)
[2024-03-06T14:19:39.001+0900][gc,task     ] GC(41) Using 8 workers of 8 for evacuation
[2024-03-06T14:19:39.015+0900][gc,phases   ] GC(41)   Pre Evacuate Collection Set: 0.6ms
[2024-03-06T14:19:39.015+0900][gc,phases   ] GC(41)   Merge Heap Roots: 0.2ms
[2024-03-06T14:19:39.015+0900][gc,phases   ] GC(41)   Evacuate Collection Set: 12.7ms
[2024-03-06T14:19:39.015+0900][gc,phases   ] GC(41)   Post Evacuate Collection Set: 0.6ms
[2024-03-06T14:19:39.016+0900][gc,phases   ] GC(41)   Other: 1.7ms
[2024-03-06T14:19:39.016+0900][gc,heap     ] GC(41) Eden regions: 48->0(45)
[2024-03-06T14:19:39.016+0900][gc,heap     ] GC(41) Survivor regions: 3->6(7)
[2024-03-06T14:19:39.016+0900][gc,heap     ] GC(41) Old regions: 91->91
[2024-03-06T14:19:39.016+0900][gc,heap     ] GC(41) Archive regions: 2->2
[2024-03-06T14:19:39.016+0900][gc,heap     ] GC(41) Humongous regions: 129->129
[2024-03-06T14:19:39.016+0900][gc,metaspace] GC(41) Metaspace: 42944K(43520K)->42944K(43520K) NonClass: 37825K(38144K)->37825K(38144K) Class: 5119K(5376K)->5119K(5376K)
[2024-03-06T14:19:39.016+0900][gc          ] GC(41) Pause Young (Normal) (G1 Evacuation Pause) 271M->226M(1024M) 15.870ms
[2024-03-06T14:19:39.016+0900][gc,cpu      ] GC(41) User=0.03s Sys=0.02s Real=0.01s
[2024-03-06T14:24:11.778+0900][gc,heap,exit] Heap
[2024-03-06T14:24:11.779+0900][gc,heap,exit]  garbage-first heap   total 1048576K, used 253057K [0x00000007c0000000, 0x0000000800000000)
[2024-03-06T14:24:11.779+0900][gc,heap,exit]   region size 1024K, 27 young (27648K), 6 survivors (6144K)
[2024-03-06T14:24:11.779+0900][gc,heap,exit]  Metaspace       used 43807K, committed 44416K, reserved 1114112K
[2024-03-06T14:24:11.779+0900][gc,heap,exit]   class space    used 5301K, committed 5568K, reserved 1048576K
