[2024-03-04T12:26:13.668+0900][gc] Using G1
[2024-03-04T12:26:13.670+0900][gc,init] Version: 17.0.8+7-LTS (release)
[2024-03-04T12:26:13.670+0900][gc,init] CPUs: 8 total, 8 available
[2024-03-04T12:26:13.670+0900][gc,init] Memory: 8192M
[2024-03-04T12:26:13.670+0900][gc,init] Large Page Support: Disabled
[2024-03-04T12:26:13.670+0900][gc,init] NUMA Support: Disabled
[2024-03-04T12:26:13.670+0900][gc,init] Compressed Oops: Enabled (Zero based)
[2024-03-04T12:26:13.670+0900][gc,init] Heap Region Size: 1M
[2024-03-04T12:26:13.670+0900][gc,init] Heap Min Capacity: 1G
[2024-03-04T12:26:13.670+0900][gc,init] Heap Initial Capacity: 1G
[2024-03-04T12:26:13.670+0900][gc,init] Heap Max Capacity: 1G
[2024-03-04T12:26:13.670+0900][gc,init] Pre-touch: Disabled
[2024-03-04T12:26:13.670+0900][gc,init] Parallel Workers: 8
[2024-03-04T12:26:13.670+0900][gc,init] Concurrent Workers: 2
[2024-03-04T12:26:13.670+0900][gc,init] Concurrent Refinement Workers: 8
[2024-03-04T12:26:13.670+0900][gc,init] Periodic GC: Disabled
[2024-03-04T12:26:13.673+0900][gc,metaspace] CDS archive(s) mapped at: [0x000000d000000000-0x000000d000be0000-0x000000d000be0000), size 12451840, SharedBaseAddress: 0x000000d000000000, ArchiveRelocationMode: 1.
[2024-03-04T12:26:13.673+0900][gc,metaspace] Compressed class space mapped at: 0x000000d001000000-0x000000d041000000, reserved size: 1073741824
[2024-03-04T12:26:13.673+0900][gc,metaspace] Narrow klass base: 0x000000d000000000, Narrow klass shift: 0, Narrow klass range: 0x100000000
[2024-03-04T12:26:14.302+0900][gc,start    ] GC(0) Pause Young (Normal) (G1 Evacuation Pause)
[2024-03-04T12:26:14.302+0900][gc,task     ] GC(0) Using 8 workers of 8 for evacuation
[2024-03-04T12:26:14.305+0900][gc,phases   ] GC(0)   Pre Evacuate Collection Set: 0.1ms
[2024-03-04T12:26:14.305+0900][gc,phases   ] GC(0)   Merge Heap Roots: 0.0ms
[2024-03-04T12:26:14.305+0900][gc,phases   ] GC(0)   Evacuate Collection Set: 2.4ms
[2024-03-04T12:26:14.305+0900][gc,phases   ] GC(0)   Post Evacuate Collection Set: 0.2ms
[2024-03-04T12:26:14.305+0900][gc,phases   ] GC(0)   Other: 0.2ms
[2024-03-04T12:26:14.305+0900][gc,heap     ] GC(0) Eden regions: 51->0(44)
[2024-03-04T12:26:14.305+0900][gc,heap     ] GC(0) Survivor regions: 0->7(7)
[2024-03-04T12:26:14.305+0900][gc,heap     ] GC(0) Old regions: 0->1
[2024-03-04T12:26:14.305+0900][gc,heap     ] GC(0) Archive regions: 2->2
[2024-03-04T12:26:14.305+0900][gc,heap     ] GC(0) Humongous regions: 0->0
[2024-03-04T12:26:14.305+0900][gc,metaspace] GC(0) Metaspace: 18214K(18368K)->18214K(18368K) NonClass: 16039K(16128K)->16039K(16128K) Class: 2175K(2240K)->2175K(2240K)
[2024-03-04T12:26:14.305+0900][gc          ] GC(0) Pause Young (Normal) (G1 Evacuation Pause) 51M->8M(1024M) 3.093ms
[2024-03-04T12:26:14.305+0900][gc,cpu      ] GC(0) User=0.02s Sys=0.00s Real=0.00s
[2024-03-04T12:26:14.453+0900][gc,start    ] GC(1) Pause Young (Concurrent Start) (Metadata GC Threshold)
[2024-03-04T12:26:14.453+0900][gc,task     ] GC(1) Using 8 workers of 8 for evacuation
[2024-03-04T12:26:14.456+0900][gc,phases   ] GC(1)   Pre Evacuate Collection Set: 0.1ms
[2024-03-04T12:26:14.457+0900][gc,phases   ] GC(1)   Merge Heap Roots: 0.0ms
[2024-03-04T12:26:14.457+0900][gc,phases   ] GC(1)   Evacuate Collection Set: 3.0ms
[2024-03-04T12:26:14.457+0900][gc,phases   ] GC(1)   Post Evacuate Collection Set: 0.2ms
[2024-03-04T12:26:14.457+0900][gc,phases   ] GC(1)   Other: 0.1ms
[2024-03-04T12:26:14.457+0900][gc,heap     ] GC(1) Eden regions: 14->0(49)
[2024-03-04T12:26:14.457+0900][gc,heap     ] GC(1) Survivor regions: 7->2(7)
[2024-03-04T12:26:14.457+0900][gc,heap     ] GC(1) Old regions: 1->8
[2024-03-04T12:26:14.457+0900][gc,heap     ] GC(1) Archive regions: 2->2
[2024-03-04T12:26:14.457+0900][gc,heap     ] GC(1) Humongous regions: 129->129
[2024-03-04T12:26:14.457+0900][gc,metaspace] GC(1) Metaspace: 21319K(21504K)->21319K(21504K) NonClass: 18740K(18816K)->18740K(18816K) Class: 2579K(2688K)->2579K(2688K)
[2024-03-04T12:26:14.457+0900][gc          ] GC(1) Pause Young (Concurrent Start) (Metadata GC Threshold) 150M->139M(1024M) 3.572ms
[2024-03-04T12:26:14.457+0900][gc,cpu      ] GC(1) User=0.01s Sys=0.00s Real=0.00s
[2024-03-04T12:26:14.457+0900][gc          ] GC(2) Concurrent Mark Cycle
[2024-03-04T12:26:14.457+0900][gc,marking  ] GC(2) Concurrent Clear Claimed Marks
[2024-03-04T12:26:14.457+0900][gc,marking  ] GC(2) Concurrent Clear Claimed Marks 0.012ms
[2024-03-04T12:26:14.457+0900][gc,marking  ] GC(2) Concurrent Scan Root Regions
[2024-03-04T12:26:14.458+0900][gc,marking  ] GC(2) Concurrent Scan Root Regions 1.716ms
[2024-03-04T12:26:14.458+0900][gc,marking  ] GC(2) Concurrent Mark
[2024-03-04T12:26:14.458+0900][gc,marking  ] GC(2) Concurrent Mark From Roots
[2024-03-04T12:26:14.458+0900][gc,task     ] GC(2) Using 2 workers of 2 for marking
[2024-03-04T12:26:14.460+0900][gc,marking  ] GC(2) Concurrent Mark From Roots 1.349ms
[2024-03-04T12:26:14.460+0900][gc,marking  ] GC(2) Concurrent Preclean
[2024-03-04T12:26:14.460+0900][gc,marking  ] GC(2) Concurrent Preclean 0.013ms
[2024-03-04T12:26:14.460+0900][gc,start    ] GC(2) Pause Remark
[2024-03-04T12:26:14.461+0900][gc          ] GC(2) Pause Remark 140M->140M(1024M) 0.884ms
[2024-03-04T12:26:14.461+0900][gc,cpu      ] GC(2) User=0.01s Sys=0.00s Real=0.00s
[2024-03-04T12:26:14.461+0900][gc,marking  ] GC(2) Concurrent Mark 2.418ms
[2024-03-04T12:26:14.461+0900][gc,marking  ] GC(2) Concurrent Rebuild Remembered Sets
[2024-03-04T12:26:14.462+0900][gc,marking  ] GC(2) Concurrent Rebuild Remembered Sets 1.486ms
[2024-03-04T12:26:14.463+0900][gc,start    ] GC(2) Pause Cleanup
[2024-03-04T12:26:14.463+0900][gc          ] GC(2) Pause Cleanup 140M->140M(1024M) 0.076ms
[2024-03-04T12:26:14.463+0900][gc,cpu      ] GC(2) User=0.00s Sys=0.00s Real=0.00s
[2024-03-04T12:26:14.463+0900][gc,marking  ] GC(2) Concurrent Cleanup for Next Mark
[2024-03-04T12:26:14.464+0900][gc,marking  ] GC(2) Concurrent Cleanup for Next Mark 1.663ms
[2024-03-04T12:26:14.464+0900][gc          ] GC(2) Concurrent Mark Cycle 7.809ms
[2024-03-04T12:26:14.745+0900][gc,start    ] GC(3) Pause Young (Normal) (G1 Evacuation Pause)
[2024-03-04T12:26:14.745+0900][gc,task     ] GC(3) Using 8 workers of 8 for evacuation
[2024-03-04T12:26:14.748+0900][gc,phases   ] GC(3)   Pre Evacuate Collection Set: 0.1ms
[2024-03-04T12:26:14.748+0900][gc,phases   ] GC(3)   Merge Heap Roots: 0.0ms
[2024-03-04T12:26:14.748+0900][gc,phases   ] GC(3)   Evacuate Collection Set: 3.1ms
[2024-03-04T12:26:14.748+0900][gc,phases   ] GC(3)   Post Evacuate Collection Set: 0.2ms
[2024-03-04T12:26:14.748+0900][gc,phases   ] GC(3)   Other: 0.1ms
[2024-03-04T12:26:14.748+0900][gc,heap     ] GC(3) Eden regions: 49->0(44)
[2024-03-04T12:26:14.748+0900][gc,heap     ] GC(3) Survivor regions: 2->7(7)
[2024-03-04T12:26:14.748+0900][gc,heap     ] GC(3) Old regions: 8->8
[2024-03-04T12:26:14.748+0900][gc,heap     ] GC(3) Archive regions: 2->2
[2024-03-04T12:26:14.748+0900][gc,heap     ] GC(3) Humongous regions: 129->129
[2024-03-04T12:26:14.748+0900][gc,metaspace] GC(3) Metaspace: 32780K(33024K)->32780K(33024K) NonClass: 29145K(29312K)->29145K(29312K) Class: 3635K(3712K)->3635K(3712K)
[2024-03-04T12:26:14.748+0900][gc          ] GC(3) Pause Young (Normal) (G1 Evacuation Pause) 188M->144M(1024M) 3.672ms
[2024-03-04T12:26:14.748+0900][gc,cpu      ] GC(3) User=0.02s Sys=0.01s Real=0.00s
[2024-03-04T12:27:21.057+0900][gc,start    ] GC(4) Pause Young (Concurrent Start) (Metadata GC Threshold)
[2024-03-04T12:27:21.057+0900][gc,task     ] GC(4) Using 8 workers of 8 for evacuation
[2024-03-04T12:27:21.061+0900][gc,phases   ] GC(4)   Pre Evacuate Collection Set: 0.1ms
[2024-03-04T12:27:21.061+0900][gc,phases   ] GC(4)   Merge Heap Roots: 0.1ms
[2024-03-04T12:27:21.061+0900][gc,phases   ] GC(4)   Evacuate Collection Set: 3.7ms
[2024-03-04T12:27:21.061+0900][gc,phases   ] GC(4)   Post Evacuate Collection Set: 0.2ms
[2024-03-04T12:27:21.061+0900][gc,phases   ] GC(4)   Other: 0.3ms
[2024-03-04T12:27:21.061+0900][gc,heap     ] GC(4) Eden regions: 16->0(49)
[2024-03-04T12:27:21.061+0900][gc,heap     ] GC(4) Survivor regions: 7->2(7)
[2024-03-04T12:27:21.061+0900][gc,heap     ] GC(4) Old regions: 8->14
[2024-03-04T12:27:21.061+0900][gc,heap     ] GC(4) Archive regions: 2->2
[2024-03-04T12:27:21.061+0900][gc,heap     ] GC(4) Humongous regions: 129->129
[2024-03-04T12:27:21.061+0900][gc,metaspace] GC(4) Metaspace: 35851K(36160K)->35851K(36160K) NonClass: 31728K(31872K)->31728K(31872K) Class: 4122K(4288K)->4122K(4288K)
[2024-03-04T12:27:21.061+0900][gc          ] GC(4) Pause Young (Concurrent Start) (Metadata GC Threshold) 159M->145M(1024M) 4.508ms
[2024-03-04T12:27:21.061+0900][gc,cpu      ] GC(4) User=0.01s Sys=0.01s Real=0.01s
[2024-03-04T12:27:21.061+0900][gc          ] GC(5) Concurrent Mark Cycle
[2024-03-04T12:27:21.061+0900][gc,marking  ] GC(5) Concurrent Clear Claimed Marks
[2024-03-04T12:27:21.061+0900][gc,marking  ] GC(5) Concurrent Clear Claimed Marks 0.017ms
[2024-03-04T12:27:21.061+0900][gc,marking  ] GC(5) Concurrent Scan Root Regions
[2024-03-04T12:27:21.063+0900][gc,marking  ] GC(5) Concurrent Scan Root Regions 2.079ms
[2024-03-04T12:27:21.063+0900][gc,marking  ] GC(5) Concurrent Mark
[2024-03-04T12:27:21.063+0900][gc,marking  ] GC(5) Concurrent Mark From Roots
[2024-03-04T12:27:21.063+0900][gc,task     ] GC(5) Using 2 workers of 2 for marking
[2024-03-04T12:27:21.067+0900][gc,marking  ] GC(5) Concurrent Mark From Roots 3.390ms
[2024-03-04T12:27:21.067+0900][gc,marking  ] GC(5) Concurrent Preclean
[2024-03-04T12:27:21.067+0900][gc,marking  ] GC(5) Concurrent Preclean 0.048ms
[2024-03-04T12:27:21.067+0900][gc,start    ] GC(5) Pause Remark
[2024-03-04T12:27:21.068+0900][gc          ] GC(5) Pause Remark 145M->145M(1024M) 1.128ms
[2024-03-04T12:27:21.068+0900][gc,cpu      ] GC(5) User=0.01s Sys=0.00s Real=0.00s
[2024-03-04T12:27:21.068+0900][gc,marking  ] GC(5) Concurrent Mark 4.765ms
[2024-03-04T12:27:21.068+0900][gc,marking  ] GC(5) Concurrent Rebuild Remembered Sets
[2024-03-04T12:27:21.071+0900][gc,marking  ] GC(5) Concurrent Rebuild Remembered Sets 2.949ms
[2024-03-04T12:27:21.071+0900][gc,start    ] GC(5) Pause Cleanup
[2024-03-04T12:27:21.072+0900][gc          ] GC(5) Pause Cleanup 146M->146M(1024M) 0.207ms
[2024-03-04T12:27:21.072+0900][gc,cpu      ] GC(5) User=0.00s Sys=0.00s Real=0.00s
[2024-03-04T12:27:21.072+0900][gc,marking  ] GC(5) Concurrent Cleanup for Next Mark
[2024-03-04T12:27:21.074+0900][gc,marking  ] GC(5) Concurrent Cleanup for Next Mark 2.164ms
[2024-03-04T12:27:21.074+0900][gc          ] GC(5) Concurrent Mark Cycle 12.474ms
[2024-03-04T12:31:54.567+0900][gc,start    ] GC(6) Pause Young (Normal) (G1 Evacuation Pause)
[2024-03-04T12:31:54.567+0900][gc,task     ] GC(6) Using 8 workers of 8 for evacuation
[2024-03-04T12:31:54.573+0900][gc,phases   ] GC(6)   Pre Evacuate Collection Set: 0.2ms
[2024-03-04T12:31:54.573+0900][gc,phases   ] GC(6)   Merge Heap Roots: 0.1ms
[2024-03-04T12:31:54.573+0900][gc,phases   ] GC(6)   Evacuate Collection Set: 4.4ms
[2024-03-04T12:31:54.573+0900][gc,phases   ] GC(6)   Post Evacuate Collection Set: 0.5ms
[2024-03-04T12:31:54.573+0900][gc,phases   ] GC(6)   Other: 0.7ms
[2024-03-04T12:31:54.573+0900][gc,heap     ] GC(6) Eden regions: 49->0(46)
[2024-03-04T12:31:54.573+0900][gc,heap     ] GC(6) Survivor regions: 2->5(7)
[2024-03-04T12:31:54.573+0900][gc,heap     ] GC(6) Old regions: 14->14
[2024-03-04T12:31:54.573+0900][gc,heap     ] GC(6) Archive regions: 2->2
[2024-03-04T12:31:54.573+0900][gc,heap     ] GC(6) Humongous regions: 129->129
[2024-03-04T12:31:54.573+0900][gc,metaspace] GC(6) Metaspace: 41565K(42112K)->41565K(42112K) NonClass: 36519K(36864K)->36519K(36864K) Class: 5046K(5248K)->5046K(5248K)
[2024-03-04T12:31:54.573+0900][gc          ] GC(6) Pause Young (Normal) (G1 Evacuation Pause) 194M->148M(1024M) 6.011ms
[2024-03-04T12:31:54.573+0900][gc,cpu      ] GC(6) User=0.03s Sys=0.00s Real=0.01s
[2024-03-04T12:55:01.167+0900][gc,start    ] GC(7) Pause Young (Normal) (G1 Evacuation Pause)
[2024-03-04T12:55:01.168+0900][gc,task     ] GC(7) Using 8 workers of 8 for evacuation
[2024-03-04T12:55:01.188+0900][gc,mmu      ] GC(7) MMU target violated: 20.5ms (20.0ms/21.0ms)
[2024-03-04T12:55:01.189+0900][gc,phases   ] GC(7)   Pre Evacuate Collection Set: 1.2ms
[2024-03-04T12:55:01.189+0900][gc,phases   ] GC(7)   Merge Heap Roots: 0.1ms
[2024-03-04T12:55:01.189+0900][gc,phases   ] GC(7)   Evacuate Collection Set: 18.3ms
[2024-03-04T12:55:01.189+0900][gc,phases   ] GC(7)   Post Evacuate Collection Set: 1.0ms
[2024-03-04T12:55:01.189+0900][gc,phases   ] GC(7)   Other: 1.4ms
[2024-03-04T12:55:01.189+0900][gc,heap     ] GC(7) Eden regions: 46->0(46)
[2024-03-04T12:55:01.189+0900][gc,heap     ] GC(7) Survivor regions: 5->5(7)
[2024-03-04T12:55:01.189+0900][gc,heap     ] GC(7) Old regions: 14->15
[2024-03-04T12:55:01.189+0900][gc,heap     ] GC(7) Archive regions: 2->2
[2024-03-04T12:55:01.189+0900][gc,heap     ] GC(7) Humongous regions: 129->129
[2024-03-04T12:55:01.189+0900][gc,metaspace] GC(7) Metaspace: 42162K(42688K)->42162K(42688K) NonClass: 37095K(37376K)->37095K(37376K) Class: 5067K(5312K)->5067K(5312K)
[2024-03-04T12:55:01.189+0900][gc          ] GC(7) Pause Young (Normal) (G1 Evacuation Pause) 194M->149M(1024M) 22.079ms
[2024-03-04T12:55:01.189+0900][gc,cpu      ] GC(7) User=0.03s Sys=0.02s Real=0.02s
[2024-03-04T13:28:46.056+0900][gc,start    ] GC(8) Pause Young (Normal) (G1 Evacuation Pause)
[2024-03-04T13:28:46.057+0900][gc,task     ] GC(8) Using 8 workers of 8 for evacuation
[2024-03-04T13:28:46.069+0900][gc,phases   ] GC(8)   Pre Evacuate Collection Set: 0.7ms
[2024-03-04T13:28:46.069+0900][gc,phases   ] GC(8)   Merge Heap Roots: 0.1ms
[2024-03-04T13:28:46.069+0900][gc,phases   ] GC(8)   Evacuate Collection Set: 9.7ms
[2024-03-04T13:28:46.069+0900][gc,phases   ] GC(8)   Post Evacuate Collection Set: 1.4ms
[2024-03-04T13:28:46.069+0900][gc,phases   ] GC(8)   Other: 1.5ms
[2024-03-04T13:28:46.069+0900][gc,heap     ] GC(8) Eden regions: 46->0(48)
[2024-03-04T13:28:46.069+0900][gc,heap     ] GC(8) Survivor regions: 5->3(7)
[2024-03-04T13:28:46.069+0900][gc,heap     ] GC(8) Old regions: 15->18
[2024-03-04T13:28:46.069+0900][gc,heap     ] GC(8) Archive regions: 2->2
[2024-03-04T13:28:46.069+0900][gc,heap     ] GC(8) Humongous regions: 129->129
[2024-03-04T13:28:46.069+0900][gc,metaspace] GC(8) Metaspace: 42337K(42880K)->42337K(42880K) NonClass: 37265K(37568K)->37265K(37568K) Class: 5071K(5312K)->5071K(5312K)
[2024-03-04T13:28:46.069+0900][gc          ] GC(8) Pause Young (Normal) (G1 Evacuation Pause) 195M->149M(1024M) 13.625ms
[2024-03-04T13:28:46.069+0900][gc,cpu      ] GC(8) User=0.03s Sys=0.01s Real=0.01s
[2024-03-04T13:39:14.076+0900][gc,heap,exit] Heap
[2024-03-04T13:39:14.076+0900][gc,heap,exit]  garbage-first heap   total 1048576K, used 179375K [0x00000007c0000000, 0x0000000800000000)
[2024-03-04T13:39:14.076+0900][gc,heap,exit]   region size 1024K, 29 young (29696K), 3 survivors (3072K)
[2024-03-04T13:39:14.076+0900][gc,heap,exit]  Metaspace       used 43241K, committed 43840K, reserved 1114112K
[2024-03-04T13:39:14.076+0900][gc,heap,exit]   class space    used 5248K, committed 5504K, reserved 1048576K
