[2024-03-06T14:24:14.755+0900][gc] Using G1
[2024-03-06T14:24:14.756+0900][gc,init] Version: 17.0.8+7-LTS (release)
[2024-03-06T14:24:14.756+0900][gc,init] CPUs: 8 total, 8 available
[2024-03-06T14:24:14.756+0900][gc,init] Memory: 8192M
[2024-03-06T14:24:14.756+0900][gc,init] Large Page Support: Disabled
[2024-03-06T14:24:14.756+0900][gc,init] NUMA Support: Disabled
[2024-03-06T14:24:14.756+0900][gc,init] Compressed Oops: Enabled (Zero based)
[2024-03-06T14:24:14.756+0900][gc,init] Heap Region Size: 1M
[2024-03-06T14:24:14.756+0900][gc,init] Heap Min Capacity: 1G
[2024-03-06T14:24:14.756+0900][gc,init] Heap Initial Capacity: 1G
[2024-03-06T14:24:14.756+0900][gc,init] Heap Max Capacity: 1G
[2024-03-06T14:24:14.756+0900][gc,init] Pre-touch: Disabled
[2024-03-06T14:24:14.756+0900][gc,init] Parallel Workers: 8
[2024-03-06T14:24:14.756+0900][gc,init] Concurrent Workers: 2
[2024-03-06T14:24:14.756+0900][gc,init] Concurrent Refinement Workers: 8
[2024-03-06T14:24:14.757+0900][gc,init] Periodic GC: Disabled
[2024-03-06T14:24:14.760+0900][gc,metaspace] CDS archive(s) mapped at: [0x0000007000000000-0x0000007000be0000-0x0000007000be0000), size 12451840, SharedBaseAddress: 0x0000007000000000, ArchiveRelocationMode: 1.
[2024-03-06T14:24:14.760+0900][gc,metaspace] Compressed class space mapped at: 0x0000007001000000-0x0000007041000000, reserved size: 1073741824
[2024-03-06T14:24:14.760+0900][gc,metaspace] Narrow klass base: 0x0000007000000000, Narrow klass shift: 0, Narrow klass range: 0x100000000
[2024-03-06T14:24:15.407+0900][gc,start    ] GC(0) Pause Young (Normal) (G1 Evacuation Pause)
[2024-03-06T14:24:15.407+0900][gc,task     ] GC(0) Using 8 workers of 8 for evacuation
[2024-03-06T14:24:15.409+0900][gc,phases   ] GC(0)   Pre Evacuate Collection Set: 0.2ms
[2024-03-06T14:24:15.409+0900][gc,phases   ] GC(0)   Merge Heap Roots: 0.0ms
[2024-03-06T14:24:15.409+0900][gc,phases   ] GC(0)   Evacuate Collection Set: 2.2ms
[2024-03-06T14:24:15.409+0900][gc,phases   ] GC(0)   Post Evacuate Collection Set: 0.2ms
[2024-03-06T14:24:15.409+0900][gc,phases   ] GC(0)   Other: 0.2ms
[2024-03-06T14:24:15.409+0900][gc,heap     ] GC(0) Eden regions: 51->0(44)
[2024-03-06T14:24:15.409+0900][gc,heap     ] GC(0) Survivor regions: 0->7(7)
[2024-03-06T14:24:15.409+0900][gc,heap     ] GC(0) Old regions: 0->1
[2024-03-06T14:24:15.409+0900][gc,heap     ] GC(0) Archive regions: 2->2
[2024-03-06T14:24:15.409+0900][gc,heap     ] GC(0) Humongous regions: 0->0
[2024-03-06T14:24:15.409+0900][gc,metaspace] GC(0) Metaspace: 18226K(18432K)->18226K(18432K) NonClass: 16051K(16192K)->16051K(16192K) Class: 2175K(2240K)->2175K(2240K)
[2024-03-06T14:24:15.410+0900][gc          ] GC(0) Pause Young (Normal) (G1 Evacuation Pause) 51M->8M(1024M) 2.952ms
[2024-03-06T14:24:15.410+0900][gc,cpu      ] GC(0) User=0.02s Sys=0.00s Real=0.01s
[2024-03-06T14:24:15.512+0900][gc,start    ] GC(1) Pause Young (Concurrent Start) (Metadata GC Threshold)
[2024-03-06T14:24:15.512+0900][gc,task     ] GC(1) Using 8 workers of 8 for evacuation
[2024-03-06T14:24:15.515+0900][gc,phases   ] GC(1)   Pre Evacuate Collection Set: 0.1ms
[2024-03-06T14:24:15.515+0900][gc,phases   ] GC(1)   Merge Heap Roots: 0.0ms
[2024-03-06T14:24:15.515+0900][gc,phases   ] GC(1)   Evacuate Collection Set: 2.4ms
[2024-03-06T14:24:15.515+0900][gc,phases   ] GC(1)   Post Evacuate Collection Set: 0.2ms
[2024-03-06T14:24:15.515+0900][gc,phases   ] GC(1)   Other: 0.1ms
[2024-03-06T14:24:15.515+0900][gc,heap     ] GC(1) Eden regions: 13->0(49)
[2024-03-06T14:24:15.515+0900][gc,heap     ] GC(1) Survivor regions: 7->2(7)
[2024-03-06T14:24:15.515+0900][gc,heap     ] GC(1) Old regions: 1->9
[2024-03-06T14:24:15.515+0900][gc,heap     ] GC(1) Archive regions: 2->2
[2024-03-06T14:24:15.515+0900][gc,heap     ] GC(1) Humongous regions: 0->0
[2024-03-06T14:24:15.515+0900][gc,metaspace] GC(1) Metaspace: 21357K(21504K)->21357K(21504K) NonClass: 18758K(18816K)->18758K(18816K) Class: 2599K(2688K)->2599K(2688K)
[2024-03-06T14:24:15.515+0900][gc          ] GC(1) Pause Young (Concurrent Start) (Metadata GC Threshold) 21M->10M(1024M) 2.919ms
[2024-03-06T14:24:15.515+0900][gc,cpu      ] GC(1) User=0.01s Sys=0.01s Real=0.00s
[2024-03-06T14:24:15.515+0900][gc          ] GC(2) Concurrent Mark Cycle
[2024-03-06T14:24:15.515+0900][gc,marking  ] GC(2) Concurrent Clear Claimed Marks
[2024-03-06T14:24:15.515+0900][gc,marking  ] GC(2) Concurrent Clear Claimed Marks 0.011ms
[2024-03-06T14:24:15.515+0900][gc,marking  ] GC(2) Concurrent Scan Root Regions
[2024-03-06T14:24:15.516+0900][gc,marking  ] GC(2) Concurrent Scan Root Regions 1.417ms
[2024-03-06T14:24:15.516+0900][gc,marking  ] GC(2) Concurrent Mark
[2024-03-06T14:24:15.516+0900][gc,marking  ] GC(2) Concurrent Mark From Roots
[2024-03-06T14:24:15.516+0900][gc,task     ] GC(2) Using 2 workers of 2 for marking
[2024-03-06T14:24:15.517+0900][gc,marking  ] GC(2) Concurrent Mark From Roots 0.944ms
[2024-03-06T14:24:15.517+0900][gc,marking  ] GC(2) Concurrent Preclean
[2024-03-06T14:24:15.517+0900][gc,marking  ] GC(2) Concurrent Preclean 0.013ms
[2024-03-06T14:24:15.517+0900][gc,start    ] GC(2) Pause Remark
[2024-03-06T14:24:15.518+0900][gc          ] GC(2) Pause Remark 10M->10M(1024M) 0.854ms
[2024-03-06T14:24:15.518+0900][gc,cpu      ] GC(2) User=0.00s Sys=0.00s Real=0.00s
[2024-03-06T14:24:15.518+0900][gc,marking  ] GC(2) Concurrent Mark 1.911ms
[2024-03-06T14:24:15.518+0900][gc,marking  ] GC(2) Concurrent Rebuild Remembered Sets
[2024-03-06T14:24:15.519+0900][gc,marking  ] GC(2) Concurrent Rebuild Remembered Sets 1.408ms
[2024-03-06T14:24:15.520+0900][gc,start    ] GC(2) Pause Cleanup
[2024-03-06T14:24:15.520+0900][gc          ] GC(2) Pause Cleanup 10M->10M(1024M) 0.066ms
[2024-03-06T14:24:15.520+0900][gc,cpu      ] GC(2) User=0.00s Sys=0.00s Real=0.00s
[2024-03-06T14:24:15.520+0900][gc,marking  ] GC(2) Concurrent Cleanup for Next Mark
[2024-03-06T14:24:15.521+0900][gc,marking  ] GC(2) Concurrent Cleanup for Next Mark 1.431ms
[2024-03-06T14:24:15.521+0900][gc          ] GC(2) Concurrent Mark Cycle 6.478ms
[2024-03-06T14:24:15.914+0900][gc,start    ] GC(3) Pause Young (Normal) (G1 Evacuation Pause)
[2024-03-06T14:24:15.914+0900][gc,task     ] GC(3) Using 8 workers of 8 for evacuation
[2024-03-06T14:24:15.917+0900][gc,phases   ] GC(3)   Pre Evacuate Collection Set: 0.1ms
[2024-03-06T14:24:15.917+0900][gc,phases   ] GC(3)   Merge Heap Roots: 0.0ms
[2024-03-06T14:24:15.917+0900][gc,phases   ] GC(3)   Evacuate Collection Set: 2.3ms
[2024-03-06T14:24:15.917+0900][gc,phases   ] GC(3)   Post Evacuate Collection Set: 0.2ms
[2024-03-06T14:24:15.917+0900][gc,phases   ] GC(3)   Other: 0.1ms
[2024-03-06T14:24:15.917+0900][gc,heap     ] GC(3) Eden regions: 49->0(45)
[2024-03-06T14:24:15.917+0900][gc,heap     ] GC(3) Survivor regions: 2->6(7)
[2024-03-06T14:24:15.917+0900][gc,heap     ] GC(3) Old regions: 9->9
[2024-03-06T14:24:15.917+0900][gc,heap     ] GC(3) Archive regions: 2->2
[2024-03-06T14:24:15.917+0900][gc,heap     ] GC(3) Humongous regions: 129->129
[2024-03-06T14:24:15.917+0900][gc,metaspace] GC(3) Metaspace: 29514K(29760K)->29514K(29760K) NonClass: 26138K(26304K)->26138K(26304K) Class: 3375K(3456K)->3375K(3456K)
[2024-03-06T14:24:15.917+0900][gc          ] GC(3) Pause Young (Normal) (G1 Evacuation Pause) 188M->143M(1024M) 2.787ms
[2024-03-06T14:24:15.917+0900][gc,cpu      ] GC(3) User=0.02s Sys=0.00s Real=0.00s
[2024-03-06T14:24:16.064+0900][gc,start    ] GC(4) Pause Young (Concurrent Start) (Metadata GC Threshold)
[2024-03-06T14:24:16.064+0900][gc,task     ] GC(4) Using 8 workers of 8 for evacuation
[2024-03-06T14:24:16.067+0900][gc,phases   ] GC(4)   Pre Evacuate Collection Set: 0.1ms
[2024-03-06T14:24:16.067+0900][gc,phases   ] GC(4)   Merge Heap Roots: 0.0ms
[2024-03-06T14:24:16.067+0900][gc,phases   ] GC(4)   Evacuate Collection Set: 2.4ms
[2024-03-06T14:24:16.067+0900][gc,phases   ] GC(4)   Post Evacuate Collection Set: 0.2ms
[2024-03-06T14:24:16.067+0900][gc,phases   ] GC(4)   Other: 0.1ms
[2024-03-06T14:24:16.067+0900][gc,heap     ] GC(4) Eden regions: 28->0(48)
[2024-03-06T14:24:16.067+0900][gc,heap     ] GC(4) Survivor regions: 6->3(7)
[2024-03-06T14:24:16.067+0900][gc,heap     ] GC(4) Old regions: 9->13
[2024-03-06T14:24:16.067+0900][gc,heap     ] GC(4) Archive regions: 2->2
[2024-03-06T14:24:16.067+0900][gc,heap     ] GC(4) Humongous regions: 129->129
[2024-03-06T14:24:16.067+0900][gc,metaspace] GC(4) Metaspace: 35817K(36096K)->35817K(36096K) NonClass: 31772K(31936K)->31772K(31936K) Class: 4044K(4160K)->4044K(4160K)
[2024-03-06T14:24:16.067+0900][gc          ] GC(4) Pause Young (Concurrent Start) (Metadata GC Threshold) 170M->145M(1024M) 2.942ms
[2024-03-06T14:24:16.067+0900][gc,cpu      ] GC(4) User=0.02s Sys=0.00s Real=0.00s
[2024-03-06T14:24:16.067+0900][gc          ] GC(5) Concurrent Mark Cycle
[2024-03-06T14:24:16.067+0900][gc,marking  ] GC(5) Concurrent Clear Claimed Marks
[2024-03-06T14:24:16.067+0900][gc,marking  ] GC(5) Concurrent Clear Claimed Marks 0.022ms
[2024-03-06T14:24:16.067+0900][gc,marking  ] GC(5) Concurrent Scan Root Regions
[2024-03-06T14:24:16.069+0900][gc,marking  ] GC(5) Concurrent Scan Root Regions 1.793ms
[2024-03-06T14:24:16.069+0900][gc,marking  ] GC(5) Concurrent Mark
[2024-03-06T14:24:16.069+0900][gc,marking  ] GC(5) Concurrent Mark From Roots
[2024-03-06T14:24:16.069+0900][gc,task     ] GC(5) Using 2 workers of 2 for marking
[2024-03-06T14:24:16.072+0900][gc,marking  ] GC(5) Concurrent Mark From Roots 3.045ms
[2024-03-06T14:24:16.072+0900][gc,marking  ] GC(5) Concurrent Preclean
[2024-03-06T14:24:16.072+0900][gc,marking  ] GC(5) Concurrent Preclean 0.044ms
[2024-03-06T14:24:16.072+0900][gc,start    ] GC(5) Pause Remark
[2024-03-06T14:24:16.073+0900][gc          ] GC(5) Pause Remark 146M->146M(1024M) 0.916ms
[2024-03-06T14:24:16.073+0900][gc,cpu      ] GC(5) User=0.01s Sys=0.00s Real=0.00s
[2024-03-06T14:24:16.073+0900][gc,marking  ] GC(5) Concurrent Mark 4.270ms
[2024-03-06T14:24:16.073+0900][gc,marking  ] GC(5) Concurrent Rebuild Remembered Sets
[2024-03-06T14:24:16.076+0900][gc,marking  ] GC(5) Concurrent Rebuild Remembered Sets 2.760ms
[2024-03-06T14:24:16.076+0900][gc,start    ] GC(5) Pause Cleanup
[2024-03-06T14:24:16.076+0900][gc          ] GC(5) Pause Cleanup 146M->146M(1024M) 0.092ms
[2024-03-06T14:24:16.076+0900][gc,cpu      ] GC(5) User=0.00s Sys=0.00s Real=0.00s
[2024-03-06T14:24:16.076+0900][gc,marking  ] GC(5) Concurrent Cleanup for Next Mark
[2024-03-06T14:24:16.078+0900][gc,marking  ] GC(5) Concurrent Cleanup for Next Mark 1.737ms
[2024-03-06T14:24:16.079+0900][gc          ] GC(5) Concurrent Mark Cycle 11.268ms
[2024-03-06T14:31:59.958+0900][gc,start    ] GC(6) Pause Young (Prepare Mixed) (G1 Evacuation Pause)
[2024-03-06T14:31:59.958+0900][gc,task     ] GC(6) Using 8 workers of 8 for evacuation
[2024-03-06T14:31:59.979+0900][gc,mmu      ] GC(6) MMU target violated: 20.9ms (20.0ms/21.0ms)
[2024-03-06T14:31:59.979+0900][gc,phases   ] GC(6)   Pre Evacuate Collection Set: 0.3ms
[2024-03-06T14:31:59.979+0900][gc,phases   ] GC(6)   Merge Heap Roots: 0.2ms
[2024-03-06T14:31:59.979+0900][gc,phases   ] GC(6)   Evacuate Collection Set: 19.8ms
[2024-03-06T14:31:59.979+0900][gc,phases   ] GC(6)   Post Evacuate Collection Set: 0.7ms
[2024-03-06T14:31:59.979+0900][gc,phases   ] GC(6)   Other: 0.5ms
[2024-03-06T14:31:59.979+0900][gc,heap     ] GC(6) Eden regions: 48->0(46)
[2024-03-06T14:31:59.979+0900][gc,heap     ] GC(6) Survivor regions: 3->5(7)
[2024-03-06T14:31:59.979+0900][gc,heap     ] GC(6) Old regions: 13->13
[2024-03-06T14:31:59.979+0900][gc,heap     ] GC(6) Archive regions: 2->2
[2024-03-06T14:31:59.979+0900][gc,heap     ] GC(6) Humongous regions: 147->129
[2024-03-06T14:31:59.979+0900][gc,metaspace] GC(6) Metaspace: 40910K(41536K)->40910K(41536K) NonClass: 35942K(36288K)->35942K(36288K) Class: 4968K(5248K)->4968K(5248K)
[2024-03-06T14:31:59.979+0900][gc          ] GC(6) Pause Young (Prepare Mixed) (G1 Evacuation Pause) 211M->147M(1024M) 21.447ms
[2024-03-06T14:31:59.979+0900][gc,cpu      ] GC(6) User=0.02s Sys=0.03s Real=0.02s
[2024-03-06T14:34:00.625+0900][gc,start    ] GC(7) Pause Young (Mixed) (G1 Evacuation Pause)
[2024-03-06T14:34:00.626+0900][gc,task     ] GC(7) Using 8 workers of 8 for evacuation
[2024-03-06T14:34:00.650+0900][gc,mmu      ] GC(7) MMU target violated: 21.0ms (20.0ms/21.0ms)
[2024-03-06T14:34:00.651+0900][gc,phases   ] GC(7)   Pre Evacuate Collection Set: 0.5ms
[2024-03-06T14:34:00.651+0900][gc,phases   ] GC(7)   Merge Heap Roots: 0.1ms
[2024-03-06T14:34:00.651+0900][gc,phases   ] GC(7)   Evacuate Collection Set: 22.5ms
[2024-03-06T14:34:00.651+0900][gc,phases   ] GC(7)   Post Evacuate Collection Set: 1.5ms
[2024-03-06T14:34:00.651+0900][gc,phases   ] GC(7)   Other: 0.9ms
[2024-03-06T14:34:00.651+0900][gc,heap     ] GC(7) Eden regions: 46->0(44)
[2024-03-06T14:34:00.651+0900][gc,heap     ] GC(7) Survivor regions: 5->7(7)
[2024-03-06T14:34:00.651+0900][gc,heap     ] GC(7) Old regions: 13->15
[2024-03-06T14:34:00.651+0900][gc,heap     ] GC(7) Archive regions: 2->2
[2024-03-06T14:34:00.651+0900][gc,heap     ] GC(7) Humongous regions: 129->129
[2024-03-06T14:34:00.651+0900][gc,metaspace] GC(7) Metaspace: 42826K(43392K)->42826K(43392K) NonClass: 37582K(37888K)->37582K(37888K) Class: 5244K(5504K)->5244K(5504K)
[2024-03-06T14:34:00.651+0900][gc          ] GC(7) Pause Young (Mixed) (G1 Evacuation Pause) 193M->151M(1024M) 25.561ms
[2024-03-06T14:34:00.651+0900][gc,cpu      ] GC(7) User=0.04s Sys=0.02s Real=0.03s
[2024-03-06T14:36:31.137+0900][gc,start    ] GC(8) Pause Young (Normal) (G1 Evacuation Pause)
[2024-03-06T14:36:31.138+0900][gc,task     ] GC(8) Using 8 workers of 8 for evacuation
[2024-03-06T14:36:31.153+0900][gc,phases   ] GC(8)   Pre Evacuate Collection Set: 0.5ms
[2024-03-06T14:36:31.153+0900][gc,phases   ] GC(8)   Merge Heap Roots: 0.2ms
[2024-03-06T14:36:31.153+0900][gc,phases   ] GC(8)   Evacuate Collection Set: 13.6ms
[2024-03-06T14:36:31.153+0900][gc,phases   ] GC(8)   Post Evacuate Collection Set: 0.7ms
[2024-03-06T14:36:31.153+0900][gc,phases   ] GC(8)   Other: 0.8ms
[2024-03-06T14:36:31.153+0900][gc,heap     ] GC(8) Eden regions: 44->0(48)
[2024-03-06T14:36:31.153+0900][gc,heap     ] GC(8) Survivor regions: 7->3(7)
[2024-03-06T14:36:31.153+0900][gc,heap     ] GC(8) Old regions: 15->18
[2024-03-06T14:36:31.153+0900][gc,heap     ] GC(8) Archive regions: 2->2
[2024-03-06T14:36:31.153+0900][gc,heap     ] GC(8) Humongous regions: 129->129
[2024-03-06T14:36:31.153+0900][gc,metaspace] GC(8) Metaspace: 42932K(43584K)->42932K(43584K) NonClass: 37666K(38016K)->37666K(38016K) Class: 5265K(5568K)->5265K(5568K)
[2024-03-06T14:36:31.153+0900][gc          ] GC(8) Pause Young (Normal) (G1 Evacuation Pause) 195M->150M(1024M) 15.979ms
[2024-03-06T14:36:31.153+0900][gc,cpu      ] GC(8) User=0.03s Sys=0.01s Real=0.02s
[2024-03-06T14:39:25.420+0900][gc,start    ] GC(9) Pause Young (Normal) (G1 Evacuation Pause)
[2024-03-06T14:39:25.421+0900][gc,task     ] GC(9) Using 8 workers of 8 for evacuation
[2024-03-06T14:39:25.427+0900][gc,phases   ] GC(9)   Pre Evacuate Collection Set: 0.3ms
[2024-03-06T14:39:25.427+0900][gc,phases   ] GC(9)   Merge Heap Roots: 0.1ms
[2024-03-06T14:39:25.427+0900][gc,phases   ] GC(9)   Evacuate Collection Set: 5.1ms
[2024-03-06T14:39:25.427+0900][gc,phases   ] GC(9)   Post Evacuate Collection Set: 0.3ms
[2024-03-06T14:39:25.427+0900][gc,phases   ] GC(9)   Other: 0.6ms
[2024-03-06T14:39:25.427+0900][gc,heap     ] GC(9) Eden regions: 48->0(46)
[2024-03-06T14:39:25.427+0900][gc,heap     ] GC(9) Survivor regions: 3->5(7)
[2024-03-06T14:39:25.427+0900][gc,heap     ] GC(9) Old regions: 18->18
[2024-03-06T14:39:25.427+0900][gc,heap     ] GC(9) Archive regions: 2->2
[2024-03-06T14:39:25.427+0900][gc,heap     ] GC(9) Humongous regions: 129->129
[2024-03-06T14:39:25.427+0900][gc,metaspace] GC(9) Metaspace: 42994K(43648K)->42994K(43648K) NonClass: 37726K(38080K)->37726K(38080K) Class: 5267K(5568K)->5267K(5568K)
[2024-03-06T14:39:25.427+0900][gc          ] GC(9) Pause Young (Normal) (G1 Evacuation Pause) 198M->152M(1024M) 6.454ms
[2024-03-06T14:39:25.427+0900][gc,cpu      ] GC(9) User=0.01s Sys=0.01s Real=0.00s
[2024-03-06T14:42:14.480+0900][gc,start    ] GC(10) Pause Young (Normal) (G1 Evacuation Pause)
[2024-03-06T14:42:14.480+0900][gc,task     ] GC(10) Using 8 workers of 8 for evacuation
[2024-03-06T14:42:14.498+0900][gc,phases   ] GC(10)   Pre Evacuate Collection Set: 0.4ms
[2024-03-06T14:42:14.499+0900][gc,phases   ] GC(10)   Merge Heap Roots: 0.1ms
[2024-03-06T14:42:14.499+0900][gc,phases   ] GC(10)   Evacuate Collection Set: 17.3ms
[2024-03-06T14:42:14.499+0900][gc,phases   ] GC(10)   Post Evacuate Collection Set: 0.6ms
[2024-03-06T14:42:14.499+0900][gc,phases   ] GC(10)   Other: 0.6ms
[2024-03-06T14:42:14.499+0900][gc,heap     ] GC(10) Eden regions: 46->0(44)
[2024-03-06T14:42:14.499+0900][gc,heap     ] GC(10) Survivor regions: 5->7(7)
[2024-03-06T14:42:14.499+0900][gc,heap     ] GC(10) Old regions: 18->19
[2024-03-06T14:42:14.499+0900][gc,heap     ] GC(10) Archive regions: 2->2
[2024-03-06T14:42:14.499+0900][gc,heap     ] GC(10) Humongous regions: 129->129
[2024-03-06T14:42:14.499+0900][gc,metaspace] GC(10) Metaspace: 43053K(43712K)->43053K(43712K) NonClass: 37785K(38144K)->37785K(38144K) Class: 5267K(5568K)->5267K(5568K)
[2024-03-06T14:42:14.499+0900][gc          ] GC(10) Pause Young (Normal) (G1 Evacuation Pause) 198M->155M(1024M) 19.194ms
[2024-03-06T14:42:14.499+0900][gc,cpu      ] GC(10) User=0.03s Sys=0.02s Real=0.01s
[2024-03-06T14:45:01.934+0900][gc,start    ] GC(11) Pause Young (Normal) (G1 Evacuation Pause)
[2024-03-06T14:45:01.936+0900][gc,task     ] GC(11) Using 8 workers of 8 for evacuation
[2024-03-06T14:45:01.952+0900][gc,phases   ] GC(11)   Pre Evacuate Collection Set: 0.7ms
[2024-03-06T14:45:01.952+0900][gc,phases   ] GC(11)   Merge Heap Roots: 0.3ms
[2024-03-06T14:45:01.952+0900][gc,phases   ] GC(11)   Evacuate Collection Set: 13.6ms
[2024-03-06T14:45:01.952+0900][gc,phases   ] GC(11)   Post Evacuate Collection Set: 1.2ms
[2024-03-06T14:45:01.952+0900][gc,phases   ] GC(11)   Other: 1.8ms
[2024-03-06T14:45:01.952+0900][gc,heap     ] GC(11) Eden regions: 44->0(56)
[2024-03-06T14:45:01.952+0900][gc,heap     ] GC(11) Survivor regions: 7->3(7)
[2024-03-06T14:45:01.952+0900][gc,heap     ] GC(11) Old regions: 19->24
[2024-03-06T14:45:01.952+0900][gc,heap     ] GC(11) Archive regions: 2->2
[2024-03-06T14:45:01.952+0900][gc,heap     ] GC(11) Humongous regions: 129->129
[2024-03-06T14:45:01.952+0900][gc,metaspace] GC(11) Metaspace: 43142K(43840K)->43142K(43840K) NonClass: 37870K(38272K)->37870K(38272K) Class: 5271K(5568K)->5271K(5568K)
[2024-03-06T14:45:01.952+0900][gc          ] GC(11) Pause Young (Normal) (G1 Evacuation Pause) 199M->155M(1024M) 17.719ms
[2024-03-06T14:45:01.952+0900][gc,cpu      ] GC(11) User=0.03s Sys=0.01s Real=0.02s
[2024-03-06T14:48:12.498+0900][gc,start    ] GC(12) Pause Young (Normal) (G1 Evacuation Pause)
[2024-03-06T14:48:12.499+0900][gc,task     ] GC(12) Using 8 workers of 8 for evacuation
[2024-03-06T14:48:12.510+0900][gc,phases   ] GC(12)   Pre Evacuate Collection Set: 0.5ms
[2024-03-06T14:48:12.510+0900][gc,phases   ] GC(12)   Merge Heap Roots: 0.2ms
[2024-03-06T14:48:12.510+0900][gc,phases   ] GC(12)   Evacuate Collection Set: 10.1ms
[2024-03-06T14:48:12.510+0900][gc,phases   ] GC(12)   Post Evacuate Collection Set: 0.7ms
[2024-03-06T14:48:12.510+0900][gc,phases   ] GC(12)   Other: 0.6ms
[2024-03-06T14:48:12.510+0900][gc,heap     ] GC(12) Eden regions: 56->0(45)
[2024-03-06T14:48:12.510+0900][gc,heap     ] GC(12) Survivor regions: 3->6(8)
[2024-03-06T14:48:12.511+0900][gc,heap     ] GC(12) Old regions: 24->24
[2024-03-06T14:48:12.511+0900][gc,heap     ] GC(12) Archive regions: 2->2
[2024-03-06T14:48:12.511+0900][gc,heap     ] GC(12) Humongous regions: 129->129
[2024-03-06T14:48:12.511+0900][gc,metaspace] GC(12) Metaspace: 43296K(43904K)->43296K(43904K) NonClass: 37989K(38336K)->37989K(38336K) Class: 5307K(5568K)->5307K(5568K)
[2024-03-06T14:48:12.511+0900][gc          ] GC(12) Pause Young (Normal) (G1 Evacuation Pause) 211M->158M(1024M) 12.335ms
[2024-03-06T14:48:12.511+0900][gc,cpu      ] GC(12) User=0.03s Sys=0.02s Real=0.02s
[2024-03-06T14:50:47.272+0900][gc,start    ] GC(13) Pause Young (Normal) (G1 Evacuation Pause)
[2024-03-06T14:50:47.273+0900][gc,task     ] GC(13) Using 8 workers of 8 for evacuation
[2024-03-06T14:50:47.290+0900][gc,phases   ] GC(13)   Pre Evacuate Collection Set: 0.6ms
[2024-03-06T14:50:47.290+0900][gc,phases   ] GC(13)   Merge Heap Roots: 0.2ms
[2024-03-06T14:50:47.290+0900][gc,phases   ] GC(13)   Evacuate Collection Set: 16.0ms
[2024-03-06T14:50:47.291+0900][gc,phases   ] GC(13)   Post Evacuate Collection Set: 0.6ms
[2024-03-06T14:50:47.291+0900][gc,phases   ] GC(13)   Other: 1.4ms
[2024-03-06T14:50:47.291+0900][gc,heap     ] GC(13) Eden regions: 45->0(44)
[2024-03-06T14:50:47.291+0900][gc,heap     ] GC(13) Survivor regions: 6->7(7)
[2024-03-06T14:50:47.291+0900][gc,heap     ] GC(13) Old regions: 24->26
[2024-03-06T14:50:47.291+0900][gc,heap     ] GC(13) Archive regions: 2->2
[2024-03-06T14:50:47.291+0900][gc,heap     ] GC(13) Humongous regions: 129->129
[2024-03-06T14:50:47.291+0900][gc,metaspace] GC(13) Metaspace: 43314K(43968K)->43314K(43968K) NonClass: 38007K(38400K)->38007K(38400K) Class: 5307K(5568K)->5307K(5568K)
[2024-03-06T14:50:47.291+0900][gc          ] GC(13) Pause Young (Normal) (G1 Evacuation Pause) 203M->162M(1024M) 19.055ms
[2024-03-06T14:50:47.291+0900][gc,cpu      ] GC(13) User=0.04s Sys=0.03s Real=0.02s
[2024-03-06T14:53:18.617+0900][gc,start    ] GC(14) Pause Young (Normal) (G1 Evacuation Pause)
[2024-03-06T14:53:18.618+0900][gc,task     ] GC(14) Using 8 workers of 8 for evacuation
[2024-03-06T14:53:18.640+0900][gc,mmu      ] GC(14) MMU target violated: 21.0ms (20.0ms/21.0ms)
[2024-03-06T14:53:18.640+0900][gc,phases   ] GC(14)   Pre Evacuate Collection Set: 0.7ms
[2024-03-06T14:53:18.640+0900][gc,phases   ] GC(14)   Merge Heap Roots: 0.6ms
[2024-03-06T14:53:18.640+0900][gc,phases   ] GC(14)   Evacuate Collection Set: 19.1ms
[2024-03-06T14:53:18.640+0900][gc,phases   ] GC(14)   Post Evacuate Collection Set: 1.7ms
[2024-03-06T14:53:18.640+0900][gc,phases   ] GC(14)   Other: 2.2ms
[2024-03-06T14:53:18.640+0900][gc,heap     ] GC(14) Eden regions: 44->0(71)
[2024-03-06T14:53:18.641+0900][gc,heap     ] GC(14) Survivor regions: 7->3(7)
[2024-03-06T14:53:18.641+0900][gc,heap     ] GC(14) Old regions: 26->31
[2024-03-06T14:53:18.641+0900][gc,heap     ] GC(14) Archive regions: 2->2
[2024-03-06T14:53:18.641+0900][gc,heap     ] GC(14) Humongous regions: 129->129
[2024-03-06T14:53:18.641+0900][gc,metaspace] GC(14) Metaspace: 43318K(43968K)->43318K(43968K) NonClass: 38011K(38400K)->38011K(38400K) Class: 5307K(5568K)->5307K(5568K)
[2024-03-06T14:53:18.641+0900][gc          ] GC(14) Pause Young (Normal) (G1 Evacuation Pause) 206M->163M(1024M) 23.970ms
[2024-03-06T14:53:18.641+0900][gc,cpu      ] GC(14) User=0.04s Sys=0.02s Real=0.03s
[2024-03-06T14:57:25.673+0900][gc,start    ] GC(15) Pause Young (Normal) (G1 Evacuation Pause)
[2024-03-06T14:57:25.673+0900][gc,task     ] GC(15) Using 8 workers of 8 for evacuation
[2024-03-06T14:57:25.688+0900][gc,phases   ] GC(15)   Pre Evacuate Collection Set: 0.6ms
[2024-03-06T14:57:25.688+0900][gc,phases   ] GC(15)   Merge Heap Roots: 0.4ms
[2024-03-06T14:57:25.688+0900][gc,phases   ] GC(15)   Evacuate Collection Set: 13.2ms
[2024-03-06T14:57:25.688+0900][gc,phases   ] GC(15)   Post Evacuate Collection Set: 0.7ms
[2024-03-06T14:57:25.688+0900][gc,phases   ] GC(15)   Other: 0.7ms
[2024-03-06T14:57:25.688+0900][gc,heap     ] GC(15) Eden regions: 71->0(43)
[2024-03-06T14:57:25.688+0900][gc,heap     ] GC(15) Survivor regions: 3->8(10)
[2024-03-06T14:57:25.688+0900][gc,heap     ] GC(15) Old regions: 31->31
[2024-03-06T14:57:25.688+0900][gc,heap     ] GC(15) Archive regions: 2->2
[2024-03-06T14:57:25.688+0900][gc,heap     ] GC(15) Humongous regions: 129->129
[2024-03-06T14:57:25.688+0900][gc,metaspace] GC(15) Metaspace: 43347K(43968K)->43347K(43968K) NonClass: 38039K(38400K)->38039K(38400K) Class: 5308K(5568K)->5308K(5568K)
[2024-03-06T14:57:25.688+0900][gc          ] GC(15) Pause Young (Normal) (G1 Evacuation Pause) 234M->168M(1024M) 15.633ms
[2024-03-06T14:57:25.688+0900][gc,cpu      ] GC(15) User=0.03s Sys=0.02s Real=0.01s
[2024-03-06T14:59:52.644+0900][gc,start    ] GC(16) Pause Young (Normal) (G1 Evacuation Pause)
[2024-03-06T14:59:52.644+0900][gc,task     ] GC(16) Using 8 workers of 8 for evacuation
[2024-03-06T14:59:52.677+0900][gc,mmu      ] GC(16) MMU target violated: 21.0ms (20.0ms/21.0ms)
[2024-03-06T14:59:52.677+0900][gc,phases   ] GC(16)   Pre Evacuate Collection Set: 0.4ms
[2024-03-06T14:59:52.677+0900][gc,phases   ] GC(16)   Merge Heap Roots: 0.2ms
[2024-03-06T14:59:52.677+0900][gc,phases   ] GC(16)   Evacuate Collection Set: 31.7ms
[2024-03-06T14:59:52.677+0900][gc,phases   ] GC(16)   Post Evacuate Collection Set: 0.7ms
[2024-03-06T14:59:52.677+0900][gc,phases   ] GC(16)   Other: 0.5ms
[2024-03-06T14:59:52.677+0900][gc,heap     ] GC(16) Eden regions: 43->0(45)
[2024-03-06T14:59:52.677+0900][gc,heap     ] GC(16) Survivor regions: 8->6(7)
[2024-03-06T14:59:52.677+0900][gc,heap     ] GC(16) Old regions: 31->37
[2024-03-06T14:59:52.677+0900][gc,heap     ] GC(16) Archive regions: 2->2
[2024-03-06T14:59:52.677+0900][gc,heap     ] GC(16) Humongous regions: 129->129
[2024-03-06T14:59:52.677+0900][gc,metaspace] GC(16) Metaspace: 43352K(43968K)->43352K(43968K) NonClass: 38043K(38400K)->38043K(38400K) Class: 5308K(5568K)->5308K(5568K)
[2024-03-06T14:59:52.678+0900][gc          ] GC(16) Pause Young (Normal) (G1 Evacuation Pause) 211M->171M(1024M) 33.648ms
[2024-03-06T14:59:52.678+0900][gc,cpu      ] GC(16) User=0.05s Sys=0.02s Real=0.03s
[2024-03-06T15:02:26.934+0900][gc,start    ] GC(17) Pause Young (Normal) (G1 Evacuation Pause)
[2024-03-06T15:02:26.935+0900][gc,task     ] GC(17) Using 8 workers of 8 for evacuation
[2024-03-06T15:02:26.953+0900][gc,phases   ] GC(17)   Pre Evacuate Collection Set: 0.5ms
[2024-03-06T15:02:26.953+0900][gc,phases   ] GC(17)   Merge Heap Roots: 0.3ms
[2024-03-06T15:02:26.953+0900][gc,phases   ] GC(17)   Evacuate Collection Set: 15.6ms
[2024-03-06T15:02:26.953+0900][gc,phases   ] GC(17)   Post Evacuate Collection Set: 0.6ms
[2024-03-06T15:02:26.953+0900][gc,phases   ] GC(17)   Other: 2.6ms
[2024-03-06T15:02:26.953+0900][gc,heap     ] GC(17) Eden regions: 45->0(65)
[2024-03-06T15:02:26.953+0900][gc,heap     ] GC(17) Survivor regions: 6->4(7)
[2024-03-06T15:02:26.953+0900][gc,heap     ] GC(17) Old regions: 37->40
[2024-03-06T15:02:26.953+0900][gc,heap     ] GC(17) Archive regions: 2->2
[2024-03-06T15:02:26.953+0900][gc,heap     ] GC(17) Humongous regions: 129->129
[2024-03-06T15:02:26.953+0900][gc,metaspace] GC(17) Metaspace: 43364K(43968K)->43364K(43968K) NonClass: 38055K(38400K)->38055K(38400K) Class: 5308K(5568K)->5308K(5568K)
[2024-03-06T15:02:26.953+0900][gc          ] GC(17) Pause Young (Normal) (G1 Evacuation Pause) 216M->173M(1024M) 20.087ms
[2024-03-06T15:02:26.953+0900][gc,cpu      ] GC(17) User=0.02s Sys=0.02s Real=0.02s
[2024-03-06T15:05:56.507+0900][gc,start    ] GC(18) Pause Young (Normal) (G1 Evacuation Pause)
[2024-03-06T15:05:56.508+0900][gc,task     ] GC(18) Using 8 workers of 8 for evacuation
[2024-03-06T15:05:56.526+0900][gc,phases   ] GC(18)   Pre Evacuate Collection Set: 0.6ms
[2024-03-06T15:05:56.526+0900][gc,phases   ] GC(18)   Merge Heap Roots: 0.2ms
[2024-03-06T15:05:56.526+0900][gc,phases   ] GC(18)   Evacuate Collection Set: 16.1ms
[2024-03-06T15:05:56.526+0900][gc,phases   ] GC(18)   Post Evacuate Collection Set: 0.8ms
[2024-03-06T15:05:56.526+0900][gc,phases   ] GC(18)   Other: 1.2ms
[2024-03-06T15:05:56.526+0900][gc,heap     ] GC(18) Eden regions: 61->0(43)
[2024-03-06T15:05:56.526+0900][gc,heap     ] GC(18) Survivor regions: 4->8(9)
[2024-03-06T15:05:56.526+0900][gc,heap     ] GC(18) Old regions: 40->40
[2024-03-06T15:05:56.526+0900][gc,heap     ] GC(18) Archive regions: 2->2
[2024-03-06T15:05:56.526+0900][gc,heap     ] GC(18) Humongous regions: 129->129
[2024-03-06T15:05:56.526+0900][gc,metaspace] GC(18) Metaspace: 43418K(44032K)->43418K(44032K) NonClass: 38109K(38464K)->38109K(38464K) Class: 5308K(5568K)->5308K(5568K)
[2024-03-06T15:05:56.526+0900][gc          ] GC(18) Pause Young (Normal) (G1 Evacuation Pause) 234M->176M(1024M) 19.228ms
[2024-03-06T15:05:56.526+0900][gc,cpu      ] GC(18) User=0.04s Sys=0.01s Real=0.02s
[2024-03-06T15:08:23.197+0900][gc,start    ] GC(19) Pause Young (Normal) (G1 Evacuation Pause)
[2024-03-06T15:08:23.198+0900][gc,task     ] GC(19) Using 8 workers of 8 for evacuation
[2024-03-06T15:08:23.223+0900][gc,mmu      ] GC(19) MMU target violated: 21.0ms (20.0ms/21.0ms)
[2024-03-06T15:08:23.223+0900][gc,phases   ] GC(19)   Pre Evacuate Collection Set: 0.7ms
[2024-03-06T15:08:23.223+0900][gc,phases   ] GC(19)   Merge Heap Roots: 0.4ms
[2024-03-06T15:08:23.223+0900][gc,phases   ] GC(19)   Evacuate Collection Set: 23.1ms
[2024-03-06T15:08:23.223+0900][gc,phases   ] GC(19)   Post Evacuate Collection Set: 0.9ms
[2024-03-06T15:08:23.223+0900][gc,phases   ] GC(19)   Other: 1.8ms
[2024-03-06T15:08:23.223+0900][gc,heap     ] GC(19) Eden regions: 43->0(72)
[2024-03-06T15:08:23.223+0900][gc,heap     ] GC(19) Survivor regions: 8->4(7)
[2024-03-06T15:08:23.223+0900][gc,heap     ] GC(19) Old regions: 40->45
[2024-03-06T15:08:23.223+0900][gc,heap     ] GC(19) Archive regions: 2->2
[2024-03-06T15:08:23.223+0900][gc,heap     ] GC(19) Humongous regions: 129->129
[2024-03-06T15:08:23.224+0900][gc,metaspace] GC(19) Metaspace: 43428K(44032K)->43428K(44032K) NonClass: 38119K(38464K)->38119K(38464K) Class: 5308K(5568K)->5308K(5568K)
[2024-03-06T15:08:23.224+0900][gc          ] GC(19) Pause Young (Normal) (G1 Evacuation Pause) 219M->178M(1024M) 27.045ms
[2024-03-06T15:08:23.224+0900][gc,cpu      ] GC(19) User=0.05s Sys=0.02s Real=0.03s
[2024-03-06T15:12:36.703+0900][gc,start    ] GC(20) Pause Young (Normal) (G1 Evacuation Pause)
[2024-03-06T15:12:36.703+0900][gc,task     ] GC(20) Using 8 workers of 8 for evacuation
[2024-03-06T15:12:36.712+0900][gc,phases   ] GC(20)   Pre Evacuate Collection Set: 0.2ms
[2024-03-06T15:12:36.712+0900][gc,phases   ] GC(20)   Merge Heap Roots: 0.1ms
[2024-03-06T15:12:36.712+0900][gc,phases   ] GC(20)   Evacuate Collection Set: 7.4ms
[2024-03-06T15:12:36.712+0900][gc,phases   ] GC(20)   Post Evacuate Collection Set: 0.9ms
[2024-03-06T15:12:36.712+0900][gc,phases   ] GC(20)   Other: 0.5ms
[2024-03-06T15:12:36.712+0900][gc,heap     ] GC(20) Eden regions: 72->0(46)
[2024-03-06T15:12:36.712+0900][gc,heap     ] GC(20) Survivor regions: 4->7(10)
[2024-03-06T15:12:36.712+0900][gc,heap     ] GC(20) Old regions: 45->45
[2024-03-06T15:12:36.712+0900][gc,heap     ] GC(20) Archive regions: 2->2
[2024-03-06T15:12:36.712+0900][gc,heap     ] GC(20) Humongous regions: 129->129
[2024-03-06T15:12:36.712+0900][gc,metaspace] GC(20) Metaspace: 43595K(44288K)->43595K(44288K) NonClass: 38249K(38656K)->38249K(38656K) Class: 5345K(5632K)->5345K(5632K)
[2024-03-06T15:12:36.712+0900][gc          ] GC(20) Pause Young (Normal) (G1 Evacuation Pause) 250M->181M(1024M) 9.235ms
[2024-03-06T15:12:36.712+0900][gc,cpu      ] GC(20) User=0.02s Sys=0.02s Real=0.01s
[2024-03-06T15:12:37.478+0900][gc,heap,exit] Heap
[2024-03-06T15:12:37.478+0900][gc,heap,exit]  garbage-first heap   total 1048576K, used 194770K [0x00000007c0000000, 0x0000000800000000)
[2024-03-06T15:12:37.478+0900][gc,heap,exit]   region size 1024K, 16 young (16384K), 7 survivors (7168K)
[2024-03-06T15:12:37.478+0900][gc,heap,exit]  Metaspace       used 44242K, committed 44928K, reserved 1114112K
[2024-03-06T15:12:37.478+0900][gc,heap,exit]   class space    used 5481K, committed 5760K, reserved 1048576K
