[2024-03-05T13:08:17.827+0900][gc] Using G1
[2024-03-05T13:08:17.828+0900][gc,init] Version: 17.0.8+7-LTS (release)
[2024-03-05T13:08:17.828+0900][gc,init] CPUs: 8 total, 8 available
[2024-03-05T13:08:17.828+0900][gc,init] Memory: 8192M
[2024-03-05T13:08:17.828+0900][gc,init] Large Page Support: Disabled
[2024-03-05T13:08:17.828+0900][gc,init] NUMA Support: Disabled
[2024-03-05T13:08:17.828+0900][gc,init] Compressed Oops: Enabled (Zero based)
[2024-03-05T13:08:17.828+0900][gc,init] Heap Region Size: 1M
[2024-03-05T13:08:17.828+0900][gc,init] Heap Min Capacity: 1G
[2024-03-05T13:08:17.828+0900][gc,init] Heap Initial Capacity: 1G
[2024-03-05T13:08:17.828+0900][gc,init] Heap Max Capacity: 1G
[2024-03-05T13:08:17.828+0900][gc,init] Pre-touch: Disabled
[2024-03-05T13:08:17.828+0900][gc,init] Parallel Workers: 8
[2024-03-05T13:08:17.828+0900][gc,init] Concurrent Workers: 2
[2024-03-05T13:08:17.828+0900][gc,init] Concurrent Refinement Workers: 8
[2024-03-05T13:08:17.828+0900][gc,init] Periodic GC: Disabled
[2024-03-05T13:08:17.832+0900][gc,metaspace] CDS archive(s) mapped at: [0x000000a800000000-0x000000a800be0000-0x000000a800be0000), size 12451840, SharedBaseAddress: 0x000000a800000000, ArchiveRelocationMode: 1.
[2024-03-05T13:08:17.832+0900][gc,metaspace] Compressed class space mapped at: 0x000000a801000000-0x000000a841000000, reserved size: 1073741824
[2024-03-05T13:08:17.832+0900][gc,metaspace] Narrow klass base: 0x000000a800000000, Narrow klass shift: 0, Narrow klass range: 0x100000000
[2024-03-05T13:08:18.427+0900][gc,start    ] GC(0) Pause Young (Normal) (G1 Evacuation Pause)
[2024-03-05T13:08:18.427+0900][gc,task     ] GC(0) Using 8 workers of 8 for evacuation
[2024-03-05T13:08:18.430+0900][gc,phases   ] GC(0)   Pre Evacuate Collection Set: 0.1ms
[2024-03-05T13:08:18.430+0900][gc,phases   ] GC(0)   Merge Heap Roots: 0.0ms
[2024-03-05T13:08:18.430+0900][gc,phases   ] GC(0)   Evacuate Collection Set: 2.3ms
[2024-03-05T13:08:18.430+0900][gc,phases   ] GC(0)   Post Evacuate Collection Set: 0.2ms
[2024-03-05T13:08:18.430+0900][gc,phases   ] GC(0)   Other: 0.2ms
[2024-03-05T13:08:18.430+0900][gc,heap     ] GC(0) Eden regions: 51->0(44)
[2024-03-05T13:08:18.430+0900][gc,heap     ] GC(0) Survivor regions: 0->7(7)
[2024-03-05T13:08:18.430+0900][gc,heap     ] GC(0) Old regions: 0->1
[2024-03-05T13:08:18.430+0900][gc,heap     ] GC(0) Archive regions: 2->2
[2024-03-05T13:08:18.430+0900][gc,heap     ] GC(0) Humongous regions: 0->0
[2024-03-05T13:08:18.430+0900][gc,metaspace] GC(0) Metaspace: 18228K(18432K)->18228K(18432K) NonClass: 16050K(16192K)->16050K(16192K) Class: 2177K(2240K)->2177K(2240K)
[2024-03-05T13:08:18.430+0900][gc          ] GC(0) Pause Young (Normal) (G1 Evacuation Pause) 51M->8M(1024M) 3.021ms
[2024-03-05T13:08:18.430+0900][gc,cpu      ] GC(0) User=0.01s Sys=0.00s Real=0.01s
[2024-03-05T13:08:18.532+0900][gc,start    ] GC(1) Pause Young (Concurrent Start) (Metadata GC Threshold)
[2024-03-05T13:08:18.532+0900][gc,task     ] GC(1) Using 8 workers of 8 for evacuation
[2024-03-05T13:08:18.534+0900][gc,phases   ] GC(1)   Pre Evacuate Collection Set: 0.1ms
[2024-03-05T13:08:18.534+0900][gc,phases   ] GC(1)   Merge Heap Roots: 0.0ms
[2024-03-05T13:08:18.534+0900][gc,phases   ] GC(1)   Evacuate Collection Set: 1.8ms
[2024-03-05T13:08:18.534+0900][gc,phases   ] GC(1)   Post Evacuate Collection Set: 0.2ms
[2024-03-05T13:08:18.534+0900][gc,phases   ] GC(1)   Other: 0.1ms
[2024-03-05T13:08:18.534+0900][gc,heap     ] GC(1) Eden regions: 13->0(49)
[2024-03-05T13:08:18.534+0900][gc,heap     ] GC(1) Survivor regions: 7->2(7)
[2024-03-05T13:08:18.534+0900][gc,heap     ] GC(1) Old regions: 1->9
[2024-03-05T13:08:18.534+0900][gc,heap     ] GC(1) Archive regions: 2->2
[2024-03-05T13:08:18.534+0900][gc,heap     ] GC(1) Humongous regions: 0->0
[2024-03-05T13:08:18.534+0900][gc,metaspace] GC(1) Metaspace: 21304K(21504K)->21304K(21504K) NonClass: 18713K(18816K)->18713K(18816K) Class: 2590K(2688K)->2590K(2688K)
[2024-03-05T13:08:18.534+0900][gc          ] GC(1) Pause Young (Concurrent Start) (Metadata GC Threshold) 20M->10M(1024M) 2.252ms
[2024-03-05T13:08:18.534+0900][gc,cpu      ] GC(1) User=0.02s Sys=0.00s Real=0.00s
[2024-03-05T13:08:18.534+0900][gc          ] GC(2) Concurrent Mark Cycle
[2024-03-05T13:08:18.534+0900][gc,marking  ] GC(2) Concurrent Clear Claimed Marks
[2024-03-05T13:08:18.534+0900][gc,marking  ] GC(2) Concurrent Clear Claimed Marks 0.009ms
[2024-03-05T13:08:18.534+0900][gc,marking  ] GC(2) Concurrent Scan Root Regions
[2024-03-05T13:08:18.535+0900][gc,marking  ] GC(2) Concurrent Scan Root Regions 1.169ms
[2024-03-05T13:08:18.535+0900][gc,marking  ] GC(2) Concurrent Mark
[2024-03-05T13:08:18.535+0900][gc,marking  ] GC(2) Concurrent Mark From Roots
[2024-03-05T13:08:18.535+0900][gc,task     ] GC(2) Using 2 workers of 2 for marking
[2024-03-05T13:08:18.536+0900][gc,marking  ] GC(2) Concurrent Mark From Roots 0.859ms
[2024-03-05T13:08:18.536+0900][gc,marking  ] GC(2) Concurrent Preclean
[2024-03-05T13:08:18.536+0900][gc,marking  ] GC(2) Concurrent Preclean 0.013ms
[2024-03-05T13:08:18.536+0900][gc,start    ] GC(2) Pause Remark
[2024-03-05T13:08:18.537+0900][gc          ] GC(2) Pause Remark 10M->10M(1024M) 0.882ms
[2024-03-05T13:08:18.537+0900][gc,cpu      ] GC(2) User=0.00s Sys=0.00s Real=0.00s
[2024-03-05T13:08:18.537+0900][gc,marking  ] GC(2) Concurrent Mark 1.844ms
[2024-03-05T13:08:18.537+0900][gc,marking  ] GC(2) Concurrent Rebuild Remembered Sets
[2024-03-05T13:08:18.538+0900][gc,marking  ] GC(2) Concurrent Rebuild Remembered Sets 1.249ms
[2024-03-05T13:08:18.538+0900][gc,start    ] GC(2) Pause Cleanup
[2024-03-05T13:08:18.538+0900][gc          ] GC(2) Pause Cleanup 10M->10M(1024M) 0.066ms
[2024-03-05T13:08:18.539+0900][gc,cpu      ] GC(2) User=0.00s Sys=0.00s Real=0.00s
[2024-03-05T13:08:18.539+0900][gc,marking  ] GC(2) Concurrent Cleanup for Next Mark
[2024-03-05T13:08:18.540+0900][gc,marking  ] GC(2) Concurrent Cleanup for Next Mark 1.291ms
[2024-03-05T13:08:18.540+0900][gc          ] GC(2) Concurrent Mark Cycle 5.811ms
[2024-03-05T13:08:18.888+0900][gc,start    ] GC(3) Pause Young (Normal) (G1 Evacuation Pause)
[2024-03-05T13:08:18.888+0900][gc,task     ] GC(3) Using 8 workers of 8 for evacuation
[2024-03-05T13:08:18.890+0900][gc,phases   ] GC(3)   Pre Evacuate Collection Set: 0.1ms
[2024-03-05T13:08:18.890+0900][gc,phases   ] GC(3)   Merge Heap Roots: 0.1ms
[2024-03-05T13:08:18.890+0900][gc,phases   ] GC(3)   Evacuate Collection Set: 2.0ms
[2024-03-05T13:08:18.890+0900][gc,phases   ] GC(3)   Post Evacuate Collection Set: 0.2ms
[2024-03-05T13:08:18.890+0900][gc,phases   ] GC(3)   Other: 0.1ms
[2024-03-05T13:08:18.890+0900][gc,heap     ] GC(3) Eden regions: 49->0(45)
[2024-03-05T13:08:18.890+0900][gc,heap     ] GC(3) Survivor regions: 2->6(7)
[2024-03-05T13:08:18.890+0900][gc,heap     ] GC(3) Old regions: 9->9
[2024-03-05T13:08:18.890+0900][gc,heap     ] GC(3) Archive regions: 2->2
[2024-03-05T13:08:18.890+0900][gc,heap     ] GC(3) Humongous regions: 129->129
[2024-03-05T13:08:18.890+0900][gc,metaspace] GC(3) Metaspace: 30332K(30592K)->30332K(30592K) NonClass: 26865K(27008K)->26865K(27008K) Class: 3467K(3584K)->3467K(3584K)
[2024-03-05T13:08:18.890+0900][gc          ] GC(3) Pause Young (Normal) (G1 Evacuation Pause) 188M->143M(1024M) 2.491ms
[2024-03-05T13:08:18.890+0900][gc,cpu      ] GC(3) User=0.02s Sys=0.00s Real=0.01s
[2024-03-05T13:08:19.021+0900][gc,start    ] GC(4) Pause Young (Concurrent Start) (Metadata GC Threshold)
[2024-03-05T13:08:19.021+0900][gc,task     ] GC(4) Using 8 workers of 8 for evacuation
[2024-03-05T13:08:19.024+0900][gc,phases   ] GC(4)   Pre Evacuate Collection Set: 0.1ms
[2024-03-05T13:08:19.024+0900][gc,phases   ] GC(4)   Merge Heap Roots: 0.0ms
[2024-03-05T13:08:19.024+0900][gc,phases   ] GC(4)   Evacuate Collection Set: 2.3ms
[2024-03-05T13:08:19.024+0900][gc,phases   ] GC(4)   Post Evacuate Collection Set: 0.2ms
[2024-03-05T13:08:19.024+0900][gc,phases   ] GC(4)   Other: 0.1ms
[2024-03-05T13:08:19.024+0900][gc,heap     ] GC(4) Eden regions: 23->0(49)
[2024-03-05T13:08:19.024+0900][gc,heap     ] GC(4) Survivor regions: 6->2(7)
[2024-03-05T13:08:19.024+0900][gc,heap     ] GC(4) Old regions: 9->14
[2024-03-05T13:08:19.024+0900][gc,heap     ] GC(4) Archive regions: 2->2
[2024-03-05T13:08:19.024+0900][gc,heap     ] GC(4) Humongous regions: 129->129
[2024-03-05T13:08:19.024+0900][gc,metaspace] GC(4) Metaspace: 35703K(35968K)->35703K(35968K) NonClass: 31639K(31808K)->31639K(31808K) Class: 4064K(4160K)->4064K(4160K)
[2024-03-05T13:08:19.024+0900][gc          ] GC(4) Pause Young (Concurrent Start) (Metadata GC Threshold) 165M->145M(1024M) 2.719ms
[2024-03-05T13:08:19.024+0900][gc,cpu      ] GC(4) User=0.01s Sys=0.00s Real=0.00s
[2024-03-05T13:08:19.024+0900][gc          ] GC(5) Concurrent Mark Cycle
[2024-03-05T13:08:19.024+0900][gc,marking  ] GC(5) Concurrent Clear Claimed Marks
[2024-03-05T13:08:19.024+0900][gc,marking  ] GC(5) Concurrent Clear Claimed Marks 0.016ms
[2024-03-05T13:08:19.024+0900][gc,marking  ] GC(5) Concurrent Scan Root Regions
[2024-03-05T13:08:19.026+0900][gc,marking  ] GC(5) Concurrent Scan Root Regions 1.749ms
[2024-03-05T13:08:19.026+0900][gc,marking  ] GC(5) Concurrent Mark
[2024-03-05T13:08:19.026+0900][gc,marking  ] GC(5) Concurrent Mark From Roots
[2024-03-05T13:08:19.026+0900][gc,task     ] GC(5) Using 2 workers of 2 for marking
[2024-03-05T13:08:19.028+0900][gc,marking  ] GC(5) Concurrent Mark From Roots 2.955ms
[2024-03-05T13:08:19.030+0900][gc,marking  ] GC(5) Concurrent Preclean
[2024-03-05T13:08:19.030+0900][gc,marking  ] GC(5) Concurrent Preclean 0.048ms
[2024-03-05T13:08:19.030+0900][gc,start    ] GC(5) Pause Remark
[2024-03-05T13:08:19.032+0900][gc          ] GC(5) Pause Remark 145M->145M(1024M) 1.419ms
[2024-03-05T13:08:19.032+0900][gc,cpu      ] GC(5) User=0.00s Sys=0.00s Real=0.00s
[2024-03-05T13:08:19.032+0900][gc,marking  ] GC(5) Concurrent Mark 6.482ms
[2024-03-05T13:08:19.032+0900][gc,marking  ] GC(5) Concurrent Rebuild Remembered Sets
[2024-03-05T13:08:19.035+0900][gc,marking  ] GC(5) Concurrent Rebuild Remembered Sets 2.990ms
[2024-03-05T13:08:19.035+0900][gc,start    ] GC(5) Pause Cleanup
[2024-03-05T13:08:19.035+0900][gc          ] GC(5) Pause Cleanup 146M->146M(1024M) 0.092ms
[2024-03-05T13:08:19.035+0900][gc,cpu      ] GC(5) User=0.00s Sys=0.00s Real=0.00s
[2024-03-05T13:08:19.035+0900][gc,marking  ] GC(5) Concurrent Cleanup for Next Mark
[2024-03-05T13:08:19.037+0900][gc,marking  ] GC(5) Concurrent Cleanup for Next Mark 1.697ms
[2024-03-05T13:08:19.037+0900][gc          ] GC(5) Concurrent Mark Cycle 13.313ms
[2024-03-05T13:11:55.270+0900][gc,heap,exit] Heap
[2024-03-05T13:11:55.270+0900][gc,heap,exit]  garbage-first heap   total 1048576K, used 179690K [0x00000007c0000000, 0x0000000800000000)
[2024-03-05T13:11:55.270+0900][gc,heap,exit]   region size 1024K, 32 young (32768K), 2 survivors (2048K)
[2024-03-05T13:11:55.270+0900][gc,heap,exit]  Metaspace       used 38781K, committed 39104K, reserved 1114112K
[2024-03-05T13:11:55.270+0900][gc,heap,exit]   class space    used 4506K, committed 4608K, reserved 1048576K
