[2024-03-05T14:03:39.851+0900][gc] Using G1
[2024-03-05T14:03:39.852+0900][gc,init] Version: 17.0.8+7-LTS (release)
[2024-03-05T14:03:39.852+0900][gc,init] CPUs: 8 total, 8 available
[2024-03-05T14:03:39.852+0900][gc,init] Memory: 8192M
[2024-03-05T14:03:39.852+0900][gc,init] Large Page Support: Disabled
[2024-03-05T14:03:39.852+0900][gc,init] NUMA Support: Disabled
[2024-03-05T14:03:39.852+0900][gc,init] Compressed Oops: Enabled (Zero based)
[2024-03-05T14:03:39.852+0900][gc,init] Heap Region Size: 1M
[2024-03-05T14:03:39.852+0900][gc,init] Heap Min Capacity: 1G
[2024-03-05T14:03:39.852+0900][gc,init] Heap Initial Capacity: 1G
[2024-03-05T14:03:39.852+0900][gc,init] Heap Max Capacity: 1G
[2024-03-05T14:03:39.852+0900][gc,init] Pre-touch: Disabled
[2024-03-05T14:03:39.852+0900][gc,init] Parallel Workers: 8
[2024-03-05T14:03:39.852+0900][gc,init] Concurrent Workers: 2
[2024-03-05T14:03:39.852+0900][gc,init] Concurrent Refinement Workers: 8
[2024-03-05T14:03:39.852+0900][gc,init] Periodic GC: Disabled
[2024-03-05T14:03:39.855+0900][gc,metaspace] CDS archive(s) mapped at: [0x000000d800000000-0x000000d800be0000-0x000000d800be0000), size 12451840, SharedBaseAddress: 0x000000d800000000, ArchiveRelocationMode: 1.
[2024-03-05T14:03:39.855+0900][gc,metaspace] Compressed class space mapped at: 0x000000d801000000-0x000000d841000000, reserved size: 1073741824
[2024-03-05T14:03:39.855+0900][gc,metaspace] Narrow klass base: 0x000000d800000000, Narrow klass shift: 0, Narrow klass range: 0x100000000
[2024-03-05T14:03:40.451+0900][gc,start    ] GC(0) Pause Young (Normal) (G1 Evacuation Pause)
[2024-03-05T14:03:40.451+0900][gc,task     ] GC(0) Using 8 workers of 8 for evacuation
[2024-03-05T14:03:40.455+0900][gc,phases   ] GC(0)   Pre Evacuate Collection Set: 0.1ms
[2024-03-05T14:03:40.455+0900][gc,phases   ] GC(0)   Merge Heap Roots: 0.0ms
[2024-03-05T14:03:40.455+0900][gc,phases   ] GC(0)   Evacuate Collection Set: 3.5ms
[2024-03-05T14:03:40.455+0900][gc,phases   ] GC(0)   Post Evacuate Collection Set: 0.2ms
[2024-03-05T14:03:40.455+0900][gc,phases   ] GC(0)   Other: 0.2ms
[2024-03-05T14:03:40.455+0900][gc,heap     ] GC(0) Eden regions: 51->0(44)
[2024-03-05T14:03:40.455+0900][gc,heap     ] GC(0) Survivor regions: 0->7(7)
[2024-03-05T14:03:40.455+0900][gc,heap     ] GC(0) Old regions: 0->2
[2024-03-05T14:03:40.455+0900][gc,heap     ] GC(0) Archive regions: 2->2
[2024-03-05T14:03:40.455+0900][gc,heap     ] GC(0) Humongous regions: 0->0
[2024-03-05T14:03:40.455+0900][gc,metaspace] GC(0) Metaspace: 18191K(18368K)->18191K(18368K) NonClass: 16017K(16128K)->16017K(16128K) Class: 2174K(2240K)->2174K(2240K)
[2024-03-05T14:03:40.455+0900][gc          ] GC(0) Pause Young (Normal) (G1 Evacuation Pause) 51M->9M(1024M) 4.181ms
[2024-03-05T14:03:40.455+0900][gc,cpu      ] GC(0) User=0.01s Sys=0.01s Real=0.00s
[2024-03-05T14:03:40.611+0900][gc,start    ] GC(1) Pause Young (Concurrent Start) (Metadata GC Threshold)
[2024-03-05T14:03:40.611+0900][gc,task     ] GC(1) Using 8 workers of 8 for evacuation
[2024-03-05T14:03:40.615+0900][gc,phases   ] GC(1)   Pre Evacuate Collection Set: 0.1ms
[2024-03-05T14:03:40.615+0900][gc,phases   ] GC(1)   Merge Heap Roots: 0.0ms
[2024-03-05T14:03:40.615+0900][gc,phases   ] GC(1)   Evacuate Collection Set: 3.8ms
[2024-03-05T14:03:40.615+0900][gc,phases   ] GC(1)   Post Evacuate Collection Set: 0.2ms
[2024-03-05T14:03:40.615+0900][gc,phases   ] GC(1)   Other: 0.1ms
[2024-03-05T14:03:40.615+0900][gc,heap     ] GC(1) Eden regions: 14->0(49)
[2024-03-05T14:03:40.615+0900][gc,heap     ] GC(1) Survivor regions: 7->2(7)
[2024-03-05T14:03:40.615+0900][gc,heap     ] GC(1) Old regions: 2->9
[2024-03-05T14:03:40.615+0900][gc,heap     ] GC(1) Archive regions: 2->2
[2024-03-05T14:03:40.615+0900][gc,heap     ] GC(1) Humongous regions: 129->129
[2024-03-05T14:03:40.615+0900][gc,metaspace] GC(1) Metaspace: 21308K(21504K)->21308K(21504K) NonClass: 18730K(18816K)->18730K(18816K) Class: 2578K(2688K)->2578K(2688K)
[2024-03-05T14:03:40.615+0900][gc          ] GC(1) Pause Young (Concurrent Start) (Metadata GC Threshold) 151M->139M(1024M) 4.396ms
[2024-03-05T14:03:40.615+0900][gc,cpu      ] GC(1) User=0.01s Sys=0.00s Real=0.00s
[2024-03-05T14:03:40.616+0900][gc          ] GC(2) Concurrent Mark Cycle
[2024-03-05T14:03:40.616+0900][gc,marking  ] GC(2) Concurrent Clear Claimed Marks
[2024-03-05T14:03:40.616+0900][gc,marking  ] GC(2) Concurrent Clear Claimed Marks 0.011ms
[2024-03-05T14:03:40.616+0900][gc,marking  ] GC(2) Concurrent Scan Root Regions
[2024-03-05T14:03:40.619+0900][gc,marking  ] GC(2) Concurrent Scan Root Regions 2.978ms
[2024-03-05T14:03:40.619+0900][gc,marking  ] GC(2) Concurrent Mark
[2024-03-05T14:03:40.619+0900][gc,marking  ] GC(2) Concurrent Mark From Roots
[2024-03-05T14:03:40.619+0900][gc,task     ] GC(2) Using 2 workers of 2 for marking
[2024-03-05T14:03:40.621+0900][gc,marking  ] GC(2) Concurrent Mark From Roots 2.835ms
[2024-03-05T14:03:40.621+0900][gc,marking  ] GC(2) Concurrent Preclean
[2024-03-05T14:03:40.621+0900][gc,marking  ] GC(2) Concurrent Preclean 0.015ms
[2024-03-05T14:03:40.622+0900][gc,start    ] GC(2) Pause Remark
[2024-03-05T14:03:40.623+0900][gc          ] GC(2) Pause Remark 140M->140M(1024M) 1.347ms
[2024-03-05T14:03:40.623+0900][gc,cpu      ] GC(2) User=0.00s Sys=0.00s Real=0.00s
[2024-03-05T14:03:40.623+0900][gc,marking  ] GC(2) Concurrent Mark 4.424ms
[2024-03-05T14:03:40.623+0900][gc,marking  ] GC(2) Concurrent Rebuild Remembered Sets
[2024-03-05T14:03:40.624+0900][gc,marking  ] GC(2) Concurrent Rebuild Remembered Sets 1.417ms
[2024-03-05T14:03:40.625+0900][gc,start    ] GC(2) Pause Cleanup
[2024-03-05T14:03:40.625+0900][gc          ] GC(2) Pause Cleanup 140M->140M(1024M) 0.071ms
[2024-03-05T14:03:40.625+0900][gc,cpu      ] GC(2) User=0.00s Sys=0.00s Real=0.00s
[2024-03-05T14:03:40.625+0900][gc,marking  ] GC(2) Concurrent Cleanup for Next Mark
[2024-03-05T14:03:40.626+0900][gc,marking  ] GC(2) Concurrent Cleanup for Next Mark 1.377ms
[2024-03-05T14:03:40.626+0900][gc          ] GC(2) Concurrent Mark Cycle 10.504ms
[2024-03-05T14:03:40.901+0900][gc,start    ] GC(3) Pause Young (Normal) (G1 Evacuation Pause)
[2024-03-05T14:03:40.901+0900][gc,task     ] GC(3) Using 8 workers of 8 for evacuation
[2024-03-05T14:03:40.904+0900][gc,phases   ] GC(3)   Pre Evacuate Collection Set: 0.1ms
[2024-03-05T14:03:40.904+0900][gc,phases   ] GC(3)   Merge Heap Roots: 0.0ms
[2024-03-05T14:03:40.904+0900][gc,phases   ] GC(3)   Evacuate Collection Set: 2.1ms
[2024-03-05T14:03:40.904+0900][gc,phases   ] GC(3)   Post Evacuate Collection Set: 0.2ms
[2024-03-05T14:03:40.904+0900][gc,phases   ] GC(3)   Other: 0.1ms
[2024-03-05T14:03:40.904+0900][gc,heap     ] GC(3) Eden regions: 49->0(44)
[2024-03-05T14:03:40.904+0900][gc,heap     ] GC(3) Survivor regions: 2->7(7)
[2024-03-05T14:03:40.904+0900][gc,heap     ] GC(3) Old regions: 9->9
[2024-03-05T14:03:40.904+0900][gc,heap     ] GC(3) Archive regions: 2->2
[2024-03-05T14:03:40.904+0900][gc,heap     ] GC(3) Humongous regions: 129->129
[2024-03-05T14:03:40.904+0900][gc,metaspace] GC(3) Metaspace: 32802K(33024K)->32802K(33024K) NonClass: 29158K(29312K)->29158K(29312K) Class: 3643K(3712K)->3643K(3712K)
[2024-03-05T14:03:40.904+0900][gc          ] GC(3) Pause Young (Normal) (G1 Evacuation Pause) 188M->144M(1024M) 2.596ms
[2024-03-05T14:03:40.904+0900][gc,cpu      ] GC(3) User=0.01s Sys=0.00s Real=0.00s
[2024-03-05T14:04:23.650+0900][gc,start    ] GC(4) Pause Young (Concurrent Start) (Metadata GC Threshold)
[2024-03-05T14:04:23.650+0900][gc,task     ] GC(4) Using 8 workers of 8 for evacuation
[2024-03-05T14:04:23.652+0900][gc,phases   ] GC(4)   Pre Evacuate Collection Set: 0.1ms
[2024-03-05T14:04:23.653+0900][gc,phases   ] GC(4)   Merge Heap Roots: 0.0ms
[2024-03-05T14:04:23.653+0900][gc,phases   ] GC(4)   Evacuate Collection Set: 2.2ms
[2024-03-05T14:04:23.653+0900][gc,phases   ] GC(4)   Post Evacuate Collection Set: 0.2ms
[2024-03-05T14:04:23.653+0900][gc,phases   ] GC(4)   Other: 0.3ms
[2024-03-05T14:04:23.653+0900][gc,heap     ] GC(4) Eden regions: 16->0(49)
[2024-03-05T14:04:23.653+0900][gc,heap     ] GC(4) Survivor regions: 7->2(7)
[2024-03-05T14:04:23.653+0900][gc,heap     ] GC(4) Old regions: 9->15
[2024-03-05T14:04:23.653+0900][gc,heap     ] GC(4) Archive regions: 2->2
[2024-03-05T14:04:23.653+0900][gc,heap     ] GC(4) Humongous regions: 129->129
[2024-03-05T14:04:23.653+0900][gc,metaspace] GC(4) Metaspace: 35891K(36160K)->35891K(36160K) NonClass: 31757K(31872K)->31757K(31872K) Class: 4133K(4288K)->4133K(4288K)
[2024-03-05T14:04:23.653+0900][gc          ] GC(4) Pause Young (Concurrent Start) (Metadata GC Threshold) 160M->145M(1024M) 2.904ms
[2024-03-05T14:04:23.653+0900][gc,cpu      ] GC(4) User=0.01s Sys=0.00s Real=0.00s
[2024-03-05T14:04:23.653+0900][gc          ] GC(5) Concurrent Mark Cycle
[2024-03-05T14:04:23.653+0900][gc,marking  ] GC(5) Concurrent Clear Claimed Marks
[2024-03-05T14:04:23.653+0900][gc,marking  ] GC(5) Concurrent Clear Claimed Marks 0.018ms
[2024-03-05T14:04:23.653+0900][gc,marking  ] GC(5) Concurrent Scan Root Regions
[2024-03-05T14:04:23.654+0900][gc,marking  ] GC(5) Concurrent Scan Root Regions 1.576ms
[2024-03-05T14:04:23.654+0900][gc,marking  ] GC(5) Concurrent Mark
[2024-03-05T14:04:23.654+0900][gc,marking  ] GC(5) Concurrent Mark From Roots
[2024-03-05T14:04:23.654+0900][gc,task     ] GC(5) Using 2 workers of 2 for marking
[2024-03-05T14:04:23.657+0900][gc,marking  ] GC(5) Concurrent Mark From Roots 2.645ms
[2024-03-05T14:04:23.657+0900][gc,marking  ] GC(5) Concurrent Preclean
[2024-03-05T14:04:23.657+0900][gc,marking  ] GC(5) Concurrent Preclean 0.038ms
[2024-03-05T14:04:23.657+0900][gc,start    ] GC(5) Pause Remark
[2024-03-05T14:04:23.658+0900][gc          ] GC(5) Pause Remark 146M->146M(1024M) 0.857ms
[2024-03-05T14:04:23.658+0900][gc,cpu      ] GC(5) User=0.00s Sys=0.00s Real=0.00s
[2024-03-05T14:04:23.658+0900][gc,marking  ] GC(5) Concurrent Mark 3.681ms
[2024-03-05T14:04:23.658+0900][gc,marking  ] GC(5) Concurrent Rebuild Remembered Sets
[2024-03-05T14:04:23.661+0900][gc,marking  ] GC(5) Concurrent Rebuild Remembered Sets 2.806ms
[2024-03-05T14:04:23.661+0900][gc,start    ] GC(5) Pause Cleanup
[2024-03-05T14:04:23.661+0900][gc          ] GC(5) Pause Cleanup 146M->146M(1024M) 0.116ms
[2024-03-05T14:04:23.661+0900][gc,cpu      ] GC(5) User=0.00s Sys=0.00s Real=0.00s
[2024-03-05T14:04:23.661+0900][gc,marking  ] GC(5) Concurrent Cleanup for Next Mark
[2024-03-05T14:04:23.663+0900][gc,marking  ] GC(5) Concurrent Cleanup for Next Mark 1.779ms
[2024-03-05T14:04:23.663+0900][gc          ] GC(5) Concurrent Mark Cycle 10.167ms
[2024-03-05T14:06:17.191+0900][gc,start    ] GC(6) Pause Young (Prepare Mixed) (G1 Evacuation Pause)
[2024-03-05T14:06:17.192+0900][gc,task     ] GC(6) Using 8 workers of 8 for evacuation
[2024-03-05T14:06:17.201+0900][gc,phases   ] GC(6)   Pre Evacuate Collection Set: 0.2ms
[2024-03-05T14:06:17.201+0900][gc,phases   ] GC(6)   Merge Heap Roots: 0.1ms
[2024-03-05T14:06:17.201+0900][gc,phases   ] GC(6)   Evacuate Collection Set: 8.1ms
[2024-03-05T14:06:17.201+0900][gc,phases   ] GC(6)   Post Evacuate Collection Set: 0.8ms
[2024-03-05T14:06:17.201+0900][gc,phases   ] GC(6)   Other: 1.2ms
[2024-03-05T14:06:17.201+0900][gc,heap     ] GC(6) Eden regions: 49->0(46)
[2024-03-05T14:06:17.201+0900][gc,heap     ] GC(6) Survivor regions: 2->5(7)
[2024-03-05T14:06:17.201+0900][gc,heap     ] GC(6) Old regions: 15->15
[2024-03-05T14:06:17.201+0900][gc,heap     ] GC(6) Archive regions: 2->2
[2024-03-05T14:06:17.201+0900][gc,heap     ] GC(6) Humongous regions: 129->129
[2024-03-05T14:06:17.201+0900][gc,metaspace] GC(6) Metaspace: 40786K(41280K)->40786K(41280K) NonClass: 35858K(36160K)->35858K(36160K) Class: 4927K(5120K)->4927K(5120K)
[2024-03-05T14:06:17.201+0900][gc          ] GC(6) Pause Young (Prepare Mixed) (G1 Evacuation Pause) 194M->148M(1024M) 10.653ms
[2024-03-05T14:06:17.201+0900][gc,cpu      ] GC(6) User=0.02s Sys=0.00s Real=0.01s
[2024-03-05T14:09:14.957+0900][gc,start    ] GC(7) Pause Young (Mixed) (G1 Evacuation Pause)
[2024-03-05T14:09:14.958+0900][gc,task     ] GC(7) Using 8 workers of 8 for evacuation
[2024-03-05T14:09:14.969+0900][gc,phases   ] GC(7)   Pre Evacuate Collection Set: 0.3ms
[2024-03-05T14:09:14.969+0900][gc,phases   ] GC(7)   Merge Heap Roots: 0.1ms
[2024-03-05T14:09:14.969+0900][gc,phases   ] GC(7)   Evacuate Collection Set: 10.5ms
[2024-03-05T14:09:14.970+0900][gc,phases   ] GC(7)   Post Evacuate Collection Set: 0.5ms
[2024-03-05T14:09:14.970+0900][gc,phases   ] GC(7)   Other: 1.2ms
[2024-03-05T14:09:14.970+0900][gc,heap     ] GC(7) Eden regions: 46->0(45)
[2024-03-05T14:09:14.970+0900][gc,heap     ] GC(7) Survivor regions: 5->6(7)
[2024-03-05T14:09:14.970+0900][gc,heap     ] GC(7) Old regions: 15->15
[2024-03-05T14:09:14.970+0900][gc,heap     ] GC(7) Archive regions: 2->2
[2024-03-05T14:09:14.970+0900][gc,heap     ] GC(7) Humongous regions: 129->129
[2024-03-05T14:09:14.970+0900][gc,metaspace] GC(7) Metaspace: 41711K(42240K)->41711K(42240K) NonClass: 36752K(37056K)->36752K(37056K) Class: 4958K(5184K)->4958K(5184K)
[2024-03-05T14:09:14.970+0900][gc          ] GC(7) Pause Young (Mixed) (G1 Evacuation Pause) 194M->149M(1024M) 12.837ms
[2024-03-05T14:09:14.970+0900][gc,cpu      ] GC(7) User=0.03s Sys=0.00s Real=0.02s
[2024-03-05T14:28:18.858+0900][gc,start    ] GC(8) Pause Young (Normal) (G1 Evacuation Pause)
[2024-03-05T14:28:18.858+0900][gc,task     ] GC(8) Using 8 workers of 8 for evacuation
[2024-03-05T14:28:18.879+0900][gc,mmu      ] GC(8) MMU target violated: 20.5ms (20.0ms/21.0ms)
[2024-03-05T14:28:18.880+0900][gc,phases   ] GC(8)   Pre Evacuate Collection Set: 0.7ms
[2024-03-05T14:28:18.880+0900][gc,phases   ] GC(8)   Merge Heap Roots: 0.1ms
[2024-03-05T14:28:18.880+0900][gc,phases   ] GC(8)   Evacuate Collection Set: 19.3ms
[2024-03-05T14:28:18.880+0900][gc,phases   ] GC(8)   Post Evacuate Collection Set: 0.7ms
[2024-03-05T14:28:18.880+0900][gc,phases   ] GC(8)   Other: 3.2ms
[2024-03-05T14:28:18.880+0900][gc,heap     ] GC(8) Eden regions: 45->0(48)
[2024-03-05T14:28:18.880+0900][gc,heap     ] GC(8) Survivor regions: 6->3(7)
[2024-03-05T14:28:18.880+0900][gc,heap     ] GC(8) Old regions: 15->18
[2024-03-05T14:28:18.880+0900][gc,heap     ] GC(8) Archive regions: 2->2
[2024-03-05T14:28:18.880+0900][gc,heap     ] GC(8) Humongous regions: 129->129
[2024-03-05T14:28:18.880+0900][gc,metaspace] GC(8) Metaspace: 41968K(42560K)->41968K(42560K) NonClass: 36969K(37312K)->36969K(37312K) Class: 4999K(5248K)->4999K(5248K)
[2024-03-05T14:28:18.880+0900][gc          ] GC(8) Pause Young (Normal) (G1 Evacuation Pause) 194M->150M(1024M) 24.401ms
[2024-03-05T14:28:18.880+0900][gc,cpu      ] GC(8) User=0.03s Sys=0.02s Real=0.03s
[2024-03-05T14:54:48.766+0900][gc,start    ] GC(9) Pause Young (Normal) (G1 Evacuation Pause)
[2024-03-05T14:54:48.766+0900][gc,task     ] GC(9) Using 8 workers of 8 for evacuation
[2024-03-05T14:54:48.776+0900][gc,phases   ] GC(9)   Pre Evacuate Collection Set: 0.5ms
[2024-03-05T14:54:48.776+0900][gc,phases   ] GC(9)   Merge Heap Roots: 0.2ms
[2024-03-05T14:54:48.776+0900][gc,phases   ] GC(9)   Evacuate Collection Set: 7.3ms
[2024-03-05T14:54:48.776+0900][gc,phases   ] GC(9)   Post Evacuate Collection Set: 1.4ms
[2024-03-05T14:54:48.776+0900][gc,phases   ] GC(9)   Other: 2.2ms
[2024-03-05T14:54:48.776+0900][gc,heap     ] GC(9) Eden regions: 48->0(52)
[2024-03-05T14:54:48.776+0900][gc,heap     ] GC(9) Survivor regions: 3->3(7)
[2024-03-05T14:54:48.776+0900][gc,heap     ] GC(9) Old regions: 18->18
[2024-03-05T14:54:48.776+0900][gc,heap     ] GC(9) Archive regions: 2->2
[2024-03-05T14:54:48.776+0900][gc,heap     ] GC(9) Humongous regions: 129->129
[2024-03-05T14:54:48.776+0900][gc,metaspace] GC(9) Metaspace: 42122K(42688K)->42122K(42688K) NonClass: 37123K(37440K)->37123K(37440K) Class: 4999K(5248K)->4999K(5248K)
[2024-03-05T14:54:48.777+0900][gc          ] GC(9) Pause Young (Normal) (G1 Evacuation Pause) 198M->150M(1024M) 11.532ms
[2024-03-05T14:54:48.777+0900][gc,cpu      ] GC(9) User=0.01s Sys=0.01s Real=0.01s
[2024-03-05T15:23:27.599+0900][gc,start    ] GC(10) Pause Young (Normal) (G1 Evacuation Pause)
[2024-03-05T15:23:27.600+0900][gc,task     ] GC(10) Using 8 workers of 8 for evacuation
[2024-03-05T15:23:27.613+0900][gc,phases   ] GC(10)   Pre Evacuate Collection Set: 1.1ms
[2024-03-05T15:23:27.613+0900][gc,phases   ] GC(10)   Merge Heap Roots: 0.4ms
[2024-03-05T15:23:27.613+0900][gc,phases   ] GC(10)   Evacuate Collection Set: 9.8ms
[2024-03-05T15:23:27.613+0900][gc,phases   ] GC(10)   Post Evacuate Collection Set: 0.8ms
[2024-03-05T15:23:27.613+0900][gc,phases   ] GC(10)   Other: 3.0ms
[2024-03-05T15:23:27.613+0900][gc,heap     ] GC(10) Eden regions: 52->0(338)
[2024-03-05T15:23:27.613+0900][gc,heap     ] GC(10) Survivor regions: 3->3(7)
[2024-03-05T15:23:27.613+0900][gc,heap     ] GC(10) Old regions: 18->18
[2024-03-05T15:23:27.613+0900][gc,heap     ] GC(10) Archive regions: 2->2
[2024-03-05T15:23:27.613+0900][gc,heap     ] GC(10) Humongous regions: 129->129
[2024-03-05T15:23:27.613+0900][gc,metaspace] GC(10) Metaspace: 42186K(42752K)->42186K(42752K) NonClass: 37183K(37504K)->37183K(37504K) Class: 5002K(5248K)->5002K(5248K)
[2024-03-05T15:23:27.613+0900][gc          ] GC(10) Pause Young (Normal) (G1 Evacuation Pause) 202M->150M(1024M) 15.800ms
[2024-03-05T15:23:27.613+0900][gc,cpu      ] GC(10) User=0.02s Sys=0.02s Real=0.02s
[2024-03-05T15:32:36.741+0900][gc,heap,exit] Heap
[2024-03-05T15:32:36.741+0900][gc,heap,exit]  garbage-first heap   total 1048576K, used 260273K [0x00000007c0000000, 0x0000000800000000)
[2024-03-05T15:32:36.741+0900][gc,heap,exit]   region size 1024K, 107 young (109568K), 3 survivors (3072K)
[2024-03-05T15:32:36.741+0900][gc,heap,exit]  Metaspace       used 43188K, committed 43776K, reserved 1114112K
[2024-03-05T15:32:36.741+0900][gc,heap,exit]   class space    used 5197K, committed 5504K, reserved 1048576K
