[2024-03-05T13:12:23.222+0900][gc] Using G1
[2024-03-05T13:12:23.224+0900][gc,init] Version: 17.0.8+7-LTS (release)
[2024-03-05T13:12:23.224+0900][gc,init] CPUs: 8 total, 8 available
[2024-03-05T13:12:23.224+0900][gc,init] Memory: 8192M
[2024-03-05T13:12:23.224+0900][gc,init] Large Page Support: Disabled
[2024-03-05T13:12:23.224+0900][gc,init] NUMA Support: Disabled
[2024-03-05T13:12:23.224+0900][gc,init] Compressed Oops: Enabled (Zero based)
[2024-03-05T13:12:23.224+0900][gc,init] Heap Region Size: 1M
[2024-03-05T13:12:23.224+0900][gc,init] Heap Min Capacity: 1G
[2024-03-05T13:12:23.224+0900][gc,init] Heap Initial Capacity: 1G
[2024-03-05T13:12:23.224+0900][gc,init] Heap Max Capacity: 1G
[2024-03-05T13:12:23.224+0900][gc,init] Pre-touch: Disabled
[2024-03-05T13:12:23.224+0900][gc,init] Parallel Workers: 8
[2024-03-05T13:12:23.224+0900][gc,init] Concurrent Workers: 2
[2024-03-05T13:12:23.224+0900][gc,init] Concurrent Refinement Workers: 8
[2024-03-05T13:12:23.224+0900][gc,init] Periodic GC: Disabled
[2024-03-05T13:12:23.227+0900][gc,metaspace] CDS archive(s) mapped at: [0x0000007000000000-0x0000007000be0000-0x0000007000be0000), size 12451840, SharedBaseAddress: 0x0000007000000000, ArchiveRelocationMode: 1.
[2024-03-05T13:12:23.227+0900][gc,metaspace] Compressed class space mapped at: 0x0000007001000000-0x0000007041000000, reserved size: 1073741824
[2024-03-05T13:12:23.227+0900][gc,metaspace] Narrow klass base: 0x0000007000000000, Narrow klass shift: 0, Narrow klass range: 0x100000000
[2024-03-05T13:12:23.714+0900][gc,start    ] GC(0) Pause Young (Normal) (G1 Evacuation Pause)
[2024-03-05T13:12:23.714+0900][gc,task     ] GC(0) Using 8 workers of 8 for evacuation
[2024-03-05T13:12:23.717+0900][gc,phases   ] GC(0)   Pre Evacuate Collection Set: 0.1ms
[2024-03-05T13:12:23.717+0900][gc,phases   ] GC(0)   Merge Heap Roots: 0.1ms
[2024-03-05T13:12:23.717+0900][gc,phases   ] GC(0)   Evacuate Collection Set: 2.5ms
[2024-03-05T13:12:23.717+0900][gc,phases   ] GC(0)   Post Evacuate Collection Set: 0.3ms
[2024-03-05T13:12:23.717+0900][gc,phases   ] GC(0)   Other: 0.3ms
[2024-03-05T13:12:23.717+0900][gc,heap     ] GC(0) Eden regions: 51->0(44)
[2024-03-05T13:12:23.717+0900][gc,heap     ] GC(0) Survivor regions: 0->7(7)
[2024-03-05T13:12:23.717+0900][gc,heap     ] GC(0) Old regions: 0->1
[2024-03-05T13:12:23.717+0900][gc,heap     ] GC(0) Archive regions: 2->2
[2024-03-05T13:12:23.717+0900][gc,heap     ] GC(0) Humongous regions: 0->0
[2024-03-05T13:12:23.717+0900][gc,metaspace] GC(0) Metaspace: 18181K(18304K)->18181K(18304K) NonClass: 16009K(16064K)->16009K(16064K) Class: 2171K(2240K)->2171K(2240K)
[2024-03-05T13:12:23.717+0900][gc          ] GC(0) Pause Young (Normal) (G1 Evacuation Pause) 51M->8M(1024M) 3.306ms
[2024-03-05T13:12:23.717+0900][gc,cpu      ] GC(0) User=0.02s Sys=0.01s Real=0.00s
[2024-03-05T13:12:23.805+0900][gc,start    ] GC(1) Pause Young (Concurrent Start) (Metadata GC Threshold)
[2024-03-05T13:12:23.805+0900][gc,task     ] GC(1) Using 8 workers of 8 for evacuation
[2024-03-05T13:12:23.808+0900][gc,phases   ] GC(1)   Pre Evacuate Collection Set: 0.1ms
[2024-03-05T13:12:23.808+0900][gc,phases   ] GC(1)   Merge Heap Roots: 0.0ms
[2024-03-05T13:12:23.808+0900][gc,phases   ] GC(1)   Evacuate Collection Set: 2.2ms
[2024-03-05T13:12:23.808+0900][gc,phases   ] GC(1)   Post Evacuate Collection Set: 0.2ms
[2024-03-05T13:12:23.808+0900][gc,phases   ] GC(1)   Other: 0.1ms
[2024-03-05T13:12:23.808+0900][gc,heap     ] GC(1) Eden regions: 13->0(49)
[2024-03-05T13:12:23.808+0900][gc,heap     ] GC(1) Survivor regions: 7->2(7)
[2024-03-05T13:12:23.808+0900][gc,heap     ] GC(1) Old regions: 1->8
[2024-03-05T13:12:23.808+0900][gc,heap     ] GC(1) Archive regions: 2->2
[2024-03-05T13:12:23.808+0900][gc,heap     ] GC(1) Humongous regions: 0->0
[2024-03-05T13:12:23.808+0900][gc,metaspace] GC(1) Metaspace: 21357K(21504K)->21357K(21504K) NonClass: 18757K(18816K)->18757K(18816K) Class: 2600K(2688K)->2600K(2688K)
[2024-03-05T13:12:23.808+0900][gc          ] GC(1) Pause Young (Concurrent Start) (Metadata GC Threshold) 21M->9M(1024M) 2.755ms
[2024-03-05T13:12:23.808+0900][gc,cpu      ] GC(1) User=0.02s Sys=0.01s Real=0.00s
[2024-03-05T13:12:23.808+0900][gc          ] GC(2) Concurrent Mark Cycle
[2024-03-05T13:12:23.808+0900][gc,marking  ] GC(2) Concurrent Clear Claimed Marks
[2024-03-05T13:12:23.808+0900][gc,marking  ] GC(2) Concurrent Clear Claimed Marks 0.010ms
[2024-03-05T13:12:23.808+0900][gc,marking  ] GC(2) Concurrent Scan Root Regions
[2024-03-05T13:12:23.810+0900][gc,marking  ] GC(2) Concurrent Scan Root Regions 1.526ms
[2024-03-05T13:12:23.810+0900][gc,marking  ] GC(2) Concurrent Mark
[2024-03-05T13:12:23.810+0900][gc,marking  ] GC(2) Concurrent Mark From Roots
[2024-03-05T13:12:23.810+0900][gc,task     ] GC(2) Using 2 workers of 2 for marking
[2024-03-05T13:12:23.810+0900][gc,marking  ] GC(2) Concurrent Mark From Roots 0.685ms
[2024-03-05T13:12:23.810+0900][gc,marking  ] GC(2) Concurrent Preclean
[2024-03-05T13:12:23.810+0900][gc,marking  ] GC(2) Concurrent Preclean 0.013ms
[2024-03-05T13:12:23.810+0900][gc,start    ] GC(2) Pause Remark
[2024-03-05T13:12:23.811+0900][gc          ] GC(2) Pause Remark 10M->10M(1024M) 0.864ms
[2024-03-05T13:12:23.811+0900][gc,cpu      ] GC(2) User=0.00s Sys=0.00s Real=0.00s
[2024-03-05T13:12:23.811+0900][gc,marking  ] GC(2) Concurrent Mark 1.698ms
[2024-03-05T13:12:23.811+0900][gc,marking  ] GC(2) Concurrent Rebuild Remembered Sets
[2024-03-05T13:12:23.813+0900][gc,marking  ] GC(2) Concurrent Rebuild Remembered Sets 1.253ms
[2024-03-05T13:12:23.813+0900][gc,start    ] GC(2) Pause Cleanup
[2024-03-05T13:12:23.813+0900][gc          ] GC(2) Pause Cleanup 10M->10M(1024M) 0.064ms
[2024-03-05T13:12:23.813+0900][gc,cpu      ] GC(2) User=0.00s Sys=0.00s Real=0.00s
[2024-03-05T13:12:23.813+0900][gc,marking  ] GC(2) Concurrent Cleanup for Next Mark
[2024-03-05T13:12:23.814+0900][gc,marking  ] GC(2) Concurrent Cleanup for Next Mark 1.323ms
[2024-03-05T13:12:23.814+0900][gc          ] GC(2) Concurrent Mark Cycle 6.086ms
[2024-03-05T13:12:24.147+0900][gc,start    ] GC(3) Pause Young (Normal) (G1 Evacuation Pause)
[2024-03-05T13:12:24.147+0900][gc,task     ] GC(3) Using 8 workers of 8 for evacuation
[2024-03-05T13:12:24.150+0900][gc,phases   ] GC(3)   Pre Evacuate Collection Set: 0.1ms
[2024-03-05T13:12:24.150+0900][gc,phases   ] GC(3)   Merge Heap Roots: 0.0ms
[2024-03-05T13:12:24.150+0900][gc,phases   ] GC(3)   Evacuate Collection Set: 2.4ms
[2024-03-05T13:12:24.150+0900][gc,phases   ] GC(3)   Post Evacuate Collection Set: 0.2ms
[2024-03-05T13:12:24.150+0900][gc,phases   ] GC(3)   Other: 0.1ms
[2024-03-05T13:12:24.150+0900][gc,heap     ] GC(3) Eden regions: 49->0(45)
[2024-03-05T13:12:24.150+0900][gc,heap     ] GC(3) Survivor regions: 2->6(7)
[2024-03-05T13:12:24.150+0900][gc,heap     ] GC(3) Old regions: 8->8
[2024-03-05T13:12:24.150+0900][gc,heap     ] GC(3) Archive regions: 2->2
[2024-03-05T13:12:24.150+0900][gc,heap     ] GC(3) Humongous regions: 129->129
[2024-03-05T13:12:24.150+0900][gc,metaspace] GC(3) Metaspace: 30949K(31168K)->30949K(31168K) NonClass: 27396K(27520K)->27396K(27520K) Class: 3552K(3648K)->3552K(3648K)
[2024-03-05T13:12:24.150+0900][gc          ] GC(3) Pause Young (Normal) (G1 Evacuation Pause) 187M->143M(1024M) 2.961ms
[2024-03-05T13:12:24.150+0900][gc,cpu      ] GC(3) User=0.02s Sys=0.00s Real=0.01s
[2024-03-05T13:12:24.542+0900][gc,heap,exit] Heap
[2024-03-05T13:12:24.542+0900][gc,heap,exit]  garbage-first heap   total 1048576K, used 157960K [0x00000007c0000000, 0x0000000800000000)
[2024-03-05T13:12:24.542+0900][gc,heap,exit]   region size 1024K, 17 young (17408K), 6 survivors (6144K)
[2024-03-05T13:12:24.542+0900][gc,heap,exit]  Metaspace       used 32093K, committed 32320K, reserved 1114112K
[2024-03-05T13:12:24.542+0900][gc,heap,exit]   class space    used 3746K, committed 3840K, reserved 1048576K
