[2024-03-07T11:16:49.803+0900][gc] Using G1
[2024-03-07T11:16:49.805+0900][gc,init] Version: 17.0.8+7-LTS (release)
[2024-03-07T11:16:49.805+0900][gc,init] CPUs: 8 total, 8 available
[2024-03-07T11:16:49.805+0900][gc,init] Memory: 8192M
[2024-03-07T11:16:49.805+0900][gc,init] Large Page Support: Disabled
[2024-03-07T11:16:49.805+0900][gc,init] NUMA Support: Disabled
[2024-03-07T11:16:49.805+0900][gc,init] Compressed Oops: Enabled (Zero based)
[2024-03-07T11:16:49.805+0900][gc,init] Heap Region Size: 1M
[2024-03-07T11:16:49.805+0900][gc,init] Heap Min Capacity: 1G
[2024-03-07T11:16:49.805+0900][gc,init] Heap Initial Capacity: 1G
[2024-03-07T11:16:49.805+0900][gc,init] Heap Max Capacity: 1G
[2024-03-07T11:16:49.805+0900][gc,init] Pre-touch: Disabled
[2024-03-07T11:16:49.805+0900][gc,init] Parallel Workers: 8
[2024-03-07T11:16:49.805+0900][gc,init] Concurrent Workers: 2
[2024-03-07T11:16:49.805+0900][gc,init] Concurrent Refinement Workers: 8
[2024-03-07T11:16:49.805+0900][gc,init] Periodic GC: Disabled
[2024-03-07T11:16:49.808+0900][gc,metaspace] CDS archive(s) mapped at: [0x0000000500000000-0x0000000500be0000-0x0000000500be0000), size 12451840, SharedBaseAddress: 0x0000000500000000, ArchiveRelocationMode: 1.
[2024-03-07T11:16:49.808+0900][gc,metaspace] Compressed class space mapped at: 0x0000000501000000-0x0000000541000000, reserved size: 1073741824
[2024-03-07T11:16:49.808+0900][gc,metaspace] Narrow klass base: 0x0000000500000000, Narrow klass shift: 0, Narrow klass range: 0x100000000
[2024-03-07T11:16:50.386+0900][gc,start    ] GC(0) Pause Young (Normal) (G1 Evacuation Pause)
[2024-03-07T11:16:50.386+0900][gc,task     ] GC(0) Using 8 workers of 8 for evacuation
[2024-03-07T11:16:50.389+0900][gc,phases   ] GC(0)   Pre Evacuate Collection Set: 0.1ms
[2024-03-07T11:16:50.389+0900][gc,phases   ] GC(0)   Merge Heap Roots: 0.1ms
[2024-03-07T11:16:50.389+0900][gc,phases   ] GC(0)   Evacuate Collection Set: 2.3ms
[2024-03-07T11:16:50.389+0900][gc,phases   ] GC(0)   Post Evacuate Collection Set: 0.2ms
[2024-03-07T11:16:50.389+0900][gc,phases   ] GC(0)   Other: 0.2ms
[2024-03-07T11:16:50.389+0900][gc,heap     ] GC(0) Eden regions: 51->0(44)
[2024-03-07T11:16:50.389+0900][gc,heap     ] GC(0) Survivor regions: 0->7(7)
[2024-03-07T11:16:50.389+0900][gc,heap     ] GC(0) Old regions: 0->1
[2024-03-07T11:16:50.389+0900][gc,heap     ] GC(0) Archive regions: 2->2
[2024-03-07T11:16:50.389+0900][gc,heap     ] GC(0) Humongous regions: 0->0
[2024-03-07T11:16:50.389+0900][gc,metaspace] GC(0) Metaspace: 18187K(18304K)->18187K(18304K) NonClass: 16016K(16064K)->16016K(16064K) Class: 2171K(2240K)->2171K(2240K)
[2024-03-07T11:16:50.389+0900][gc          ] GC(0) Pause Young (Normal) (G1 Evacuation Pause) 51M->8M(1024M) 2.967ms
[2024-03-07T11:16:50.389+0900][gc,cpu      ] GC(0) User=0.02s Sys=0.00s Real=0.00s
[2024-03-07T11:16:50.498+0900][gc,start    ] GC(1) Pause Young (Concurrent Start) (Metadata GC Threshold)
[2024-03-07T11:16:50.498+0900][gc,task     ] GC(1) Using 8 workers of 8 for evacuation
[2024-03-07T11:16:50.500+0900][gc,phases   ] GC(1)   Pre Evacuate Collection Set: 0.1ms
[2024-03-07T11:16:50.500+0900][gc,phases   ] GC(1)   Merge Heap Roots: 0.0ms
[2024-03-07T11:16:50.500+0900][gc,phases   ] GC(1)   Evacuate Collection Set: 1.9ms
[2024-03-07T11:16:50.500+0900][gc,phases   ] GC(1)   Post Evacuate Collection Set: 0.2ms
[2024-03-07T11:16:50.500+0900][gc,phases   ] GC(1)   Other: 0.1ms
[2024-03-07T11:16:50.500+0900][gc,heap     ] GC(1) Eden regions: 13->0(50)
[2024-03-07T11:16:50.500+0900][gc,heap     ] GC(1) Survivor regions: 7->1(7)
[2024-03-07T11:16:50.500+0900][gc,heap     ] GC(1) Old regions: 1->8
[2024-03-07T11:16:50.500+0900][gc,heap     ] GC(1) Archive regions: 2->2
[2024-03-07T11:16:50.500+0900][gc,heap     ] GC(1) Humongous regions: 0->0
[2024-03-07T11:16:50.500+0900][gc,metaspace] GC(1) Metaspace: 21308K(21504K)->21308K(21504K) NonClass: 18716K(18816K)->18716K(18816K) Class: 2592K(2688K)->2592K(2688K)
[2024-03-07T11:16:50.500+0900][gc          ] GC(1) Pause Young (Concurrent Start) (Metadata GC Threshold) 20M->9M(1024M) 2.320ms
[2024-03-07T11:16:50.500+0900][gc,cpu      ] GC(1) User=0.01s Sys=0.00s Real=0.01s
[2024-03-07T11:16:50.500+0900][gc          ] GC(2) Concurrent Mark Cycle
[2024-03-07T11:16:50.500+0900][gc,marking  ] GC(2) Concurrent Clear Claimed Marks
[2024-03-07T11:16:50.500+0900][gc,marking  ] GC(2) Concurrent Clear Claimed Marks 0.010ms
[2024-03-07T11:16:50.500+0900][gc,marking  ] GC(2) Concurrent Scan Root Regions
[2024-03-07T11:16:50.501+0900][gc,marking  ] GC(2) Concurrent Scan Root Regions 1.127ms
[2024-03-07T11:16:50.501+0900][gc,marking  ] GC(2) Concurrent Mark
[2024-03-07T11:16:50.501+0900][gc,marking  ] GC(2) Concurrent Mark From Roots
[2024-03-07T11:16:50.501+0900][gc,task     ] GC(2) Using 2 workers of 2 for marking
[2024-03-07T11:16:50.502+0900][gc,marking  ] GC(2) Concurrent Mark From Roots 0.828ms
[2024-03-07T11:16:50.502+0900][gc,marking  ] GC(2) Concurrent Preclean
[2024-03-07T11:16:50.502+0900][gc,marking  ] GC(2) Concurrent Preclean 0.015ms
[2024-03-07T11:16:50.502+0900][gc,start    ] GC(2) Pause Remark
[2024-03-07T11:16:50.503+0900][gc          ] GC(2) Pause Remark 10M->10M(1024M) 0.890ms
[2024-03-07T11:16:50.503+0900][gc,cpu      ] GC(2) User=0.01s Sys=0.00s Real=0.00s
[2024-03-07T11:16:50.503+0900][gc,marking  ] GC(2) Concurrent Mark 1.868ms
[2024-03-07T11:16:50.503+0900][gc,marking  ] GC(2) Concurrent Rebuild Remembered Sets
[2024-03-07T11:16:50.503+0900][gc,marking  ] GC(2) Concurrent Rebuild Remembered Sets 0.004ms
[2024-03-07T11:16:50.503+0900][gc,start    ] GC(2) Pause Cleanup
[2024-03-07T11:16:50.503+0900][gc          ] GC(2) Pause Cleanup 10M->10M(1024M) 0.008ms
[2024-03-07T11:16:50.503+0900][gc,cpu      ] GC(2) User=0.00s Sys=0.00s Real=0.00s
[2024-03-07T11:16:50.503+0900][gc,marking  ] GC(2) Concurrent Cleanup for Next Mark
[2024-03-07T11:16:50.504+0900][gc,marking  ] GC(2) Concurrent Cleanup for Next Mark 1.333ms
[2024-03-07T11:16:50.504+0900][gc          ] GC(2) Concurrent Mark Cycle 4.472ms
[2024-03-07T11:16:50.912+0900][gc,start    ] GC(3) Pause Young (Normal) (G1 Evacuation Pause)
[2024-03-07T11:16:50.912+0900][gc,task     ] GC(3) Using 8 workers of 8 for evacuation
[2024-03-07T11:16:50.914+0900][gc,phases   ] GC(3)   Pre Evacuate Collection Set: 0.1ms
[2024-03-07T11:16:50.914+0900][gc,phases   ] GC(3)   Merge Heap Roots: 0.0ms
[2024-03-07T11:16:50.914+0900][gc,phases   ] GC(3)   Evacuate Collection Set: 2.3ms
[2024-03-07T11:16:50.914+0900][gc,phases   ] GC(3)   Post Evacuate Collection Set: 0.2ms
[2024-03-07T11:16:50.914+0900][gc,phases   ] GC(3)   Other: 0.1ms
[2024-03-07T11:16:50.914+0900][gc,heap     ] GC(3) Eden regions: 50->0(45)
[2024-03-07T11:16:50.914+0900][gc,heap     ] GC(3) Survivor regions: 1->6(7)
[2024-03-07T11:16:50.914+0900][gc,heap     ] GC(3) Old regions: 8->8
[2024-03-07T11:16:50.914+0900][gc,heap     ] GC(3) Archive regions: 2->2
[2024-03-07T11:16:50.914+0900][gc,heap     ] GC(3) Humongous regions: 129->129
[2024-03-07T11:16:50.914+0900][gc,metaspace] GC(3) Metaspace: 29596K(29824K)->29596K(29824K) NonClass: 26210K(26368K)->26210K(26368K) Class: 3386K(3456K)->3386K(3456K)
[2024-03-07T11:16:50.914+0900][gc          ] GC(3) Pause Young (Normal) (G1 Evacuation Pause) 188M->142M(1024M) 2.799ms
[2024-03-07T11:16:50.914+0900][gc,cpu      ] GC(3) User=0.02s Sys=0.00s Real=0.00s
[2024-03-07T11:16:51.080+0900][gc,start    ] GC(4) Pause Young (Concurrent Start) (Metadata GC Threshold)
[2024-03-07T11:16:51.080+0900][gc,task     ] GC(4) Using 8 workers of 8 for evacuation
[2024-03-07T11:16:51.083+0900][gc,phases   ] GC(4)   Pre Evacuate Collection Set: 0.1ms
[2024-03-07T11:16:51.084+0900][gc,phases   ] GC(4)   Merge Heap Roots: 0.1ms
[2024-03-07T11:16:51.084+0900][gc,phases   ] GC(4)   Evacuate Collection Set: 2.6ms
[2024-03-07T11:16:51.084+0900][gc,phases   ] GC(4)   Post Evacuate Collection Set: 0.2ms
[2024-03-07T11:16:51.084+0900][gc,phases   ] GC(4)   Other: 0.1ms
[2024-03-07T11:16:51.084+0900][gc,heap     ] GC(4) Eden regions: 28->0(48)
[2024-03-07T11:16:51.084+0900][gc,heap     ] GC(4) Survivor regions: 6->3(7)
[2024-03-07T11:16:51.084+0900][gc,heap     ] GC(4) Old regions: 8->13
[2024-03-07T11:16:51.084+0900][gc,heap     ] GC(4) Archive regions: 2->2
[2024-03-07T11:16:51.084+0900][gc,heap     ] GC(4) Humongous regions: 129->129
[2024-03-07T11:16:51.084+0900][gc,metaspace] GC(4) Metaspace: 35874K(36096K)->35874K(36096K) NonClass: 31815K(31936K)->31815K(31936K) Class: 4058K(4160K)->4058K(4160K)
[2024-03-07T11:16:51.084+0900][gc          ] GC(4) Pause Young (Concurrent Start) (Metadata GC Threshold) 170M->145M(1024M) 3.206ms
[2024-03-07T11:16:51.084+0900][gc,cpu      ] GC(4) User=0.02s Sys=0.01s Real=0.00s
[2024-03-07T11:16:51.084+0900][gc          ] GC(5) Concurrent Mark Cycle
[2024-03-07T11:16:51.084+0900][gc,marking  ] GC(5) Concurrent Clear Claimed Marks
[2024-03-07T11:16:51.084+0900][gc,marking  ] GC(5) Concurrent Clear Claimed Marks 0.011ms
[2024-03-07T11:16:51.084+0900][gc,marking  ] GC(5) Concurrent Scan Root Regions
[2024-03-07T11:16:51.085+0900][gc,marking  ] GC(5) Concurrent Scan Root Regions 1.744ms
[2024-03-07T11:16:51.085+0900][gc,marking  ] GC(5) Concurrent Mark
[2024-03-07T11:16:51.085+0900][gc,marking  ] GC(5) Concurrent Mark From Roots
[2024-03-07T11:16:51.085+0900][gc,task     ] GC(5) Using 2 workers of 2 for marking
[2024-03-07T11:16:51.088+0900][gc,marking  ] GC(5) Concurrent Mark From Roots 2.969ms
[2024-03-07T11:16:51.088+0900][gc,marking  ] GC(5) Concurrent Preclean
[2024-03-07T11:16:51.088+0900][gc,marking  ] GC(5) Concurrent Preclean 0.041ms
[2024-03-07T11:16:51.089+0900][gc,start    ] GC(5) Pause Remark
[2024-03-07T11:16:51.090+0900][gc          ] GC(5) Pause Remark 146M->146M(1024M) 1.046ms
[2024-03-07T11:16:51.090+0900][gc,cpu      ] GC(5) User=0.00s Sys=0.00s Real=0.01s
[2024-03-07T11:16:51.090+0900][gc,marking  ] GC(5) Concurrent Mark 4.219ms
[2024-03-07T11:16:51.090+0900][gc,marking  ] GC(5) Concurrent Rebuild Remembered Sets
[2024-03-07T11:16:51.093+0900][gc,marking  ] GC(5) Concurrent Rebuild Remembered Sets 3.350ms
[2024-03-07T11:16:51.093+0900][gc,start    ] GC(5) Pause Cleanup
[2024-03-07T11:16:51.093+0900][gc          ] GC(5) Pause Cleanup 146M->146M(1024M) 0.077ms
[2024-03-07T11:16:51.093+0900][gc,cpu      ] GC(5) User=0.00s Sys=0.00s Real=0.00s
[2024-03-07T11:16:51.093+0900][gc,marking  ] GC(5) Concurrent Cleanup for Next Mark
[2024-03-07T11:16:51.095+0900][gc,marking  ] GC(5) Concurrent Cleanup for Next Mark 2.051ms
[2024-03-07T11:16:51.095+0900][gc          ] GC(5) Concurrent Mark Cycle 11.620ms
[2024-03-07T11:21:11.866+0900][gc,start    ] GC(6) Pause Young (Normal) (G1 Evacuation Pause)
[2024-03-07T11:21:11.867+0900][gc,task     ] GC(6) Using 8 workers of 8 for evacuation
[2024-03-07T11:21:11.897+0900][gc,mmu      ] GC(6) MMU target violated: 21.0ms (20.0ms/21.0ms)
[2024-03-07T11:21:11.897+0900][gc,phases   ] GC(6)   Pre Evacuate Collection Set: 1.2ms
[2024-03-07T11:21:11.897+0900][gc,phases   ] GC(6)   Merge Heap Roots: 0.5ms
[2024-03-07T11:21:11.897+0900][gc,phases   ] GC(6)   Evacuate Collection Set: 27.7ms
[2024-03-07T11:21:11.897+0900][gc,phases   ] GC(6)   Post Evacuate Collection Set: 0.6ms
[2024-03-07T11:21:11.897+0900][gc,phases   ] GC(6)   Other: 1.2ms
[2024-03-07T11:21:11.897+0900][gc,heap     ] GC(6) Eden regions: 48->0(45)
[2024-03-07T11:21:11.897+0900][gc,heap     ] GC(6) Survivor regions: 3->6(7)
[2024-03-07T11:21:11.897+0900][gc,heap     ] GC(6) Old regions: 13->13
[2024-03-07T11:21:11.897+0900][gc,heap     ] GC(6) Archive regions: 2->2
[2024-03-07T11:21:11.897+0900][gc,heap     ] GC(6) Humongous regions: 159->129
[2024-03-07T11:21:11.897+0900][gc,metaspace] GC(6) Metaspace: 41258K(41920K)->41258K(41920K) NonClass: 36305K(36672K)->36305K(36672K) Class: 4952K(5248K)->4952K(5248K)
[2024-03-07T11:21:11.897+0900][gc          ] GC(6) Pause Young (Normal) (G1 Evacuation Pause) 223M->148M(1024M) 31.566ms
[2024-03-07T11:21:11.897+0900][gc,cpu      ] GC(6) User=0.04s Sys=0.06s Real=0.03s
[2024-03-07T11:31:35.925+0900][gc,start    ] GC(7) Pause Young (Normal) (G1 Evacuation Pause)
[2024-03-07T11:31:35.925+0900][gc,task     ] GC(7) Using 8 workers of 8 for evacuation
[2024-03-07T11:31:35.952+0900][gc,mmu      ] GC(7) MMU target violated: 21.0ms (20.0ms/21.0ms)
[2024-03-07T11:31:35.952+0900][gc,phases   ] GC(7)   Pre Evacuate Collection Set: 1.3ms
[2024-03-07T11:31:35.952+0900][gc,phases   ] GC(7)   Merge Heap Roots: 0.3ms
[2024-03-07T11:31:35.952+0900][gc,phases   ] GC(7)   Evacuate Collection Set: 24.5ms
[2024-03-07T11:31:35.952+0900][gc,phases   ] GC(7)   Post Evacuate Collection Set: 0.7ms
[2024-03-07T11:31:35.952+0900][gc,phases   ] GC(7)   Other: 1.0ms
[2024-03-07T11:31:35.952+0900][gc,heap     ] GC(7) Eden regions: 45->0(46)
[2024-03-07T11:31:35.952+0900][gc,heap     ] GC(7) Survivor regions: 6->5(7)
[2024-03-07T11:31:35.952+0900][gc,heap     ] GC(7) Old regions: 13->15
[2024-03-07T11:31:35.952+0900][gc,heap     ] GC(7) Archive regions: 2->2
[2024-03-07T11:31:35.952+0900][gc,heap     ] GC(7) Humongous regions: 129->129
[2024-03-07T11:31:35.952+0900][gc,metaspace] GC(7) Metaspace: 42052K(42688K)->42052K(42688K) NonClass: 37011K(37376K)->37011K(37376K) Class: 5041K(5312K)->5041K(5312K)
[2024-03-07T11:31:35.952+0900][gc          ] GC(7) Pause Young (Normal) (G1 Evacuation Pause) 193M->149M(1024M) 27.414ms
[2024-03-07T11:31:35.952+0900][gc,cpu      ] GC(7) User=0.04s Sys=0.03s Real=0.03s
[2024-03-07T11:43:29.960+0900][gc,start    ] GC(8) Pause Young (Normal) (G1 Evacuation Pause)
[2024-03-07T11:43:29.961+0900][gc,task     ] GC(8) Using 8 workers of 8 for evacuation
[2024-03-07T11:43:29.977+0900][gc,phases   ] GC(8)   Pre Evacuate Collection Set: 0.4ms
[2024-03-07T11:43:29.977+0900][gc,phases   ] GC(8)   Merge Heap Roots: 0.4ms
[2024-03-07T11:43:29.977+0900][gc,phases   ] GC(8)   Evacuate Collection Set: 14.1ms
[2024-03-07T11:43:29.977+0900][gc,phases   ] GC(8)   Post Evacuate Collection Set: 0.6ms
[2024-03-07T11:43:29.977+0900][gc,phases   ] GC(8)   Other: 1.3ms
[2024-03-07T11:43:29.977+0900][gc,heap     ] GC(8) Eden regions: 46->0(48)
[2024-03-07T11:43:29.977+0900][gc,heap     ] GC(8) Survivor regions: 5->3(7)
[2024-03-07T11:43:29.977+0900][gc,heap     ] GC(8) Old regions: 15->18
[2024-03-07T11:43:29.977+0900][gc,heap     ] GC(8) Archive regions: 2->2
[2024-03-07T11:43:29.977+0900][gc,heap     ] GC(8) Humongous regions: 129->129
[2024-03-07T11:43:29.977+0900][gc,metaspace] GC(8) Metaspace: 42148K(42752K)->42148K(42752K) NonClass: 37104K(37440K)->37104K(37440K) Class: 5043K(5312K)->5043K(5312K)
[2024-03-07T11:43:29.977+0900][gc          ] GC(8) Pause Young (Normal) (G1 Evacuation Pause) 195M->149M(1024M) 17.050ms
[2024-03-07T11:43:29.978+0900][gc,cpu      ] GC(8) User=0.02s Sys=0.02s Real=0.01s
[2024-03-07T11:56:41.553+0900][gc,start    ] GC(9) Pause Young (Normal) (G1 Evacuation Pause)
[2024-03-07T11:56:41.554+0900][gc,task     ] GC(9) Using 8 workers of 8 for evacuation
[2024-03-07T11:56:41.567+0900][gc,phases   ] GC(9)   Pre Evacuate Collection Set: 0.4ms
[2024-03-07T11:56:41.567+0900][gc,phases   ] GC(9)   Merge Heap Roots: 0.1ms
[2024-03-07T11:56:41.567+0900][gc,phases   ] GC(9)   Evacuate Collection Set: 11.1ms
[2024-03-07T11:56:41.567+0900][gc,phases   ] GC(9)   Post Evacuate Collection Set: 0.5ms
[2024-03-07T11:56:41.567+0900][gc,phases   ] GC(9)   Other: 1.2ms
[2024-03-07T11:56:41.567+0900][gc,heap     ] GC(9) Eden regions: 48->0(48)
[2024-03-07T11:56:41.567+0900][gc,heap     ] GC(9) Survivor regions: 3->3(7)
[2024-03-07T11:56:41.567+0900][gc,heap     ] GC(9) Old regions: 18->18
[2024-03-07T11:56:41.567+0900][gc,heap     ] GC(9) Archive regions: 2->2
[2024-03-07T11:56:41.567+0900][gc,heap     ] GC(9) Humongous regions: 129->129
[2024-03-07T11:56:41.567+0900][gc,metaspace] GC(9) Metaspace: 42204K(42816K)->42204K(42816K) NonClass: 37160K(37504K)->37160K(37504K) Class: 5043K(5312K)->5043K(5312K)
[2024-03-07T11:56:41.567+0900][gc          ] GC(9) Pause Young (Normal) (G1 Evacuation Pause) 197M->150M(1024M) 13.683ms
[2024-03-07T11:56:41.567+0900][gc,cpu      ] GC(9) User=0.02s Sys=0.01s Real=0.01s
[2024-03-07T12:10:06.544+0900][gc,start    ] GC(10) Pause Young (Normal) (G1 Evacuation Pause)
[2024-03-07T12:10:06.546+0900][gc,task     ] GC(10) Using 8 workers of 8 for evacuation
[2024-03-07T12:10:06.556+0900][gc,phases   ] GC(10)   Pre Evacuate Collection Set: 0.5ms
[2024-03-07T12:10:06.556+0900][gc,phases   ] GC(10)   Merge Heap Roots: 0.2ms
[2024-03-07T12:10:06.556+0900][gc,phases   ] GC(10)   Evacuate Collection Set: 9.0ms
[2024-03-07T12:10:06.556+0900][gc,phases   ] GC(10)   Post Evacuate Collection Set: 0.6ms
[2024-03-07T12:10:06.556+0900][gc,phases   ] GC(10)   Other: 1.6ms
[2024-03-07T12:10:06.556+0900][gc,heap     ] GC(10) Eden regions: 48->0(55)
[2024-03-07T12:10:06.556+0900][gc,heap     ] GC(10) Survivor regions: 3->3(7)
[2024-03-07T12:10:06.556+0900][gc,heap     ] GC(10) Old regions: 18->18
[2024-03-07T12:10:06.556+0900][gc,heap     ] GC(10) Archive regions: 2->2
[2024-03-07T12:10:06.556+0900][gc,heap     ] GC(10) Humongous regions: 129->129
[2024-03-07T12:10:06.556+0900][gc,metaspace] GC(10) Metaspace: 42267K(42880K)->42267K(42880K) NonClass: 37224K(37568K)->37224K(37568K) Class: 5043K(5312K)->5043K(5312K)
[2024-03-07T12:10:06.556+0900][gc          ] GC(10) Pause Young (Normal) (G1 Evacuation Pause) 198M->149M(1024M) 12.086ms
[2024-03-07T12:10:06.556+0900][gc,cpu      ] GC(10) User=0.01s Sys=0.01s Real=0.01s
[2024-03-07T12:34:51.159+0900][gc,start    ] GC(11) Pause Young (Normal) (G1 Evacuation Pause)
[2024-03-07T12:34:51.159+0900][gc,task     ] GC(11) Using 8 workers of 8 for evacuation
[2024-03-07T12:34:51.206+0900][gc,mmu      ] GC(11) MMU target violated: 21.0ms (20.0ms/21.0ms)
[2024-03-07T12:34:51.206+0900][gc,phases   ] GC(11)   Pre Evacuate Collection Set: 2.1ms
[2024-03-07T12:34:51.206+0900][gc,phases   ] GC(11)   Merge Heap Roots: 0.2ms
[2024-03-07T12:34:51.206+0900][gc,phases   ] GC(11)   Evacuate Collection Set: 42.5ms
[2024-03-07T12:34:51.206+0900][gc,phases   ] GC(11)   Post Evacuate Collection Set: 1.0ms
[2024-03-07T12:34:51.206+0900][gc,phases   ] GC(11)   Other: 3.2ms
[2024-03-07T12:34:51.206+0900][gc,heap     ] GC(11) Eden regions: 55->0(48)
[2024-03-07T12:34:51.206+0900][gc,heap     ] GC(11) Survivor regions: 3->3(8)
[2024-03-07T12:34:51.206+0900][gc,heap     ] GC(11) Old regions: 18->18
[2024-03-07T12:34:51.206+0900][gc,heap     ] GC(11) Archive regions: 2->2
[2024-03-07T12:34:51.206+0900][gc,heap     ] GC(11) Humongous regions: 129->129
[2024-03-07T12:34:51.206+0900][gc,metaspace] GC(11) Metaspace: 42429K(43136K)->42429K(43136K) NonClass: 37364K(37760K)->37364K(37760K) Class: 5065K(5376K)->5065K(5376K)
[2024-03-07T12:34:51.206+0900][gc          ] GC(11) Pause Young (Normal) (G1 Evacuation Pause) 204M->149M(1024M) 48.059ms
[2024-03-07T12:34:51.206+0900][gc,cpu      ] GC(11) User=0.03s Sys=0.04s Real=0.05s
[2024-03-07T13:01:01.474+0900][gc,start    ] GC(12) Pause Young (Normal) (G1 Evacuation Pause)
[2024-03-07T13:01:01.475+0900][gc,task     ] GC(12) Using 8 workers of 8 for evacuation
[2024-03-07T13:01:01.492+0900][gc,phases   ] GC(12)   Pre Evacuate Collection Set: 0.6ms
[2024-03-07T13:01:01.492+0900][gc,phases   ] GC(12)   Merge Heap Roots: 0.3ms
[2024-03-07T13:01:01.492+0900][gc,phases   ] GC(12)   Evacuate Collection Set: 14.3ms
[2024-03-07T13:01:01.492+0900][gc,phases   ] GC(12)   Post Evacuate Collection Set: 1.0ms
[2024-03-07T13:01:01.492+0900][gc,phases   ] GC(12)   Other: 2.2ms
[2024-03-07T13:01:01.492+0900][gc,heap     ] GC(12) Eden regions: 48->0(48)
[2024-03-07T13:01:01.492+0900][gc,heap     ] GC(12) Survivor regions: 3->3(7)
[2024-03-07T13:01:01.492+0900][gc,heap     ] GC(12) Old regions: 18->18
[2024-03-07T13:01:01.492+0900][gc,heap     ] GC(12) Archive regions: 2->2
[2024-03-07T13:01:01.492+0900][gc,heap     ] GC(12) Humongous regions: 129->129
[2024-03-07T13:01:01.492+0900][gc,metaspace] GC(12) Metaspace: 42451K(43136K)->42451K(43136K) NonClass: 37385K(37760K)->37385K(37760K) Class: 5065K(5376K)->5065K(5376K)
[2024-03-07T13:01:01.492+0900][gc          ] GC(12) Pause Young (Normal) (G1 Evacuation Pause) 197M->149M(1024M) 18.920ms
[2024-03-07T13:01:01.492+0900][gc,cpu      ] GC(12) User=0.02s Sys=0.02s Real=0.02s
[2024-03-07T13:27:16.446+0900][gc,start    ] GC(13) Pause Young (Normal) (G1 Evacuation Pause)
[2024-03-07T13:27:16.446+0900][gc,task     ] GC(13) Using 8 workers of 8 for evacuation
[2024-03-07T13:27:16.477+0900][gc,mmu      ] GC(13) MMU target violated: 21.0ms (20.0ms/21.0ms)
[2024-03-07T13:27:16.478+0900][gc,phases   ] GC(13)   Pre Evacuate Collection Set: 0.9ms
[2024-03-07T13:27:16.478+0900][gc,phases   ] GC(13)   Merge Heap Roots: 0.3ms
[2024-03-07T13:27:16.478+0900][gc,phases   ] GC(13)   Evacuate Collection Set: 28.6ms
[2024-03-07T13:27:16.478+0900][gc,phases   ] GC(13)   Post Evacuate Collection Set: 0.9ms
[2024-03-07T13:27:16.478+0900][gc,phases   ] GC(13)   Other: 2.5ms
[2024-03-07T13:27:16.478+0900][gc,heap     ] GC(13) Eden regions: 48->0(48)
[2024-03-07T13:27:16.478+0900][gc,heap     ] GC(13) Survivor regions: 3->3(7)
[2024-03-07T13:27:16.478+0900][gc,heap     ] GC(13) Old regions: 18->18
[2024-03-07T13:27:16.478+0900][gc,heap     ] GC(13) Archive regions: 2->2
[2024-03-07T13:27:16.478+0900][gc,heap     ] GC(13) Humongous regions: 129->129
[2024-03-07T13:27:16.478+0900][gc,metaspace] GC(13) Metaspace: 42468K(43136K)->42468K(43136K) NonClass: 37403K(37760K)->37403K(37760K) Class: 5065K(5376K)->5065K(5376K)
[2024-03-07T13:27:16.478+0900][gc          ] GC(13) Pause Young (Normal) (G1 Evacuation Pause) 197M->149M(1024M) 33.383ms
[2024-03-07T13:27:16.478+0900][gc,cpu      ] GC(13) User=0.02s Sys=0.02s Real=0.03s
[2024-03-07T13:33:53.983+0900][gc,start    ] GC(14) Pause Young (Normal) (G1 Evacuation Pause)
[2024-03-07T13:33:53.984+0900][gc,task     ] GC(14) Using 8 workers of 8 for evacuation
[2024-03-07T13:33:54.010+0900][gc,mmu      ] GC(14) MMU target violated: 21.0ms (20.0ms/21.0ms)
[2024-03-07T13:33:54.010+0900][gc,phases   ] GC(14)   Pre Evacuate Collection Set: 0.6ms
[2024-03-07T13:33:54.010+0900][gc,phases   ] GC(14)   Merge Heap Roots: 0.3ms
[2024-03-07T13:33:54.010+0900][gc,phases   ] GC(14)   Evacuate Collection Set: 24.3ms
[2024-03-07T13:33:54.010+0900][gc,phases   ] GC(14)   Post Evacuate Collection Set: 0.7ms
[2024-03-07T13:33:54.010+0900][gc,phases   ] GC(14)   Other: 0.9ms
[2024-03-07T13:33:54.010+0900][gc,heap     ] GC(14) Eden regions: 48->0(45)
[2024-03-07T13:33:54.010+0900][gc,heap     ] GC(14) Survivor regions: 3->6(7)
[2024-03-07T13:33:54.010+0900][gc,heap     ] GC(14) Old regions: 18->18
[2024-03-07T13:33:54.010+0900][gc,heap     ] GC(14) Archive regions: 2->2
[2024-03-07T13:33:54.010+0900][gc,heap     ] GC(14) Humongous regions: 129->129
[2024-03-07T13:33:54.010+0900][gc,metaspace] GC(14) Metaspace: 42730K(43392K)->42730K(43392K) NonClass: 37607K(37952K)->37607K(37952K) Class: 5122K(5440K)->5122K(5440K)
[2024-03-07T13:33:54.010+0900][gc          ] GC(14) Pause Young (Normal) (G1 Evacuation Pause) 197M->152M(1024M) 26.887ms
[2024-03-07T13:33:54.010+0900][gc,cpu      ] GC(14) User=0.03s Sys=0.03s Real=0.03s
[2024-03-07T13:36:23.077+0900][gc,start    ] GC(15) Pause Young (Normal) (G1 Evacuation Pause)
[2024-03-07T13:36:23.078+0900][gc,task     ] GC(15) Using 8 workers of 8 for evacuation
[2024-03-07T13:36:23.093+0900][gc,phases   ] GC(15)   Pre Evacuate Collection Set: 0.5ms
[2024-03-07T13:36:23.094+0900][gc,phases   ] GC(15)   Merge Heap Roots: 0.2ms
[2024-03-07T13:36:23.094+0900][gc,phases   ] GC(15)   Evacuate Collection Set: 13.6ms
[2024-03-07T13:36:23.094+0900][gc,phases   ] GC(15)   Post Evacuate Collection Set: 0.6ms
[2024-03-07T13:36:23.094+0900][gc,phases   ] GC(15)   Other: 1.8ms
[2024-03-07T13:36:23.094+0900][gc,heap     ] GC(15) Eden regions: 45->0(50)
[2024-03-07T13:36:23.094+0900][gc,heap     ] GC(15) Survivor regions: 6->3(7)
[2024-03-07T13:36:23.094+0900][gc,heap     ] GC(15) Old regions: 18->20
[2024-03-07T13:36:23.094+0900][gc,heap     ] GC(15) Archive regions: 2->2
[2024-03-07T13:36:23.094+0900][gc,heap     ] GC(15) Humongous regions: 129->129
[2024-03-07T13:36:23.094+0900][gc,metaspace] GC(15) Metaspace: 42731K(43392K)->42731K(43392K) NonClass: 37608K(37952K)->37608K(37952K) Class: 5122K(5440K)->5122K(5440K)
[2024-03-07T13:36:23.094+0900][gc          ] GC(15) Pause Young (Normal) (G1 Evacuation Pause) 197M->151M(1024M) 16.545ms
[2024-03-07T13:36:23.094+0900][gc,cpu      ] GC(15) User=0.02s Sys=0.01s Real=0.02s
[2024-03-07T13:39:11.152+0900][gc,start    ] GC(16) Pause Young (Normal) (G1 Evacuation Pause)
[2024-03-07T13:39:11.152+0900][gc,task     ] GC(16) Using 8 workers of 8 for evacuation
[2024-03-07T13:39:11.188+0900][gc,mmu      ] GC(16) MMU target violated: 21.0ms (20.0ms/21.0ms)
[2024-03-07T13:39:11.188+0900][gc,phases   ] GC(16)   Pre Evacuate Collection Set: 0.6ms
[2024-03-07T13:39:11.188+0900][gc,phases   ] GC(16)   Merge Heap Roots: 0.2ms
[2024-03-07T13:39:11.188+0900][gc,phases   ] GC(16)   Evacuate Collection Set: 33.4ms
[2024-03-07T13:39:11.188+0900][gc,phases   ] GC(16)   Post Evacuate Collection Set: 1.5ms
[2024-03-07T13:39:11.188+0900][gc,phases   ] GC(16)   Other: 1.2ms
[2024-03-07T13:39:11.188+0900][gc,heap     ] GC(16) Eden regions: 50->0(44)
[2024-03-07T13:39:11.188+0900][gc,heap     ] GC(16) Survivor regions: 3->7(7)
[2024-03-07T13:39:11.188+0900][gc,heap     ] GC(16) Old regions: 20->20
[2024-03-07T13:39:11.188+0900][gc,heap     ] GC(16) Archive regions: 2->2
[2024-03-07T13:39:11.188+0900][gc,heap     ] GC(16) Humongous regions: 129->129
[2024-03-07T13:39:11.188+0900][gc,metaspace] GC(16) Metaspace: 42741K(43392K)->42741K(43392K) NonClass: 37619K(37952K)->37619K(37952K) Class: 5122K(5440K)->5122K(5440K)
[2024-03-07T13:39:11.188+0900][gc          ] GC(16) Pause Young (Normal) (G1 Evacuation Pause) 201M->155M(1024M) 36.761ms
[2024-03-07T13:39:11.188+0900][gc,cpu      ] GC(16) User=0.03s Sys=0.03s Real=0.03s
[2024-03-07T13:41:40.250+0900][gc,start    ] GC(17) Pause Young (Normal) (G1 Evacuation Pause)
[2024-03-07T13:41:40.251+0900][gc,task     ] GC(17) Using 8 workers of 8 for evacuation
[2024-03-07T13:41:40.265+0900][gc,phases   ] GC(17)   Pre Evacuate Collection Set: 0.6ms
[2024-03-07T13:41:40.265+0900][gc,phases   ] GC(17)   Merge Heap Roots: 0.2ms
[2024-03-07T13:41:40.265+0900][gc,phases   ] GC(17)   Evacuate Collection Set: 12.2ms
[2024-03-07T13:41:40.265+0900][gc,phases   ] GC(17)   Post Evacuate Collection Set: 0.9ms
[2024-03-07T13:41:40.265+0900][gc,phases   ] GC(17)   Other: 1.1ms
[2024-03-07T13:41:40.265+0900][gc,heap     ] GC(17) Eden regions: 44->0(47)
[2024-03-07T13:41:40.265+0900][gc,heap     ] GC(17) Survivor regions: 7->4(7)
[2024-03-07T13:41:40.265+0900][gc,heap     ] GC(17) Old regions: 20->23
[2024-03-07T13:41:40.265+0900][gc,heap     ] GC(17) Archive regions: 2->2
[2024-03-07T13:41:40.265+0900][gc,heap     ] GC(17) Humongous regions: 129->129
[2024-03-07T13:41:40.265+0900][gc,metaspace] GC(17) Metaspace: 42750K(43392K)->42750K(43392K) NonClass: 37627K(37952K)->37627K(37952K) Class: 5122K(5440K)->5122K(5440K)
[2024-03-07T13:41:40.265+0900][gc          ] GC(17) Pause Young (Normal) (G1 Evacuation Pause) 199M->156M(1024M) 15.129ms
[2024-03-07T13:41:40.265+0900][gc,cpu      ] GC(17) User=0.03s Sys=0.02s Real=0.01s
[2024-03-07T13:44:21.879+0900][gc,start    ] GC(18) Pause Young (Normal) (G1 Evacuation Pause)
[2024-03-07T13:44:21.880+0900][gc,task     ] GC(18) Using 8 workers of 8 for evacuation
[2024-03-07T13:44:21.891+0900][gc,phases   ] GC(18)   Pre Evacuate Collection Set: 0.5ms
[2024-03-07T13:44:21.891+0900][gc,phases   ] GC(18)   Merge Heap Roots: 0.3ms
[2024-03-07T13:44:21.891+0900][gc,phases   ] GC(18)   Evacuate Collection Set: 9.0ms
[2024-03-07T13:44:21.891+0900][gc,phases   ] GC(18)   Post Evacuate Collection Set: 0.6ms
[2024-03-07T13:44:21.891+0900][gc,phases   ] GC(18)   Other: 1.4ms
[2024-03-07T13:44:21.891+0900][gc,heap     ] GC(18) Eden regions: 47->0(45)
[2024-03-07T13:44:21.891+0900][gc,heap     ] GC(18) Survivor regions: 4->6(7)
[2024-03-07T13:44:21.891+0900][gc,heap     ] GC(18) Old regions: 23->23
[2024-03-07T13:44:21.891+0900][gc,heap     ] GC(18) Archive regions: 2->2
[2024-03-07T13:44:21.891+0900][gc,heap     ] GC(18) Humongous regions: 129->129
[2024-03-07T13:44:21.891+0900][gc,metaspace] GC(18) Metaspace: 42754K(43392K)->42754K(43392K) NonClass: 37632K(37952K)->37632K(37952K) Class: 5122K(5440K)->5122K(5440K)
[2024-03-07T13:44:21.891+0900][gc          ] GC(18) Pause Young (Normal) (G1 Evacuation Pause) 203M->158M(1024M) 11.944ms
[2024-03-07T13:44:21.891+0900][gc,cpu      ] GC(18) User=0.03s Sys=0.02s Real=0.02s
[2024-03-07T13:46:55.264+0900][gc,start    ] GC(19) Pause Young (Normal) (G1 Evacuation Pause)
[2024-03-07T13:46:55.264+0900][gc,task     ] GC(19) Using 8 workers of 8 for evacuation
[2024-03-07T13:46:55.325+0900][gc,mmu      ] GC(19) MMU target violated: 21.0ms (20.0ms/21.0ms)
[2024-03-07T13:46:55.325+0900][gc,phases   ] GC(19)   Pre Evacuate Collection Set: 1.2ms
[2024-03-07T13:46:55.325+0900][gc,phases   ] GC(19)   Merge Heap Roots: 0.4ms
[2024-03-07T13:46:55.325+0900][gc,phases   ] GC(19)   Evacuate Collection Set: 57.5ms
[2024-03-07T13:46:55.325+0900][gc,phases   ] GC(19)   Post Evacuate Collection Set: 0.9ms
[2024-03-07T13:46:55.325+0900][gc,phases   ] GC(19)   Other: 1.0ms
[2024-03-07T13:46:55.325+0900][gc,heap     ] GC(19) Eden regions: 45->0(44)
[2024-03-07T13:46:55.325+0900][gc,heap     ] GC(19) Survivor regions: 6->7(7)
[2024-03-07T13:46:55.325+0900][gc,heap     ] GC(19) Old regions: 23->26
[2024-03-07T13:46:55.325+0900][gc,heap     ] GC(19) Archive regions: 2->2
[2024-03-07T13:46:55.325+0900][gc,heap     ] GC(19) Humongous regions: 129->129
[2024-03-07T13:46:55.325+0900][gc,metaspace] GC(19) Metaspace: 42759K(43392K)->42759K(43392K) NonClass: 37636K(37952K)->37636K(37952K) Class: 5122K(5440K)->5122K(5440K)
[2024-03-07T13:46:55.325+0900][gc          ] GC(19) Pause Young (Normal) (G1 Evacuation Pause) 203M->161M(1024M) 60.987ms
[2024-03-07T13:46:55.325+0900][gc,cpu      ] GC(19) User=0.02s Sys=0.03s Real=0.06s
[2024-03-07T13:49:25.447+0900][gc,start    ] GC(20) Pause Young (Normal) (G1 Evacuation Pause)
[2024-03-07T13:49:25.448+0900][gc,task     ] GC(20) Using 8 workers of 8 for evacuation
[2024-03-07T13:49:25.468+0900][gc,phases   ] GC(20)   Pre Evacuate Collection Set: 0.6ms
[2024-03-07T13:49:25.468+0900][gc,phases   ] GC(20)   Merge Heap Roots: 0.2ms
[2024-03-07T13:49:25.468+0900][gc,phases   ] GC(20)   Evacuate Collection Set: 18.3ms
[2024-03-07T13:49:25.468+0900][gc,phases   ] GC(20)   Post Evacuate Collection Set: 0.8ms
[2024-03-07T13:49:25.468+0900][gc,phases   ] GC(20)   Other: 0.9ms
[2024-03-07T13:49:25.468+0900][gc,heap     ] GC(20) Eden regions: 44->0(47)
[2024-03-07T13:49:25.468+0900][gc,heap     ] GC(20) Survivor regions: 7->4(7)
[2024-03-07T13:49:25.468+0900][gc,heap     ] GC(20) Old regions: 26->31
[2024-03-07T13:49:25.468+0900][gc,heap     ] GC(20) Archive regions: 2->2
[2024-03-07T13:49:25.468+0900][gc,heap     ] GC(20) Humongous regions: 129->129
[2024-03-07T13:49:25.468+0900][gc,metaspace] GC(20) Metaspace: 42765K(43392K)->42765K(43392K) NonClass: 37643K(37952K)->37643K(37952K) Class: 5122K(5440K)->5122K(5440K)
[2024-03-07T13:49:25.468+0900][gc          ] GC(20) Pause Young (Normal) (G1 Evacuation Pause) 205M->163M(1024M) 21.041ms
[2024-03-07T13:49:25.468+0900][gc,cpu      ] GC(20) User=0.03s Sys=0.02s Real=0.02s
[2024-03-07T13:52:07.930+0900][gc,start    ] GC(21) Pause Young (Normal) (G1 Evacuation Pause)
[2024-03-07T13:52:07.931+0900][gc,task     ] GC(21) Using 8 workers of 8 for evacuation
[2024-03-07T13:52:07.953+0900][gc,mmu      ] GC(21) MMU target violated: 21.0ms (20.0ms/21.0ms)
[2024-03-07T13:52:07.953+0900][gc,phases   ] GC(21)   Pre Evacuate Collection Set: 0.4ms
[2024-03-07T13:52:07.953+0900][gc,phases   ] GC(21)   Merge Heap Roots: 0.2ms
[2024-03-07T13:52:07.953+0900][gc,phases   ] GC(21)   Evacuate Collection Set: 20.6ms
[2024-03-07T13:52:07.953+0900][gc,phases   ] GC(21)   Post Evacuate Collection Set: 0.7ms
[2024-03-07T13:52:07.953+0900][gc,phases   ] GC(21)   Other: 1.2ms
[2024-03-07T13:52:07.953+0900][gc,heap     ] GC(21) Eden regions: 47->0(44)
[2024-03-07T13:52:07.953+0900][gc,heap     ] GC(21) Survivor regions: 4->7(7)
[2024-03-07T13:52:07.953+0900][gc,heap     ] GC(21) Old regions: 31->31
[2024-03-07T13:52:07.953+0900][gc,heap     ] GC(21) Archive regions: 2->2
[2024-03-07T13:52:07.953+0900][gc,heap     ] GC(21) Humongous regions: 129->129
[2024-03-07T13:52:07.953+0900][gc,metaspace] GC(21) Metaspace: 42768K(43392K)->42768K(43392K) NonClass: 37645K(37952K)->37645K(37952K) Class: 5122K(5440K)->5122K(5440K)
[2024-03-07T13:52:07.953+0900][gc          ] GC(21) Pause Young (Normal) (G1 Evacuation Pause) 210M->166M(1024M) 23.437ms
[2024-03-07T13:52:07.954+0900][gc,cpu      ] GC(21) User=0.03s Sys=0.02s Real=0.02s
[2024-03-07T13:54:38.623+0900][gc,start    ] GC(22) Pause Young (Normal) (G1 Evacuation Pause)
[2024-03-07T13:54:38.623+0900][gc,task     ] GC(22) Using 8 workers of 8 for evacuation
[2024-03-07T13:54:38.641+0900][gc,phases   ] GC(22)   Pre Evacuate Collection Set: 0.6ms
[2024-03-07T13:54:38.641+0900][gc,phases   ] GC(22)   Merge Heap Roots: 0.2ms
[2024-03-07T13:54:38.641+0900][gc,phases   ] GC(22)   Evacuate Collection Set: 16.3ms
[2024-03-07T13:54:38.641+0900][gc,phases   ] GC(22)   Post Evacuate Collection Set: 0.6ms
[2024-03-07T13:54:38.642+0900][gc,phases   ] GC(22)   Other: 0.9ms
[2024-03-07T13:54:38.642+0900][gc,heap     ] GC(22) Eden regions: 44->0(47)
[2024-03-07T13:54:38.642+0900][gc,heap     ] GC(22) Survivor regions: 7->4(7)
[2024-03-07T13:54:38.642+0900][gc,heap     ] GC(22) Old regions: 31->35
[2024-03-07T13:54:38.642+0900][gc,heap     ] GC(22) Archive regions: 2->2
[2024-03-07T13:54:38.642+0900][gc,heap     ] GC(22) Humongous regions: 129->129
[2024-03-07T13:54:38.642+0900][gc,metaspace] GC(22) Metaspace: 42772K(43392K)->42772K(43392K) NonClass: 37649K(37952K)->37649K(37952K) Class: 5122K(5440K)->5122K(5440K)
[2024-03-07T13:54:38.642+0900][gc          ] GC(22) Pause Young (Normal) (G1 Evacuation Pause) 210M->168M(1024M) 18.862ms
[2024-03-07T13:54:38.642+0900][gc,cpu      ] GC(22) User=0.03s Sys=0.01s Real=0.02s
[2024-03-07T13:57:19.591+0900][gc,start    ] GC(23) Pause Young (Normal) (G1 Evacuation Pause)
[2024-03-07T13:57:19.592+0900][gc,task     ] GC(23) Using 8 workers of 8 for evacuation
[2024-03-07T13:57:19.612+0900][gc,phases   ] GC(23)   Pre Evacuate Collection Set: 1.0ms
[2024-03-07T13:57:19.612+0900][gc,phases   ] GC(23)   Merge Heap Roots: 0.4ms
[2024-03-07T13:57:19.612+0900][gc,phases   ] GC(23)   Evacuate Collection Set: 17.1ms
[2024-03-07T13:57:19.612+0900][gc,phases   ] GC(23)   Post Evacuate Collection Set: 1.6ms
[2024-03-07T13:57:19.612+0900][gc,phases   ] GC(23)   Other: 0.9ms
[2024-03-07T13:57:19.612+0900][gc,heap     ] GC(23) Eden regions: 47->0(44)
[2024-03-07T13:57:19.612+0900][gc,heap     ] GC(23) Survivor regions: 4->7(7)
[2024-03-07T13:57:19.612+0900][gc,heap     ] GC(23) Old regions: 35->35
[2024-03-07T13:57:19.612+0900][gc,heap     ] GC(23) Archive regions: 2->2
[2024-03-07T13:57:19.612+0900][gc,heap     ] GC(23) Humongous regions: 129->129
[2024-03-07T13:57:19.612+0900][gc,metaspace] GC(23) Metaspace: 42777K(43392K)->42777K(43392K) NonClass: 37654K(37952K)->37654K(37952K) Class: 5122K(5440K)->5122K(5440K)
[2024-03-07T13:57:19.613+0900][gc          ] GC(23) Pause Young (Normal) (G1 Evacuation Pause) 215M->171M(1024M) 21.072ms
[2024-03-07T13:57:19.613+0900][gc,cpu      ] GC(23) User=0.03s Sys=0.02s Real=0.02s
[2024-03-07T13:59:51.384+0900][gc,start    ] GC(24) Pause Young (Normal) (G1 Evacuation Pause)
[2024-03-07T13:59:51.385+0900][gc,task     ] GC(24) Using 8 workers of 8 for evacuation
[2024-03-07T13:59:51.404+0900][gc,phases   ] GC(24)   Pre Evacuate Collection Set: 0.6ms
[2024-03-07T13:59:51.404+0900][gc,phases   ] GC(24)   Merge Heap Roots: 0.2ms
[2024-03-07T13:59:51.404+0900][gc,phases   ] GC(24)   Evacuate Collection Set: 16.9ms
[2024-03-07T13:59:51.404+0900][gc,phases   ] GC(24)   Post Evacuate Collection Set: 1.2ms
[2024-03-07T13:59:51.404+0900][gc,phases   ] GC(24)   Other: 1.0ms
[2024-03-07T13:59:51.404+0900][gc,heap     ] GC(24) Eden regions: 44->0(50)
[2024-03-07T13:59:51.404+0900][gc,heap     ] GC(24) Survivor regions: 7->4(7)
[2024-03-07T13:59:51.404+0900][gc,heap     ] GC(24) Old regions: 35->40
[2024-03-07T13:59:51.404+0900][gc,heap     ] GC(24) Archive regions: 2->2
[2024-03-07T13:59:51.404+0900][gc,heap     ] GC(24) Humongous regions: 129->129
[2024-03-07T13:59:51.404+0900][gc,metaspace] GC(24) Metaspace: 42777K(43392K)->42777K(43392K) NonClass: 37654K(37952K)->37654K(37952K) Class: 5122K(5440K)->5122K(5440K)
[2024-03-07T13:59:51.404+0900][gc          ] GC(24) Pause Young (Normal) (G1 Evacuation Pause) 215M->173M(1024M) 20.073ms
[2024-03-07T13:59:51.404+0900][gc,cpu      ] GC(24) User=0.03s Sys=0.01s Real=0.02s
[2024-03-07T14:02:42.781+0900][gc,start    ] GC(25) Pause Young (Normal) (G1 Evacuation Pause)
[2024-03-07T14:02:42.781+0900][gc,task     ] GC(25) Using 8 workers of 8 for evacuation
[2024-03-07T14:02:42.801+0900][gc,phases   ] GC(25)   Pre Evacuate Collection Set: 1.2ms
[2024-03-07T14:02:42.801+0900][gc,phases   ] GC(25)   Merge Heap Roots: 0.5ms
[2024-03-07T14:02:42.801+0900][gc,phases   ] GC(25)   Evacuate Collection Set: 16.0ms
[2024-03-07T14:02:42.801+0900][gc,phases   ] GC(25)   Post Evacuate Collection Set: 0.8ms
[2024-03-07T14:02:42.801+0900][gc,phases   ] GC(25)   Other: 1.7ms
[2024-03-07T14:02:42.801+0900][gc,heap     ] GC(25) Eden regions: 50->0(45)
[2024-03-07T14:02:42.801+0900][gc,heap     ] GC(25) Survivor regions: 4->6(7)
[2024-03-07T14:02:42.801+0900][gc,heap     ] GC(25) Old regions: 40->40
[2024-03-07T14:02:42.801+0900][gc,heap     ] GC(25) Archive regions: 2->2
[2024-03-07T14:02:42.801+0900][gc,heap     ] GC(25) Humongous regions: 129->129
[2024-03-07T14:02:42.801+0900][gc,metaspace] GC(25) Metaspace: 42780K(43392K)->42780K(43392K) NonClass: 37657K(37952K)->37657K(37952K) Class: 5122K(5440K)->5122K(5440K)
[2024-03-07T14:02:42.801+0900][gc          ] GC(25) Pause Young (Normal) (G1 Evacuation Pause) 223M->175M(1024M) 20.114ms
[2024-03-07T14:02:42.801+0900][gc,cpu      ] GC(25) User=0.03s Sys=0.02s Real=0.02s
[2024-03-07T14:05:18.131+0900][gc,start    ] GC(26) Pause Young (Normal) (G1 Evacuation Pause)
[2024-03-07T14:05:18.132+0900][gc,task     ] GC(26) Using 8 workers of 8 for evacuation
[2024-03-07T14:05:18.159+0900][gc,mmu      ] GC(26) MMU target violated: 21.0ms (20.0ms/21.0ms)
[2024-03-07T14:05:18.160+0900][gc,phases   ] GC(26)   Pre Evacuate Collection Set: 0.6ms
[2024-03-07T14:05:18.160+0900][gc,phases   ] GC(26)   Merge Heap Roots: 0.2ms
[2024-03-07T14:05:18.160+0900][gc,phases   ] GC(26)   Evacuate Collection Set: 25.6ms
[2024-03-07T14:05:18.160+0900][gc,phases   ] GC(26)   Post Evacuate Collection Set: 0.9ms
[2024-03-07T14:05:18.160+0900][gc,phases   ] GC(26)   Other: 1.0ms
[2024-03-07T14:05:18.160+0900][gc,heap     ] GC(26) Eden regions: 45->0(44)
[2024-03-07T14:05:18.160+0900][gc,heap     ] GC(26) Survivor regions: 6->7(7)
[2024-03-07T14:05:18.160+0900][gc,heap     ] GC(26) Old regions: 40->43
[2024-03-07T14:05:18.160+0900][gc,heap     ] GC(26) Archive regions: 2->2
[2024-03-07T14:05:18.160+0900][gc,heap     ] GC(26) Humongous regions: 129->129
[2024-03-07T14:05:18.160+0900][gc,metaspace] GC(26) Metaspace: 42780K(43392K)->42780K(43392K) NonClass: 37658K(37952K)->37658K(37952K) Class: 5122K(5440K)->5122K(5440K)
[2024-03-07T14:05:18.160+0900][gc          ] GC(26) Pause Young (Normal) (G1 Evacuation Pause) 220M->178M(1024M) 28.525ms
[2024-03-07T14:05:18.160+0900][gc,cpu      ] GC(26) User=0.04s Sys=0.03s Real=0.03s
[2024-03-07T14:07:48.185+0900][gc,start    ] GC(27) Pause Young (Normal) (G1 Evacuation Pause)
[2024-03-07T14:07:48.185+0900][gc,task     ] GC(27) Using 8 workers of 8 for evacuation
[2024-03-07T14:07:48.204+0900][gc,phases   ] GC(27)   Pre Evacuate Collection Set: 0.3ms
[2024-03-07T14:07:48.204+0900][gc,phases   ] GC(27)   Merge Heap Roots: 0.2ms
[2024-03-07T14:07:48.204+0900][gc,phases   ] GC(27)   Evacuate Collection Set: 16.7ms
[2024-03-07T14:07:48.204+0900][gc,phases   ] GC(27)   Post Evacuate Collection Set: 0.8ms
[2024-03-07T14:07:48.204+0900][gc,phases   ] GC(27)   Other: 0.7ms
[2024-03-07T14:07:48.204+0900][gc,heap     ] GC(27) Eden regions: 44->0(84)
[2024-03-07T14:07:48.204+0900][gc,heap     ] GC(27) Survivor regions: 7->3(7)
[2024-03-07T14:07:48.204+0900][gc,heap     ] GC(27) Old regions: 43->48
[2024-03-07T14:07:48.204+0900][gc,heap     ] GC(27) Archive regions: 2->2
[2024-03-07T14:07:48.204+0900][gc,heap     ] GC(27) Humongous regions: 129->129
[2024-03-07T14:07:48.204+0900][gc,metaspace] GC(27) Metaspace: 42784K(43392K)->42784K(43392K) NonClass: 37661K(37952K)->37661K(37952K) Class: 5122K(5440K)->5122K(5440K)
[2024-03-07T14:07:48.204+0900][gc          ] GC(27) Pause Young (Normal) (G1 Evacuation Pause) 222M->180M(1024M) 18.757ms
[2024-03-07T14:07:48.204+0900][gc,cpu      ] GC(27) User=0.02s Sys=0.02s Real=0.02s
[2024-03-07T14:12:39.547+0900][gc,start    ] GC(28) Pause Young (Normal) (G1 Evacuation Pause)
[2024-03-07T14:12:39.548+0900][gc,task     ] GC(28) Using 8 workers of 8 for evacuation
[2024-03-07T14:12:39.574+0900][gc,mmu      ] GC(28) MMU target violated: 21.0ms (20.0ms/21.0ms)
[2024-03-07T14:12:39.574+0900][gc,phases   ] GC(28)   Pre Evacuate Collection Set: 0.6ms
[2024-03-07T14:12:39.574+0900][gc,phases   ] GC(28)   Merge Heap Roots: 0.2ms
[2024-03-07T14:12:39.574+0900][gc,phases   ] GC(28)   Evacuate Collection Set: 24.3ms
[2024-03-07T14:12:39.574+0900][gc,phases   ] GC(28)   Post Evacuate Collection Set: 0.5ms
[2024-03-07T14:12:39.574+0900][gc,phases   ] GC(28)   Other: 1.2ms
[2024-03-07T14:12:39.574+0900][gc,heap     ] GC(28) Eden regions: 84->0(41)
[2024-03-07T14:12:39.574+0900][gc,heap     ] GC(28) Survivor regions: 3->10(11)
[2024-03-07T14:12:39.574+0900][gc,heap     ] GC(28) Old regions: 48->48
[2024-03-07T14:12:39.574+0900][gc,heap     ] GC(28) Archive regions: 2->2
[2024-03-07T14:12:39.574+0900][gc,heap     ] GC(28) Humongous regions: 129->129
[2024-03-07T14:12:39.574+0900][gc,metaspace] GC(28) Metaspace: 42784K(43392K)->42784K(43392K) NonClass: 37662K(37952K)->37662K(37952K) Class: 5122K(5440K)->5122K(5440K)
[2024-03-07T14:12:39.574+0900][gc          ] GC(28) Pause Young (Normal) (G1 Evacuation Pause) 264M->186M(1024M) 26.694ms
[2024-03-07T14:12:39.574+0900][gc,cpu      ] GC(28) User=0.05s Sys=0.02s Real=0.03s
[2024-03-07T14:14:59.958+0900][gc,start    ] GC(29) Pause Young (Normal) (G1 Evacuation Pause)
[2024-03-07T14:14:59.959+0900][gc,task     ] GC(29) Using 8 workers of 8 for evacuation
[2024-03-07T14:14:59.986+0900][gc,mmu      ] GC(29) MMU target violated: 21.0ms (20.0ms/21.0ms)
[2024-03-07T14:14:59.986+0900][gc,phases   ] GC(29)   Pre Evacuate Collection Set: 0.7ms
[2024-03-07T14:14:59.986+0900][gc,phases   ] GC(29)   Merge Heap Roots: 0.4ms
[2024-03-07T14:14:59.986+0900][gc,phases   ] GC(29)   Evacuate Collection Set: 24.7ms
[2024-03-07T14:14:59.986+0900][gc,phases   ] GC(29)   Post Evacuate Collection Set: 0.8ms
[2024-03-07T14:14:59.986+0900][gc,phases   ] GC(29)   Other: 1.1ms
[2024-03-07T14:14:59.986+0900][gc,heap     ] GC(29) Eden regions: 41->0(56)
[2024-03-07T14:14:59.986+0900][gc,heap     ] GC(29) Survivor regions: 10->4(7)
[2024-03-07T14:14:59.986+0900][gc,heap     ] GC(29) Old regions: 48->54
[2024-03-07T14:14:59.986+0900][gc,heap     ] GC(29) Archive regions: 2->2
[2024-03-07T14:14:59.986+0900][gc,heap     ] GC(29) Humongous regions: 129->129
[2024-03-07T14:14:59.986+0900][gc,metaspace] GC(29) Metaspace: 42784K(43392K)->42784K(43392K) NonClass: 37662K(37952K)->37662K(37952K) Class: 5122K(5440K)->5122K(5440K)
[2024-03-07T14:14:59.986+0900][gc          ] GC(29) Pause Young (Normal) (G1 Evacuation Pause) 227M->187M(1024M) 28.139ms
[2024-03-07T14:14:59.986+0900][gc,cpu      ] GC(29) User=0.05s Sys=0.02s Real=0.03s
[2024-03-07T14:18:11.216+0900][gc,start    ] GC(30) Pause Young (Normal) (G1 Evacuation Pause)
[2024-03-07T14:18:11.218+0900][gc,task     ] GC(30) Using 8 workers of 8 for evacuation
[2024-03-07T14:18:11.234+0900][gc,phases   ] GC(30)   Pre Evacuate Collection Set: 0.5ms
[2024-03-07T14:18:11.235+0900][gc,phases   ] GC(30)   Merge Heap Roots: 0.2ms
[2024-03-07T14:18:11.235+0900][gc,phases   ] GC(30)   Evacuate Collection Set: 14.2ms
[2024-03-07T14:18:11.235+0900][gc,phases   ] GC(30)   Post Evacuate Collection Set: 1.3ms
[2024-03-07T14:18:11.235+0900][gc,phases   ] GC(30)   Other: 2.0ms
[2024-03-07T14:18:11.235+0900][gc,heap     ] GC(30) Eden regions: 56->0(44)
[2024-03-07T14:18:11.235+0900][gc,heap     ] GC(30) Survivor regions: 4->7(8)
[2024-03-07T14:18:11.235+0900][gc,heap     ] GC(30) Old regions: 54->54
[2024-03-07T14:18:11.235+0900][gc,heap     ] GC(30) Archive regions: 2->2
[2024-03-07T14:18:11.235+0900][gc,heap     ] GC(30) Humongous regions: 129->129
[2024-03-07T14:18:11.235+0900][gc,metaspace] GC(30) Metaspace: 42786K(43456K)->42786K(43456K) NonClass: 37663K(38016K)->37663K(38016K) Class: 5122K(5440K)->5122K(5440K)
[2024-03-07T14:18:11.235+0900][gc          ] GC(30) Pause Young (Normal) (G1 Evacuation Pause) 243M->190M(1024M) 18.826ms
[2024-03-07T14:18:11.235+0900][gc,cpu      ] GC(30) User=0.02s Sys=0.02s Real=0.02s
[2024-03-07T14:20:41.333+0900][gc,start    ] GC(31) Pause Young (Normal) (G1 Evacuation Pause)
[2024-03-07T14:20:41.334+0900][gc,task     ] GC(31) Using 8 workers of 8 for evacuation
[2024-03-07T14:20:41.364+0900][gc,mmu      ] GC(31) MMU target violated: 21.0ms (20.0ms/21.0ms)
[2024-03-07T14:20:41.364+0900][gc,phases   ] GC(31)   Pre Evacuate Collection Set: 0.6ms
[2024-03-07T14:20:41.364+0900][gc,phases   ] GC(31)   Merge Heap Roots: 0.3ms
[2024-03-07T14:20:41.364+0900][gc,phases   ] GC(31)   Evacuate Collection Set: 28.7ms
[2024-03-07T14:20:41.364+0900][gc,phases   ] GC(31)   Post Evacuate Collection Set: 0.4ms
[2024-03-07T14:20:41.364+0900][gc,phases   ] GC(31)   Other: 1.4ms
[2024-03-07T14:20:41.364+0900][gc,heap     ] GC(31) Eden regions: 44->0(44)
[2024-03-07T14:20:41.364+0900][gc,heap     ] GC(31) Survivor regions: 7->7(7)
[2024-03-07T14:20:41.364+0900][gc,heap     ] GC(31) Old regions: 54->57
[2024-03-07T14:20:41.364+0900][gc,heap     ] GC(31) Archive regions: 2->2
[2024-03-07T14:20:41.364+0900][gc,heap     ] GC(31) Humongous regions: 129->129
[2024-03-07T14:20:41.364+0900][gc,metaspace] GC(31) Metaspace: 42786K(43456K)->42786K(43456K) NonClass: 37663K(38016K)->37663K(38016K) Class: 5122K(5440K)->5122K(5440K)
[2024-03-07T14:20:41.364+0900][gc          ] GC(31) Pause Young (Normal) (G1 Evacuation Pause) 234M->193M(1024M) 31.451ms
[2024-03-07T14:20:41.364+0900][gc,cpu      ] GC(31) User=0.05s Sys=0.03s Real=0.03s
[2024-03-07T14:23:11.637+0900][gc,start    ] GC(32) Pause Young (Normal) (G1 Evacuation Pause)
[2024-03-07T14:23:11.639+0900][gc,task     ] GC(32) Using 8 workers of 8 for evacuation
[2024-03-07T14:23:11.662+0900][gc,mmu      ] GC(32) MMU target violated: 21.0ms (20.0ms/21.0ms)
[2024-03-07T14:23:11.662+0900][gc,phases   ] GC(32)   Pre Evacuate Collection Set: 0.8ms
[2024-03-07T14:23:11.662+0900][gc,phases   ] GC(32)   Merge Heap Roots: 0.7ms
[2024-03-07T14:23:11.662+0900][gc,phases   ] GC(32)   Evacuate Collection Set: 19.4ms
[2024-03-07T14:23:11.662+0900][gc,phases   ] GC(32)   Post Evacuate Collection Set: 0.9ms
[2024-03-07T14:23:11.662+0900][gc,phases   ] GC(32)   Other: 2.7ms
[2024-03-07T14:23:11.662+0900][gc,heap     ] GC(32) Eden regions: 44->0(67)
[2024-03-07T14:23:11.662+0900][gc,heap     ] GC(32) Survivor regions: 7->4(7)
[2024-03-07T14:23:11.662+0900][gc,heap     ] GC(32) Old regions: 57->62
[2024-03-07T14:23:11.662+0900][gc,heap     ] GC(32) Archive regions: 2->2
[2024-03-07T14:23:11.662+0900][gc,heap     ] GC(32) Humongous regions: 129->129
[2024-03-07T14:23:11.662+0900][gc,metaspace] GC(32) Metaspace: 42786K(43456K)->42786K(43456K) NonClass: 37664K(38016K)->37664K(38016K) Class: 5122K(5440K)->5122K(5440K)
[2024-03-07T14:23:11.662+0900][gc          ] GC(32) Pause Young (Normal) (G1 Evacuation Pause) 237M->194M(1024M) 24.727ms
[2024-03-07T14:23:11.662+0900][gc,cpu      ] GC(32) User=0.04s Sys=0.02s Real=0.03s
[2024-03-07T14:27:02.874+0900][gc,start    ] GC(33) Pause Young (Normal) (G1 Evacuation Pause)
[2024-03-07T14:27:02.876+0900][gc,task     ] GC(33) Using 8 workers of 8 for evacuation
[2024-03-07T14:27:02.898+0900][gc,mmu      ] GC(33) MMU target violated: 21.0ms (20.0ms/21.0ms)
[2024-03-07T14:27:02.899+0900][gc,phases   ] GC(33)   Pre Evacuate Collection Set: 0.6ms
[2024-03-07T14:27:02.899+0900][gc,phases   ] GC(33)   Merge Heap Roots: 0.2ms
[2024-03-07T14:27:02.899+0900][gc,phases   ] GC(33)   Evacuate Collection Set: 20.8ms
[2024-03-07T14:27:02.899+0900][gc,phases   ] GC(33)   Post Evacuate Collection Set: 1.1ms
[2024-03-07T14:27:02.899+0900][gc,phases   ] GC(33)   Other: 2.8ms
[2024-03-07T14:27:02.899+0900][gc,heap     ] GC(33) Eden regions: 67->0(43)
[2024-03-07T14:27:02.899+0900][gc,heap     ] GC(33) Survivor regions: 4->8(9)
[2024-03-07T14:27:02.899+0900][gc,heap     ] GC(33) Old regions: 62->62
[2024-03-07T14:27:02.899+0900][gc,heap     ] GC(33) Archive regions: 2->2
[2024-03-07T14:27:02.899+0900][gc,heap     ] GC(33) Humongous regions: 129->129
[2024-03-07T14:27:02.899+0900][gc,metaspace] GC(33) Metaspace: 42786K(43456K)->42786K(43456K) NonClass: 37664K(38016K)->37664K(38016K) Class: 5122K(5440K)->5122K(5440K)
[2024-03-07T14:27:02.899+0900][gc          ] GC(33) Pause Young (Normal) (G1 Evacuation Pause) 261M->199M(1024M) 25.924ms
[2024-03-07T14:27:02.899+0900][gc,cpu      ] GC(33) User=0.04s Sys=0.03s Real=0.02s
[2024-03-07T14:29:30.658+0900][gc,start    ] GC(34) Pause Young (Normal) (G1 Evacuation Pause)
[2024-03-07T14:29:30.658+0900][gc,task     ] GC(34) Using 8 workers of 8 for evacuation
[2024-03-07T14:29:30.693+0900][gc,mmu      ] GC(34) MMU target violated: 21.0ms (20.0ms/21.0ms)
[2024-03-07T14:29:30.693+0900][gc,phases   ] GC(34)   Pre Evacuate Collection Set: 0.6ms
[2024-03-07T14:29:30.693+0900][gc,phases   ] GC(34)   Merge Heap Roots: 0.2ms
[2024-03-07T14:29:30.693+0900][gc,phases   ] GC(34)   Evacuate Collection Set: 32.6ms
[2024-03-07T14:29:30.693+0900][gc,phases   ] GC(34)   Post Evacuate Collection Set: 0.8ms
[2024-03-07T14:29:30.693+0900][gc,phases   ] GC(34)   Other: 0.9ms
[2024-03-07T14:29:30.693+0900][gc,heap     ] GC(34) Eden regions: 43->0(45)
[2024-03-07T14:29:30.693+0900][gc,heap     ] GC(34) Survivor regions: 8->6(7)
[2024-03-07T14:29:30.693+0900][gc,heap     ] GC(34) Old regions: 62->68
[2024-03-07T14:29:30.693+0900][gc,heap     ] GC(34) Archive regions: 2->2
[2024-03-07T14:29:30.693+0900][gc,heap     ] GC(34) Humongous regions: 129->129
[2024-03-07T14:29:30.693+0900][gc,metaspace] GC(34) Metaspace: 42791K(43456K)->42791K(43456K) NonClass: 37668K(38016K)->37668K(38016K) Class: 5122K(5440K)->5122K(5440K)
[2024-03-07T14:29:30.693+0900][gc          ] GC(34) Pause Young (Normal) (G1 Evacuation Pause) 242M->202M(1024M) 35.131ms
[2024-03-07T14:29:30.693+0900][gc,cpu      ] GC(34) User=0.04s Sys=0.06s Real=0.04s
[2024-03-07T14:32:04.556+0900][gc,start    ] GC(35) Pause Young (Normal) (G1 Evacuation Pause)
[2024-03-07T14:32:04.557+0900][gc,task     ] GC(35) Using 8 workers of 8 for evacuation
[2024-03-07T14:32:04.576+0900][gc,phases   ] GC(35)   Pre Evacuate Collection Set: 0.6ms
[2024-03-07T14:32:04.576+0900][gc,phases   ] GC(35)   Merge Heap Roots: 0.4ms
[2024-03-07T14:32:04.577+0900][gc,phases   ] GC(35)   Evacuate Collection Set: 17.4ms
[2024-03-07T14:32:04.577+0900][gc,phases   ] GC(35)   Post Evacuate Collection Set: 0.8ms
[2024-03-07T14:32:04.577+0900][gc,phases   ] GC(35)   Other: 1.4ms
[2024-03-07T14:32:04.577+0900][gc,heap     ] GC(35) Eden regions: 45->0(53)
[2024-03-07T14:32:04.577+0900][gc,heap     ] GC(35) Survivor regions: 6->5(7)
[2024-03-07T14:32:04.577+0900][gc,heap     ] GC(35) Old regions: 68->71
[2024-03-07T14:32:04.577+0900][gc,heap     ] GC(35) Archive regions: 2->2
[2024-03-07T14:32:04.577+0900][gc,heap     ] GC(35) Humongous regions: 129->129
[2024-03-07T14:32:04.577+0900][gc,metaspace] GC(35) Metaspace: 42792K(43456K)->42792K(43456K) NonClass: 37669K(38016K)->37669K(38016K) Class: 5122K(5440K)->5122K(5440K)
[2024-03-07T14:32:04.577+0900][gc          ] GC(35) Pause Young (Normal) (G1 Evacuation Pause) 247M->204M(1024M) 20.690ms
[2024-03-07T14:32:04.577+0900][gc,cpu      ] GC(35) User=0.03s Sys=0.01s Real=0.02s
[2024-03-07T14:34:32.339+0900][gc,start    ] GC(36) Pause Young (Normal) (G1 Evacuation Pause)
[2024-03-07T14:34:32.340+0900][gc,task     ] GC(36) Using 8 workers of 8 for evacuation
[2024-03-07T14:34:32.363+0900][gc,mmu      ] GC(36) MMU target violated: 21.0ms (20.0ms/21.0ms)
[2024-03-07T14:34:32.363+0900][gc,phases   ] GC(36)   Pre Evacuate Collection Set: 0.5ms
[2024-03-07T14:34:32.363+0900][gc,phases   ] GC(36)   Merge Heap Roots: 0.2ms
[2024-03-07T14:34:32.363+0900][gc,phases   ] GC(36)   Evacuate Collection Set: 21.6ms
[2024-03-07T14:34:32.363+0900][gc,phases   ] GC(36)   Post Evacuate Collection Set: 0.8ms
[2024-03-07T14:34:32.363+0900][gc,phases   ] GC(36)   Other: 1.5ms
[2024-03-07T14:34:32.363+0900][gc,heap     ] GC(36) Eden regions: 46->0(46)
[2024-03-07T14:34:32.363+0900][gc,heap     ] GC(36) Survivor regions: 5->5(7)
[2024-03-07T14:34:32.363+0900][gc,heap     ] GC(36) Old regions: 71->73
[2024-03-07T14:34:32.363+0900][gc,heap     ] GC(36) Archive regions: 2->2
[2024-03-07T14:34:32.363+0900][gc,heap     ] GC(36) Humongous regions: 129->129
[2024-03-07T14:34:32.363+0900][gc,metaspace] GC(36) Metaspace: 42792K(43456K)->42792K(43456K) NonClass: 37670K(38016K)->37670K(38016K) Class: 5122K(5440K)->5122K(5440K)
[2024-03-07T14:34:32.363+0900][gc          ] GC(36) Pause Young (Normal) (G1 Evacuation Pause) 250M->207M(1024M) 24.777ms
[2024-03-07T14:34:32.363+0900][gc,cpu      ] GC(36) User=0.03s Sys=0.02s Real=0.03s
[2024-03-07T14:37:09.351+0900][gc,start    ] GC(37) Pause Young (Normal) (G1 Evacuation Pause)
[2024-03-07T14:37:09.351+0900][gc,task     ] GC(37) Using 8 workers of 8 for evacuation
[2024-03-07T14:37:09.359+0900][gc,phases   ] GC(37)   Pre Evacuate Collection Set: 0.5ms
[2024-03-07T14:37:09.360+0900][gc,phases   ] GC(37)   Merge Heap Roots: 0.2ms
[2024-03-07T14:37:09.360+0900][gc,phases   ] GC(37)   Evacuate Collection Set: 7.1ms
[2024-03-07T14:37:09.360+0900][gc,phases   ] GC(37)   Post Evacuate Collection Set: 0.4ms
[2024-03-07T14:37:09.360+0900][gc,phases   ] GC(37)   Other: 0.4ms
[2024-03-07T14:37:09.360+0900][gc,heap     ] GC(37) Eden regions: 46->0(106)
[2024-03-07T14:37:09.360+0900][gc,heap     ] GC(37) Survivor regions: 5->3(7)
[2024-03-07T14:37:09.360+0900][gc,heap     ] GC(37) Old regions: 73->75
[2024-03-07T14:37:09.360+0900][gc,heap     ] GC(37) Archive regions: 2->2
[2024-03-07T14:37:09.360+0900][gc,heap     ] GC(37) Humongous regions: 129->129
[2024-03-07T14:37:09.360+0900][gc,metaspace] GC(37) Metaspace: 42793K(43456K)->42793K(43456K) NonClass: 37671K(38016K)->37671K(38016K) Class: 5122K(5440K)->5122K(5440K)
[2024-03-07T14:37:09.360+0900][gc          ] GC(37) Pause Young (Normal) (G1 Evacuation Pause) 253M->207M(1024M) 8.758ms
[2024-03-07T14:37:09.360+0900][gc,cpu      ] GC(37) User=0.01s Sys=0.03s Real=0.01s
[2024-03-07T14:43:17.642+0900][gc,start    ] GC(38) Pause Young (Normal) (G1 Evacuation Pause)
[2024-03-07T14:43:17.643+0900][gc,task     ] GC(38) Using 8 workers of 8 for evacuation
[2024-03-07T14:43:17.659+0900][gc,phases   ] GC(38)   Pre Evacuate Collection Set: 0.7ms
[2024-03-07T14:43:17.659+0900][gc,phases   ] GC(38)   Merge Heap Roots: 0.2ms
[2024-03-07T14:43:17.659+0900][gc,phases   ] GC(38)   Evacuate Collection Set: 13.8ms
[2024-03-07T14:43:17.659+0900][gc,phases   ] GC(38)   Post Evacuate Collection Set: 0.7ms
[2024-03-07T14:43:17.659+0900][gc,phases   ] GC(38)   Other: 1.3ms
[2024-03-07T14:43:17.659+0900][gc,heap     ] GC(38) Eden regions: 106->0(43)
[2024-03-07T14:43:17.659+0900][gc,heap     ] GC(38) Survivor regions: 3->8(14)
[2024-03-07T14:43:17.659+0900][gc,heap     ] GC(38) Old regions: 75->75
[2024-03-07T14:43:17.659+0900][gc,heap     ] GC(38) Archive regions: 2->2
[2024-03-07T14:43:17.659+0900][gc,heap     ] GC(38) Humongous regions: 129->129
[2024-03-07T14:43:17.659+0900][gc,metaspace] GC(38) Metaspace: 42795K(43456K)->42795K(43456K) NonClass: 37672K(38016K)->37672K(38016K) Class: 5122K(5440K)->5122K(5440K)
[2024-03-07T14:43:17.659+0900][gc          ] GC(38) Pause Young (Normal) (G1 Evacuation Pause) 313M->211M(1024M) 16.871ms
[2024-03-07T14:43:17.659+0900][gc,cpu      ] GC(38) User=0.03s Sys=0.01s Real=0.01s
[2024-03-07T14:45:45.250+0900][gc,start    ] GC(39) Pause Young (Normal) (G1 Evacuation Pause)
[2024-03-07T14:45:45.251+0900][gc,task     ] GC(39) Using 8 workers of 8 for evacuation
[2024-03-07T14:45:45.272+0900][gc,mmu      ] GC(39) MMU target violated: 20.3ms (20.0ms/21.0ms)
[2024-03-07T14:45:45.272+0900][gc,phases   ] GC(39)   Pre Evacuate Collection Set: 0.4ms
[2024-03-07T14:45:45.272+0900][gc,phases   ] GC(39)   Merge Heap Roots: 0.2ms
[2024-03-07T14:45:45.272+0900][gc,phases   ] GC(39)   Evacuate Collection Set: 19.3ms
[2024-03-07T14:45:45.272+0900][gc,phases   ] GC(39)   Post Evacuate Collection Set: 0.6ms
[2024-03-07T14:45:45.272+0900][gc,phases   ] GC(39)   Other: 0.7ms
[2024-03-07T14:45:45.272+0900][gc,heap     ] GC(39) Eden regions: 43->0(85)
[2024-03-07T14:45:45.272+0900][gc,heap     ] GC(39) Survivor regions: 8->5(7)
[2024-03-07T14:45:45.272+0900][gc,heap     ] GC(39) Old regions: 75->82
[2024-03-07T14:45:45.272+0900][gc,heap     ] GC(39) Archive regions: 2->2
[2024-03-07T14:45:45.272+0900][gc,heap     ] GC(39) Humongous regions: 129->129
[2024-03-07T14:45:45.272+0900][gc,metaspace] GC(39) Metaspace: 42795K(43456K)->42795K(43456K) NonClass: 37672K(38016K)->37672K(38016K) Class: 5122K(5440K)->5122K(5440K)
[2024-03-07T14:45:45.272+0900][gc          ] GC(39) Pause Young (Normal) (G1 Evacuation Pause) 254M->215M(1024M) 21.329ms
[2024-03-07T14:45:45.272+0900][gc,cpu      ] GC(39) User=0.04s Sys=0.02s Real=0.02s
[2024-03-07T14:50:38.182+0900][gc,start    ] GC(40) Pause Young (Normal) (G1 Evacuation Pause)
[2024-03-07T14:50:38.182+0900][gc,task     ] GC(40) Using 8 workers of 8 for evacuation
[2024-03-07T14:50:38.205+0900][gc,mmu      ] GC(40) MMU target violated: 21.0ms (20.0ms/21.0ms)
[2024-03-07T14:50:38.205+0900][gc,phases   ] GC(40)   Pre Evacuate Collection Set: 0.5ms
[2024-03-07T14:50:38.205+0900][gc,phases   ] GC(40)   Merge Heap Roots: 0.3ms
[2024-03-07T14:50:38.205+0900][gc,phases   ] GC(40)   Evacuate Collection Set: 20.5ms
[2024-03-07T14:50:38.205+0900][gc,phases   ] GC(40)   Post Evacuate Collection Set: 0.8ms
[2024-03-07T14:50:38.205+0900][gc,phases   ] GC(40)   Other: 1.2ms
[2024-03-07T14:50:38.205+0900][gc,heap     ] GC(40) Eden regions: 85->0(42)
[2024-03-07T14:50:38.205+0900][gc,heap     ] GC(40) Survivor regions: 5->9(12)
[2024-03-07T14:50:38.205+0900][gc,heap     ] GC(40) Old regions: 82->82
[2024-03-07T14:50:38.205+0900][gc,heap     ] GC(40) Archive regions: 2->2
[2024-03-07T14:50:38.205+0900][gc,heap     ] GC(40) Humongous regions: 129->129
[2024-03-07T14:50:38.205+0900][gc,metaspace] GC(40) Metaspace: 42812K(43456K)->42812K(43456K) NonClass: 37690K(38016K)->37690K(38016K) Class: 5122K(5440K)->5122K(5440K)
[2024-03-07T14:50:38.205+0900][gc          ] GC(40) Pause Young (Normal) (G1 Evacuation Pause) 300M->219M(1024M) 23.653ms
[2024-03-07T14:50:38.205+0900][gc,cpu      ] GC(40) User=0.04s Sys=0.03s Real=0.02s
[2024-03-07T14:53:01.090+0900][gc,start    ] GC(41) Pause Young (Normal) (G1 Evacuation Pause)
[2024-03-07T14:53:01.090+0900][gc,task     ] GC(41) Using 8 workers of 8 for evacuation
[2024-03-07T14:53:01.131+0900][gc,mmu      ] GC(41) MMU target violated: 21.0ms (20.0ms/21.0ms)
[2024-03-07T14:53:01.131+0900][gc,phases   ] GC(41)   Pre Evacuate Collection Set: 0.5ms
[2024-03-07T14:53:01.131+0900][gc,phases   ] GC(41)   Merge Heap Roots: 0.3ms
[2024-03-07T14:53:01.131+0900][gc,phases   ] GC(41)   Evacuate Collection Set: 39.2ms
[2024-03-07T14:53:01.131+0900][gc,phases   ] GC(41)   Post Evacuate Collection Set: 0.8ms
[2024-03-07T14:53:01.131+0900][gc,phases   ] GC(41)   Other: 1.2ms
[2024-03-07T14:53:01.131+0900][gc,heap     ] GC(41) Eden regions: 42->0(45)
[2024-03-07T14:53:01.131+0900][gc,heap     ] GC(41) Survivor regions: 9->6(7)
[2024-03-07T14:53:01.131+0900][gc,heap     ] GC(41) Old regions: 82->88
[2024-03-07T14:53:01.131+0900][gc,heap     ] GC(41) Archive regions: 2->2
[2024-03-07T14:53:01.131+0900][gc,heap     ] GC(41) Humongous regions: 129->129
[2024-03-07T14:53:01.131+0900][gc,metaspace] GC(41) Metaspace: 42839K(43456K)->42839K(43456K) NonClass: 37717K(38016K)->37717K(38016K) Class: 5122K(5440K)->5122K(5440K)
[2024-03-07T14:53:01.131+0900][gc          ] GC(41) Pause Young (Normal) (G1 Evacuation Pause) 261M->222M(1024M) 41.852ms
[2024-03-07T14:53:01.131+0900][gc,cpu      ] GC(41) User=0.03s Sys=0.04s Real=0.05s
[2024-03-07T14:55:35.590+0900][gc,start    ] GC(42) Pause Young (Normal) (G1 Evacuation Pause)
[2024-03-07T14:55:35.590+0900][gc,task     ] GC(42) Using 8 workers of 8 for evacuation
[2024-03-07T14:55:35.643+0900][gc,mmu      ] GC(42) MMU target violated: 21.0ms (20.0ms/21.0ms)
[2024-03-07T14:55:35.643+0900][gc,phases   ] GC(42)   Pre Evacuate Collection Set: 0.7ms
[2024-03-07T14:55:35.643+0900][gc,phases   ] GC(42)   Merge Heap Roots: 0.5ms
[2024-03-07T14:55:35.643+0900][gc,phases   ] GC(42)   Evacuate Collection Set: 49.5ms
[2024-03-07T14:55:35.643+0900][gc,phases   ] GC(42)   Post Evacuate Collection Set: 1.6ms
[2024-03-07T14:55:35.644+0900][gc,phases   ] GC(42)   Other: 1.5ms
[2024-03-07T14:55:35.644+0900][gc,heap     ] GC(42) Eden regions: 45->0(46)
[2024-03-07T14:55:35.644+0900][gc,heap     ] GC(42) Survivor regions: 6->5(7)
[2024-03-07T14:55:35.644+0900][gc,heap     ] GC(42) Old regions: 88->91
[2024-03-07T14:55:35.644+0900][gc,heap     ] GC(42) Archive regions: 2->2
[2024-03-07T14:55:35.644+0900][gc,heap     ] GC(42) Humongous regions: 129->129
[2024-03-07T14:55:35.644+0900][gc,metaspace] GC(42) Metaspace: 42839K(43456K)->42839K(43456K) NonClass: 37717K(38016K)->37717K(38016K) Class: 5122K(5440K)->5122K(5440K)
[2024-03-07T14:55:35.644+0900][gc          ] GC(42) Pause Young (Normal) (G1 Evacuation Pause) 267M->224M(1024M) 54.256ms
[2024-03-07T14:55:35.644+0900][gc,cpu      ] GC(42) User=0.02s Sys=0.04s Real=0.06s
[2024-03-07T14:58:12.348+0900][gc,start    ] GC(43) Pause Young (Normal) (G1 Evacuation Pause)
[2024-03-07T14:58:12.348+0900][gc,task     ] GC(43) Using 8 workers of 8 for evacuation
[2024-03-07T14:58:12.380+0900][gc,mmu      ] GC(43) MMU target violated: 21.0ms (20.0ms/21.0ms)
[2024-03-07T14:58:12.380+0900][gc,phases   ] GC(43)   Pre Evacuate Collection Set: 0.8ms
[2024-03-07T14:58:12.380+0900][gc,phases   ] GC(43)   Merge Heap Roots: 0.4ms
[2024-03-07T14:58:12.380+0900][gc,phases   ] GC(43)   Evacuate Collection Set: 27.6ms
[2024-03-07T14:58:12.380+0900][gc,phases   ] GC(43)   Post Evacuate Collection Set: 2.2ms
[2024-03-07T14:58:12.380+0900][gc,phases   ] GC(43)   Other: 1.6ms
[2024-03-07T14:58:12.380+0900][gc,heap     ] GC(43) Eden regions: 46->0(48)
[2024-03-07T14:58:12.380+0900][gc,heap     ] GC(43) Survivor regions: 5->3(7)
[2024-03-07T14:58:12.380+0900][gc,heap     ] GC(43) Old regions: 91->94
[2024-03-07T14:58:12.380+0900][gc,heap     ] GC(43) Archive regions: 2->2
[2024-03-07T14:58:12.380+0900][gc,heap     ] GC(43) Humongous regions: 129->129
[2024-03-07T14:58:12.380+0900][gc,metaspace] GC(43) Metaspace: 42839K(43456K)->42839K(43456K) NonClass: 37717K(38016K)->37717K(38016K) Class: 5122K(5440K)->5122K(5440K)
[2024-03-07T14:58:12.380+0900][gc          ] GC(43) Pause Young (Normal) (G1 Evacuation Pause) 270M->226M(1024M) 32.685ms
[2024-03-07T14:58:12.381+0900][gc,cpu      ] GC(43) User=0.02s Sys=0.02s Real=0.04s
[2024-03-07T15:00:59.291+0900][gc,start    ] GC(44) Pause Young (Normal) (G1 Evacuation Pause)
[2024-03-07T15:00:59.291+0900][gc,task     ] GC(44) Using 8 workers of 8 for evacuation
[2024-03-07T15:00:59.314+0900][gc,mmu      ] GC(44) MMU target violated: 21.0ms (20.0ms/21.0ms)
[2024-03-07T15:00:59.314+0900][gc,phases   ] GC(44)   Pre Evacuate Collection Set: 1.4ms
[2024-03-07T15:00:59.314+0900][gc,phases   ] GC(44)   Merge Heap Roots: 0.3ms
[2024-03-07T15:00:59.314+0900][gc,phases   ] GC(44)   Evacuate Collection Set: 18.1ms
[2024-03-07T15:00:59.314+0900][gc,phases   ] GC(44)   Post Evacuate Collection Set: 1.8ms
[2024-03-07T15:00:59.314+0900][gc,phases   ] GC(44)   Other: 1.1ms
[2024-03-07T15:00:59.314+0900][gc,heap     ] GC(44) Eden regions: 48->0(44)
[2024-03-07T15:00:59.314+0900][gc,heap     ] GC(44) Survivor regions: 3->7(7)
[2024-03-07T15:00:59.314+0900][gc,heap     ] GC(44) Old regions: 94->94
[2024-03-07T15:00:59.314+0900][gc,heap     ] GC(44) Archive regions: 2->2
[2024-03-07T15:00:59.314+0900][gc,heap     ] GC(44) Humongous regions: 129->129
[2024-03-07T15:00:59.314+0900][gc,metaspace] GC(44) Metaspace: 42839K(43456K)->42839K(43456K) NonClass: 37717K(38016K)->37717K(38016K) Class: 5122K(5440K)->5122K(5440K)
[2024-03-07T15:00:59.314+0900][gc          ] GC(44) Pause Young (Normal) (G1 Evacuation Pause) 274M->229M(1024M) 22.956ms
[2024-03-07T15:00:59.314+0900][gc,cpu      ] GC(44) User=0.03s Sys=0.03s Real=0.02s
[2024-03-07T15:03:29.706+0900][gc,start    ] GC(45) Pause Young (Normal) (G1 Evacuation Pause)
[2024-03-07T15:03:29.706+0900][gc,task     ] GC(45) Using 8 workers of 8 for evacuation
[2024-03-07T15:03:29.727+0900][gc,mmu      ] GC(45) MMU target violated: 20.2ms (20.0ms/21.0ms)
[2024-03-07T15:03:29.727+0900][gc,phases   ] GC(45)   Pre Evacuate Collection Set: 0.7ms
[2024-03-07T15:03:29.727+0900][gc,phases   ] GC(45)   Merge Heap Roots: 0.5ms
[2024-03-07T15:03:29.727+0900][gc,phases   ] GC(45)   Evacuate Collection Set: 18.0ms
[2024-03-07T15:03:29.727+0900][gc,phases   ] GC(45)   Post Evacuate Collection Set: 0.8ms
[2024-03-07T15:03:29.727+0900][gc,phases   ] GC(45)   Other: 1.1ms
[2024-03-07T15:03:29.727+0900][gc,heap     ] GC(45) Eden regions: 44->0(47)
[2024-03-07T15:03:29.727+0900][gc,heap     ] GC(45) Survivor regions: 7->4(7)
[2024-03-07T15:03:29.727+0900][gc,heap     ] GC(45) Old regions: 94->98
[2024-03-07T15:03:29.727+0900][gc,heap     ] GC(45) Archive regions: 2->2
[2024-03-07T15:03:29.727+0900][gc,heap     ] GC(45) Humongous regions: 129->129
[2024-03-07T15:03:29.727+0900][gc,metaspace] GC(45) Metaspace: 42839K(43456K)->42839K(43456K) NonClass: 37717K(38016K)->37717K(38016K) Class: 5122K(5440K)->5122K(5440K)
[2024-03-07T15:03:29.727+0900][gc          ] GC(45) Pause Young (Normal) (G1 Evacuation Pause) 273M->231M(1024M) 21.295ms
[2024-03-07T15:03:29.727+0900][gc,cpu      ] GC(45) User=0.04s Sys=0.02s Real=0.02s
[2024-03-07T15:06:12.647+0900][gc,start    ] GC(46) Pause Young (Normal) (G1 Evacuation Pause)
[2024-03-07T15:06:12.647+0900][gc,task     ] GC(46) Using 8 workers of 8 for evacuation
[2024-03-07T15:06:12.671+0900][gc,mmu      ] GC(46) MMU target violated: 21.0ms (20.0ms/21.0ms)
[2024-03-07T15:06:12.671+0900][gc,phases   ] GC(46)   Pre Evacuate Collection Set: 0.7ms
[2024-03-07T15:06:12.671+0900][gc,phases   ] GC(46)   Merge Heap Roots: 1.1ms
[2024-03-07T15:06:12.671+0900][gc,phases   ] GC(46)   Evacuate Collection Set: 19.9ms
[2024-03-07T15:06:12.671+0900][gc,phases   ] GC(46)   Post Evacuate Collection Set: 1.5ms
[2024-03-07T15:06:12.671+0900][gc,phases   ] GC(46)   Other: 2.7ms
[2024-03-07T15:06:12.671+0900][gc,heap     ] GC(46) Eden regions: 47->0(44)
[2024-03-07T15:06:12.671+0900][gc,heap     ] GC(46) Survivor regions: 4->7(7)
[2024-03-07T15:06:12.671+0900][gc,heap     ] GC(46) Old regions: 98->99
[2024-03-07T15:06:12.671+0900][gc,heap     ] GC(46) Archive regions: 2->2
[2024-03-07T15:06:12.671+0900][gc,heap     ] GC(46) Humongous regions: 129->129
[2024-03-07T15:06:12.671+0900][gc,metaspace] GC(46) Metaspace: 42840K(43456K)->42840K(43456K) NonClass: 37718K(38016K)->37718K(38016K) Class: 5122K(5440K)->5122K(5440K)
[2024-03-07T15:06:12.671+0900][gc          ] GC(46) Pause Young (Normal) (G1 Evacuation Pause) 278M->235M(1024M) 26.219ms
[2024-03-07T15:06:12.671+0900][gc,cpu      ] GC(46) User=0.02s Sys=0.03s Real=0.03s
[2024-03-07T15:08:42.743+0900][gc,start    ] GC(47) Pause Young (Normal) (G1 Evacuation Pause)
[2024-03-07T15:08:42.744+0900][gc,task     ] GC(47) Using 8 workers of 8 for evacuation
[2024-03-07T15:08:42.766+0900][gc,mmu      ] GC(47) MMU target violated: 21.0ms (20.0ms/21.0ms)
[2024-03-07T15:08:42.767+0900][gc,phases   ] GC(47)   Pre Evacuate Collection Set: 0.6ms
[2024-03-07T15:08:42.767+0900][gc,phases   ] GC(47)   Merge Heap Roots: 0.4ms
[2024-03-07T15:08:42.767+0900][gc,phases   ] GC(47)   Evacuate Collection Set: 20.8ms
[2024-03-07T15:08:42.767+0900][gc,phases   ] GC(47)   Post Evacuate Collection Set: 0.7ms
[2024-03-07T15:08:42.767+0900][gc,phases   ] GC(47)   Other: 1.6ms
[2024-03-07T15:08:42.767+0900][gc,heap     ] GC(47) Eden regions: 44->0(47)
[2024-03-07T15:08:42.767+0900][gc,heap     ] GC(47) Survivor regions: 7->4(7)
[2024-03-07T15:08:42.767+0900][gc,heap     ] GC(47) Old regions: 99->103
[2024-03-07T15:08:42.767+0900][gc,heap     ] GC(47) Archive regions: 2->2
[2024-03-07T15:08:42.767+0900][gc,heap     ] GC(47) Humongous regions: 129->129
[2024-03-07T15:08:42.767+0900][gc,metaspace] GC(47) Metaspace: 42840K(43456K)->42840K(43456K) NonClass: 37718K(38016K)->37718K(38016K) Class: 5122K(5440K)->5122K(5440K)
[2024-03-07T15:08:42.767+0900][gc          ] GC(47) Pause Young (Normal) (G1 Evacuation Pause) 279M->236M(1024M) 24.258ms
[2024-03-07T15:08:42.767+0900][gc,cpu      ] GC(47) User=0.03s Sys=0.02s Real=0.02s
[2024-03-07T15:11:24.291+0900][gc,start    ] GC(48) Pause Young (Normal) (G1 Evacuation Pause)
[2024-03-07T15:11:24.292+0900][gc,task     ] GC(48) Using 8 workers of 8 for evacuation
[2024-03-07T15:11:24.318+0900][gc,mmu      ] GC(48) MMU target violated: 21.0ms (20.0ms/21.0ms)
[2024-03-07T15:11:24.318+0900][gc,phases   ] GC(48)   Pre Evacuate Collection Set: 1.0ms
[2024-03-07T15:11:24.318+0900][gc,phases   ] GC(48)   Merge Heap Roots: 0.5ms
[2024-03-07T15:11:24.318+0900][gc,phases   ] GC(48)   Evacuate Collection Set: 19.3ms
[2024-03-07T15:11:24.318+0900][gc,phases   ] GC(48)   Post Evacuate Collection Set: 4.8ms
[2024-03-07T15:11:24.318+0900][gc,phases   ] GC(48)   Other: 1.1ms
[2024-03-07T15:11:24.318+0900][gc,heap     ] GC(48) Eden regions: 47->0(44)
[2024-03-07T15:11:24.318+0900][gc,heap     ] GC(48) Survivor regions: 4->7(7)
[2024-03-07T15:11:24.318+0900][gc,heap     ] GC(48) Old regions: 103->104
[2024-03-07T15:11:24.318+0900][gc,heap     ] GC(48) Archive regions: 2->2
[2024-03-07T15:11:24.318+0900][gc,heap     ] GC(48) Humongous regions: 129->129
[2024-03-07T15:11:24.318+0900][gc,metaspace] GC(48) Metaspace: 42840K(43456K)->42840K(43456K) NonClass: 37718K(38016K)->37718K(38016K) Class: 5122K(5440K)->5122K(5440K)
[2024-03-07T15:11:24.318+0900][gc          ] GC(48) Pause Young (Normal) (G1 Evacuation Pause) 283M->240M(1024M) 26.725ms
[2024-03-07T15:11:24.318+0900][gc,cpu      ] GC(48) User=0.04s Sys=0.03s Real=0.02s
[2024-03-07T15:13:55.609+0900][gc,start    ] GC(49) Pause Young (Normal) (G1 Evacuation Pause)
[2024-03-07T15:13:55.610+0900][gc,task     ] GC(49) Using 8 workers of 8 for evacuation
[2024-03-07T15:13:55.639+0900][gc,mmu      ] GC(49) MMU target violated: 21.0ms (20.0ms/21.0ms)
[2024-03-07T15:13:55.640+0900][gc,phases   ] GC(49)   Pre Evacuate Collection Set: 0.5ms
[2024-03-07T15:13:55.640+0900][gc,phases   ] GC(49)   Merge Heap Roots: 0.3ms
[2024-03-07T15:13:55.640+0900][gc,phases   ] GC(49)   Evacuate Collection Set: 17.1ms
[2024-03-07T15:13:55.640+0900][gc,phases   ] GC(49)   Post Evacuate Collection Set: 11.2ms
[2024-03-07T15:13:55.640+0900][gc,phases   ] GC(49)   Other: 2.3ms
[2024-03-07T15:13:55.640+0900][gc,heap     ] GC(49) Eden regions: 44->0(47)
[2024-03-07T15:13:55.640+0900][gc,heap     ] GC(49) Survivor regions: 7->4(7)
[2024-03-07T15:13:55.640+0900][gc,heap     ] GC(49) Old regions: 104->108
[2024-03-07T15:13:55.640+0900][gc,heap     ] GC(49) Archive regions: 2->2
[2024-03-07T15:13:55.640+0900][gc,heap     ] GC(49) Humongous regions: 129->129
[2024-03-07T15:13:55.640+0900][gc,metaspace] GC(49) Metaspace: 42840K(43456K)->42840K(43456K) NonClass: 37718K(38016K)->37718K(38016K) Class: 5122K(5440K)->5122K(5440K)
[2024-03-07T15:13:55.640+0900][gc          ] GC(49) Pause Young (Normal) (G1 Evacuation Pause) 284M->241M(1024M) 31.865ms
[2024-03-07T15:13:55.640+0900][gc,cpu      ] GC(49) User=0.03s Sys=0.01s Real=0.04s
[2024-03-07T15:16:36.998+0900][gc,start    ] GC(50) Pause Young (Normal) (G1 Evacuation Pause)
[2024-03-07T15:16:36.998+0900][gc,task     ] GC(50) Using 8 workers of 8 for evacuation
[2024-03-07T15:16:37.016+0900][gc,phases   ] GC(50)   Pre Evacuate Collection Set: 0.8ms
[2024-03-07T15:16:37.016+0900][gc,phases   ] GC(50)   Merge Heap Roots: 0.3ms
[2024-03-07T15:16:37.016+0900][gc,phases   ] GC(50)   Evacuate Collection Set: 15.4ms
[2024-03-07T15:16:37.016+0900][gc,phases   ] GC(50)   Post Evacuate Collection Set: 0.9ms
[2024-03-07T15:16:37.016+0900][gc,phases   ] GC(50)   Other: 0.8ms
[2024-03-07T15:16:37.016+0900][gc,heap     ] GC(50) Eden regions: 47->0(45)
[2024-03-07T15:16:37.016+0900][gc,heap     ] GC(50) Survivor regions: 4->6(7)
[2024-03-07T15:16:37.016+0900][gc,heap     ] GC(50) Old regions: 108->108
[2024-03-07T15:16:37.016+0900][gc,heap     ] GC(50) Archive regions: 2->2
[2024-03-07T15:16:37.016+0900][gc,heap     ] GC(50) Humongous regions: 129->129
[2024-03-07T15:16:37.016+0900][gc,metaspace] GC(50) Metaspace: 42840K(43456K)->42840K(43456K) NonClass: 37718K(38016K)->37718K(38016K) Class: 5122K(5440K)->5122K(5440K)
[2024-03-07T15:16:37.016+0900][gc          ] GC(50) Pause Young (Normal) (G1 Evacuation Pause) 288M->243M(1024M) 18.460ms
[2024-03-07T15:16:37.017+0900][gc,cpu      ] GC(50) User=0.03s Sys=0.01s Real=0.02s
[2024-03-07T15:19:11.812+0900][gc,start    ] GC(51) Pause Young (Normal) (G1 Evacuation Pause)
[2024-03-07T15:19:11.812+0900][gc,task     ] GC(51) Using 8 workers of 8 for evacuation
[2024-03-07T15:19:11.826+0900][gc,phases   ] GC(51)   Pre Evacuate Collection Set: 0.5ms
[2024-03-07T15:19:11.826+0900][gc,phases   ] GC(51)   Merge Heap Roots: 0.1ms
[2024-03-07T15:19:11.826+0900][gc,phases   ] GC(51)   Evacuate Collection Set: 12.6ms
[2024-03-07T15:19:11.826+0900][gc,phases   ] GC(51)   Post Evacuate Collection Set: 1.2ms
[2024-03-07T15:19:11.826+0900][gc,phases   ] GC(51)   Other: 0.3ms
[2024-03-07T15:19:11.826+0900][gc,heap     ] GC(51) Eden regions: 45->0(44)
[2024-03-07T15:19:11.826+0900][gc,heap     ] GC(51) Survivor regions: 6->7(7)
[2024-03-07T15:19:11.826+0900][gc,heap     ] GC(51) Old regions: 108->111
[2024-03-07T15:19:11.826+0900][gc,heap     ] GC(51) Archive regions: 2->2
[2024-03-07T15:19:11.826+0900][gc,heap     ] GC(51) Humongous regions: 129->129
[2024-03-07T15:19:11.826+0900][gc,metaspace] GC(51) Metaspace: 42842K(43456K)->42842K(43456K) NonClass: 37720K(38016K)->37720K(38016K) Class: 5122K(5440K)->5122K(5440K)
[2024-03-07T15:19:11.826+0900][gc          ] GC(51) Pause Young (Normal) (G1 Evacuation Pause) 288M->246M(1024M) 14.739ms
[2024-03-07T15:19:11.826+0900][gc,cpu      ] GC(51) User=0.03s Sys=0.01s Real=0.01s
[2024-03-07T15:21:42.692+0900][gc,start    ] GC(52) Pause Young (Normal) (G1 Evacuation Pause)
[2024-03-07T15:21:42.693+0900][gc,task     ] GC(52) Using 8 workers of 8 for evacuation
[2024-03-07T15:21:42.707+0900][gc,phases   ] GC(52)   Pre Evacuate Collection Set: 0.4ms
[2024-03-07T15:21:42.707+0900][gc,phases   ] GC(52)   Merge Heap Roots: 0.2ms
[2024-03-07T15:21:42.707+0900][gc,phases   ] GC(52)   Evacuate Collection Set: 13.0ms
[2024-03-07T15:21:42.707+0900][gc,phases   ] GC(52)   Post Evacuate Collection Set: 0.3ms
[2024-03-07T15:21:42.707+0900][gc,phases   ] GC(52)   Other: 1.4ms
[2024-03-07T15:21:42.707+0900][gc,heap     ] GC(52) Eden regions: 44->0(89)
[2024-03-07T15:21:42.707+0900][gc,heap     ] GC(52) Survivor regions: 7->3(7)
[2024-03-07T15:21:42.707+0900][gc,heap     ] GC(52) Old regions: 111->116
[2024-03-07T15:21:42.707+0900][gc,heap     ] GC(52) Archive regions: 2->2
[2024-03-07T15:21:42.707+0900][gc,heap     ] GC(52) Humongous regions: 129->129
[2024-03-07T15:21:42.707+0900][gc,metaspace] GC(52) Metaspace: 42842K(43456K)->42842K(43456K) NonClass: 37720K(38016K)->37720K(38016K) Class: 5122K(5440K)->5122K(5440K)
[2024-03-07T15:21:42.707+0900][gc          ] GC(52) Pause Young (Normal) (G1 Evacuation Pause) 290M->248M(1024M) 15.331ms
[2024-03-07T15:21:42.707+0900][gc,cpu      ] GC(52) User=0.04s Sys=0.00s Real=0.01s
[2024-03-07T15:26:50.293+0900][gc,start    ] GC(53) Pause Young (Normal) (G1 Evacuation Pause)
[2024-03-07T15:26:50.293+0900][gc,task     ] GC(53) Using 8 workers of 8 for evacuation
[2024-03-07T15:26:50.312+0900][gc,phases   ] GC(53)   Pre Evacuate Collection Set: 0.2ms
[2024-03-07T15:26:50.312+0900][gc,phases   ] GC(53)   Merge Heap Roots: 0.1ms
[2024-03-07T15:26:50.312+0900][gc,phases   ] GC(53)   Evacuate Collection Set: 18.4ms
[2024-03-07T15:26:50.312+0900][gc,phases   ] GC(53)   Post Evacuate Collection Set: 0.4ms
[2024-03-07T15:26:50.312+0900][gc,phases   ] GC(53)   Other: 0.5ms
[2024-03-07T15:26:50.312+0900][gc,heap     ] GC(53) Eden regions: 89->0(43)
[2024-03-07T15:26:50.312+0900][gc,heap     ] GC(53) Survivor regions: 3->8(12)
[2024-03-07T15:26:50.313+0900][gc,heap     ] GC(53) Old regions: 116->116
[2024-03-07T15:26:50.313+0900][gc,heap     ] GC(53) Archive regions: 2->2
[2024-03-07T15:26:50.313+0900][gc,heap     ] GC(53) Humongous regions: 129->129
[2024-03-07T15:26:50.313+0900][gc,metaspace] GC(53) Metaspace: 42843K(43456K)->42843K(43456K) NonClass: 37721K(38016K)->37721K(38016K) Class: 5122K(5440K)->5122K(5440K)
[2024-03-07T15:26:50.313+0900][gc          ] GC(53) Pause Young (Normal) (G1 Evacuation Pause) 337M->252M(1024M) 19.761ms
[2024-03-07T15:26:50.313+0900][gc,cpu      ] GC(53) User=0.03s Sys=0.02s Real=0.02s
[2024-03-07T15:29:17.034+0900][gc,start    ] GC(54) Pause Young (Normal) (G1 Evacuation Pause)
[2024-03-07T15:29:17.034+0900][gc,task     ] GC(54) Using 8 workers of 8 for evacuation
[2024-03-07T15:29:17.048+0900][gc,phases   ] GC(54)   Pre Evacuate Collection Set: 0.2ms
[2024-03-07T15:29:17.049+0900][gc,phases   ] GC(54)   Merge Heap Roots: 0.1ms
[2024-03-07T15:29:17.049+0900][gc,phases   ] GC(54)   Evacuate Collection Set: 13.3ms
[2024-03-07T15:29:17.049+0900][gc,phases   ] GC(54)   Post Evacuate Collection Set: 0.3ms
[2024-03-07T15:29:17.049+0900][gc,phases   ] GC(54)   Other: 0.6ms
[2024-03-07T15:29:17.049+0900][gc,heap     ] GC(54) Eden regions: 43->0(88)
[2024-03-07T15:29:17.049+0900][gc,heap     ] GC(54) Survivor regions: 8->4(7)
[2024-03-07T15:29:17.049+0900][gc,heap     ] GC(54) Old regions: 116->123
[2024-03-07T15:29:17.049+0900][gc,heap     ] GC(54) Archive regions: 2->2
[2024-03-07T15:29:17.049+0900][gc,heap     ] GC(54) Humongous regions: 129->129
[2024-03-07T15:29:17.049+0900][gc,metaspace] GC(54) Metaspace: 42843K(43456K)->42843K(43456K) NonClass: 37721K(38016K)->37721K(38016K) Class: 5122K(5440K)->5122K(5440K)
[2024-03-07T15:29:17.049+0900][gc          ] GC(54) Pause Young (Normal) (G1 Evacuation Pause) 295M->256M(1024M) 14.605ms
[2024-03-07T15:29:17.049+0900][gc,cpu      ] GC(54) User=0.04s Sys=0.01s Real=0.01s
[2024-03-07T15:34:12.066+0900][gc,start    ] GC(55) Pause Young (Normal) (G1 Evacuation Pause)
[2024-03-07T15:34:12.066+0900][gc,task     ] GC(55) Using 8 workers of 8 for evacuation
[2024-03-07T15:34:12.086+0900][gc,phases   ] GC(55)   Pre Evacuate Collection Set: 0.3ms
[2024-03-07T15:34:12.086+0900][gc,phases   ] GC(55)   Merge Heap Roots: 0.2ms
[2024-03-07T15:34:12.086+0900][gc,phases   ] GC(55)   Evacuate Collection Set: 18.3ms
[2024-03-07T15:34:12.086+0900][gc,phases   ] GC(55)   Post Evacuate Collection Set: 0.6ms
[2024-03-07T15:34:12.086+0900][gc,phases   ] GC(55)   Other: 0.7ms
[2024-03-07T15:34:12.086+0900][gc,heap     ] GC(55) Eden regions: 88->0(42)
[2024-03-07T15:34:12.086+0900][gc,heap     ] GC(55) Survivor regions: 4->9(12)
[2024-03-07T15:34:12.086+0900][gc,heap     ] GC(55) Old regions: 123->123
[2024-03-07T15:34:12.086+0900][gc,heap     ] GC(55) Archive regions: 2->2
[2024-03-07T15:34:12.086+0900][gc,heap     ] GC(55) Humongous regions: 129->129
[2024-03-07T15:34:12.086+0900][gc,metaspace] GC(55) Metaspace: 42854K(43520K)->42854K(43520K) NonClass: 37731K(38080K)->37731K(38080K) Class: 5122K(5440K)->5122K(5440K)
[2024-03-07T15:34:12.086+0900][gc          ] GC(55) Pause Young (Normal) (G1 Evacuation Pause) 344M->260M(1024M) 20.300ms
[2024-03-07T15:34:12.086+0900][gc,cpu      ] GC(55) User=0.04s Sys=0.01s Real=0.02s
[2024-03-07T15:36:35.245+0900][gc,start    ] GC(56) Pause Young (Normal) (G1 Evacuation Pause)
[2024-03-07T15:36:35.246+0900][gc,task     ] GC(56) Using 8 workers of 8 for evacuation
[2024-03-07T15:36:35.259+0900][gc,phases   ] GC(56)   Pre Evacuate Collection Set: 0.4ms
[2024-03-07T15:36:35.259+0900][gc,phases   ] GC(56)   Merge Heap Roots: 0.3ms
[2024-03-07T15:36:35.259+0900][gc,phases   ] GC(56)   Evacuate Collection Set: 11.9ms
[2024-03-07T15:36:35.259+0900][gc,phases   ] GC(56)   Post Evacuate Collection Set: 0.4ms
[2024-03-07T15:36:35.259+0900][gc,phases   ] GC(56)   Other: 1.3ms
[2024-03-07T15:36:35.259+0900][gc,heap     ] GC(56) Eden regions: 42->0(117)
[2024-03-07T15:36:35.259+0900][gc,heap     ] GC(56) Survivor regions: 9->4(7)
[2024-03-07T15:36:35.259+0900][gc,heap     ] GC(56) Old regions: 123->129
[2024-03-07T15:36:35.259+0900][gc,heap     ] GC(56) Archive regions: 2->2
[2024-03-07T15:36:35.259+0900][gc,heap     ] GC(56) Humongous regions: 129->129
[2024-03-07T15:36:35.259+0900][gc,metaspace] GC(56) Metaspace: 42856K(43520K)->42856K(43520K) NonClass: 37734K(38080K)->37734K(38080K) Class: 5122K(5440K)->5122K(5440K)
[2024-03-07T15:36:35.260+0900][gc          ] GC(56) Pause Young (Normal) (G1 Evacuation Pause) 302M->262M(1024M) 14.340ms
[2024-03-07T15:36:35.260+0900][gc,cpu      ] GC(56) User=0.04s Sys=0.01s Real=0.02s
[2024-03-07T15:43:20.483+0900][gc,start    ] GC(57) Pause Young (Normal) (G1 Evacuation Pause)
[2024-03-07T15:43:20.484+0900][gc,task     ] GC(57) Using 8 workers of 8 for evacuation
[2024-03-07T15:43:20.501+0900][gc,phases   ] GC(57)   Pre Evacuate Collection Set: 0.5ms
[2024-03-07T15:43:20.501+0900][gc,phases   ] GC(57)   Merge Heap Roots: 0.1ms
[2024-03-07T15:43:20.501+0900][gc,phases   ] GC(57)   Evacuate Collection Set: 15.3ms
[2024-03-07T15:43:20.501+0900][gc,phases   ] GC(57)   Post Evacuate Collection Set: 0.8ms
[2024-03-07T15:43:20.501+0900][gc,phases   ] GC(57)   Other: 1.4ms
[2024-03-07T15:43:20.501+0900][gc,heap     ] GC(57) Eden regions: 117->0(41)
[2024-03-07T15:43:20.501+0900][gc,heap     ] GC(57) Survivor regions: 4->10(16)
[2024-03-07T15:43:20.501+0900][gc,heap     ] GC(57) Old regions: 129->129
[2024-03-07T15:43:20.501+0900][gc,heap     ] GC(57) Archive regions: 2->2
[2024-03-07T15:43:20.501+0900][gc,heap     ] GC(57) Humongous regions: 129->129
[2024-03-07T15:43:20.501+0900][gc,metaspace] GC(57) Metaspace: 42857K(43520K)->42857K(43520K) NonClass: 37734K(38080K)->37734K(38080K) Class: 5122K(5440K)->5122K(5440K)
[2024-03-07T15:43:20.501+0900][gc          ] GC(57) Pause Young (Normal) (G1 Evacuation Pause) 379M->268M(1024M) 18.266ms
[2024-03-07T15:43:20.501+0900][gc,cpu      ] GC(57) User=0.05s Sys=0.01s Real=0.02s
[2024-03-07T15:45:40.275+0900][gc,start    ] GC(58) Pause Young (Normal) (G1 Evacuation Pause)
[2024-03-07T15:45:40.278+0900][gc,task     ] GC(58) Using 8 workers of 8 for evacuation
[2024-03-07T15:45:40.295+0900][gc,phases   ] GC(58)   Pre Evacuate Collection Set: 0.3ms
[2024-03-07T15:45:40.295+0900][gc,phases   ] GC(58)   Merge Heap Roots: 0.1ms
[2024-03-07T15:45:40.295+0900][gc,phases   ] GC(58)   Evacuate Collection Set: 16.1ms
[2024-03-07T15:45:40.295+0900][gc,phases   ] GC(58)   Post Evacuate Collection Set: 0.6ms
[2024-03-07T15:45:40.295+0900][gc,phases   ] GC(58)   Other: 3.7ms
[2024-03-07T15:45:40.295+0900][gc,heap     ] GC(58) Eden regions: 41->0(119)
[2024-03-07T15:45:40.295+0900][gc,heap     ] GC(58) Survivor regions: 10->4(7)
[2024-03-07T15:45:40.295+0900][gc,heap     ] GC(58) Old regions: 129->136
[2024-03-07T15:45:40.295+0900][gc,heap     ] GC(58) Archive regions: 2->2
[2024-03-07T15:45:40.295+0900][gc,heap     ] GC(58) Humongous regions: 129->129
[2024-03-07T15:45:40.295+0900][gc,metaspace] GC(58) Metaspace: 42857K(43520K)->42857K(43520K) NonClass: 37734K(38080K)->37734K(38080K) Class: 5122K(5440K)->5122K(5440K)
[2024-03-07T15:45:40.295+0900][gc          ] GC(58) Pause Young (Normal) (G1 Evacuation Pause) 309M->269M(1024M) 20.844ms
[2024-03-07T15:45:40.295+0900][gc,cpu      ] GC(58) User=0.04s Sys=0.01s Real=0.02s
[2024-03-07T15:48:22.818+0900][gc,heap,exit] Heap
[2024-03-07T15:48:22.819+0900][gc,heap,exit]  garbage-first heap   total 1048576K, used 336545K [0x00000007c0000000, 0x0000000800000000)
[2024-03-07T15:48:22.819+0900][gc,heap,exit]   region size 1024K, 64 young (65536K), 4 survivors (4096K)
[2024-03-07T15:48:22.819+0900][gc,heap,exit]  Metaspace       used 43762K, committed 44416K, reserved 1114112K
[2024-03-07T15:48:22.819+0900][gc,heap,exit]   class space    used 5305K, committed 5568K, reserved 1048576K
