[2024-03-05T14:03:31.936+0900][gc] Using G1
[2024-03-05T14:03:31.937+0900][gc,init] Version: 17.0.8+7-LTS (release)
[2024-03-05T14:03:31.937+0900][gc,init] CPUs: 8 total, 8 available
[2024-03-05T14:03:31.937+0900][gc,init] Memory: 8192M
[2024-03-05T14:03:31.937+0900][gc,init] Large Page Support: Disabled
[2024-03-05T14:03:31.937+0900][gc,init] NUMA Support: Disabled
[2024-03-05T14:03:31.937+0900][gc,init] Compressed Oops: Enabled (Zero based)
[2024-03-05T14:03:31.937+0900][gc,init] Heap Region Size: 1M
[2024-03-05T14:03:31.937+0900][gc,init] Heap Min Capacity: 512M
[2024-03-05T14:03:31.937+0900][gc,init] Heap Initial Capacity: 512M
[2024-03-05T14:03:31.937+0900][gc,init] Heap Max Capacity: 512M
[2024-03-05T14:03:31.937+0900][gc,init] Pre-touch: Disabled
[2024-03-05T14:03:31.937+0900][gc,init] Parallel Workers: 8
[2024-03-05T14:03:31.937+0900][gc,init] Concurrent Workers: 2
[2024-03-05T14:03:31.937+0900][gc,init] Concurrent Refinement Workers: 8
[2024-03-05T14:03:31.937+0900][gc,init] Periodic GC: Disabled
[2024-03-05T14:03:31.940+0900][gc,metaspace] CDS archive(s) mapped at: [0x0000009800000000-0x0000009800be0000-0x0000009800be0000), size 12451840, SharedBaseAddress: 0x0000009800000000, ArchiveRelocationMode: 1.
[2024-03-05T14:03:31.940+0900][gc,metaspace] Compressed class space mapped at: 0x0000009801000000-0x0000009841000000, reserved size: 1073741824
[2024-03-05T14:03:31.940+0900][gc,metaspace] Narrow klass base: 0x0000009800000000, Narrow klass shift: 0, Narrow klass range: 0x100000000
[2024-03-05T14:03:40.296+0900][gc,start    ] GC(0) Pause Young (Normal) (G1 Evacuation Pause)
[2024-03-05T14:03:40.296+0900][gc,task     ] GC(0) Using 8 workers of 8 for evacuation
[2024-03-05T14:03:40.299+0900][gc,phases   ] GC(0)   Pre Evacuate Collection Set: 0.1ms
[2024-03-05T14:03:40.299+0900][gc,phases   ] GC(0)   Merge Heap Roots: 0.0ms
[2024-03-05T14:03:40.299+0900][gc,phases   ] GC(0)   Evacuate Collection Set: 2.5ms
[2024-03-05T14:03:40.299+0900][gc,phases   ] GC(0)   Post Evacuate Collection Set: 0.3ms
[2024-03-05T14:03:40.299+0900][gc,phases   ] GC(0)   Other: 0.2ms
[2024-03-05T14:03:40.299+0900][gc,heap     ] GC(0) Eden regions: 25->0(21)
[2024-03-05T14:03:40.299+0900][gc,heap     ] GC(0) Survivor regions: 0->4(4)
[2024-03-05T14:03:40.299+0900][gc,heap     ] GC(0) Old regions: 0->4
[2024-03-05T14:03:40.299+0900][gc,heap     ] GC(0) Archive regions: 2->2
[2024-03-05T14:03:40.299+0900][gc,heap     ] GC(0) Humongous regions: 0->0
[2024-03-05T14:03:40.299+0900][gc,metaspace] GC(0) Metaspace: 7874K(8128K)->7874K(8128K) NonClass: 6971K(7104K)->6971K(7104K) Class: 903K(1024K)->903K(1024K)
[2024-03-05T14:03:40.299+0900][gc          ] GC(0) Pause Young (Normal) (G1 Evacuation Pause) 25M->8M(512M) 3.384ms
[2024-03-05T14:03:40.299+0900][gc,cpu      ] GC(0) User=0.01s Sys=0.00s Real=0.00s
[2024-03-05T15:32:38.073+0900][gc,heap,exit] Heap
[2024-03-05T15:32:38.073+0900][gc,heap,exit]  garbage-first heap   total 524288K, used 22360K [0x00000007e0000000, 0x0000000800000000)
[2024-03-05T15:32:38.073+0900][gc,heap,exit]   region size 1024K, 18 young (18432K), 4 survivors (4096K)
[2024-03-05T15:32:38.073+0900][gc,heap,exit]  Metaspace       used 8687K, committed 8832K, reserved 1114112K
[2024-03-05T15:32:38.073+0900][gc,heap,exit]   class space    used 928K, committed 1024K, reserved 1048576K
